{
  "Entries": [
    {
      "RequestUri": "/cca24ec8-99b5-4aa7-9ff6-486e886f304c/services/storageservices",
      "EncodedRequestUri": "L2NjYTI0ZWM4LTk5YjUtNGFhNy05ZmY2LTQ4NmU4ODZmMzA0Yy9zZXJ2aWNlcy9zdG9yYWdlc2VydmljZXM=",
      "RequestMethod": "POST",
      "RequestBody": "<CreateStorageServiceInput xmlns=\"http://schemas.microsoft.com/windowsazure\">\r\n  <ServiceName>auditcmdlets110</ServiceName>\r\n  <Description p2:nil=\"true\" xmlns:p2=\"http://www.w3.org/2001/XMLSchema-instance\" />\r\n  <Label>YXVkaXRjbWRsZXRzMTEw</Label>\r\n  <Location>West US</Location>\r\n  <AccountType>Standard_GRS</AccountType>\r\n</CreateStorageServiceInput>",
      "RequestHeaders": {
        "x-ms-version": [
          "2014-06-01"
        ],
        "User-Agent": [
          "Microsoft.WindowsAzure.Management.Storage.StorageManagementClient/2.0.0.0"
        ],
        "client-tracking-id": [
          "57"
        ]
      },
      "ResponseBody": "",
      "ResponseHeaders": {
        "x-ms-servedbyregion": [
          "ussouth2"
        ],
        "x-ms-request-id": [
          "50745034e8b41b71ab6f8075947ab8c6"
        ],
        "Cache-Control": [
          "no-cache"
        ],
        "Date": [
          "Wed, 17 Sep 2014 09:27:51 GMT"
        ],
        "Location": [
          "https://management.core.windows.net/subscriptions/cca24ec8-99b5-4aa7-9ff6-486e886f304c/storage/auditcmdlets110"
        ],
        "Server": [
          "1.0.6198.125",
          "(rd_rdfe_stable.140911-0949)",
          "Microsoft-HTTPAPI/2.0"
        ]
      },
      "StatusCode": 202
    },
    {
      "RequestUri": "/cca24ec8-99b5-4aa7-9ff6-486e886f304c/operations/50745034e8b41b71ab6f8075947ab8c6",
      "EncodedRequestUri": "L2NjYTI0ZWM4LTk5YjUtNGFhNy05ZmY2LTQ4NmU4ODZmMzA0Yy9vcGVyYXRpb25zLzUwNzQ1MDM0ZThiNDFiNzFhYjZmODA3NTk0N2FiOGM2",
      "RequestMethod": "GET",
      "RequestBody": "",
      "RequestHeaders": {
        "x-ms-version": [
          "2014-06-01"
        ],
        "User-Agent": [
          "Microsoft.WindowsAzure.Management.Storage.StorageManagementClient/2.0.0.0"
        ],
        "client-tracking-id": [
          "57"
        ]
      },
      "ResponseBody": "<Operation xmlns=\"http://schemas.microsoft.com/windowsazure\" xmlns:i=\"http://www.w3.org/2001/XMLSchema-instance\">\r\n  <ID>50745034-e8b4-1b71-ab6f-8075947ab8c6</ID>\r\n  <Status>InProgress</Status>\r\n</Operation>",
      "ResponseHeaders": {
        "x-ms-servedbyregion": [
          "ussouth2"
        ],
        "x-ms-request-id": [
          "f34c59658bc91712b9fad3521a6ada6e"
        ],
        "Cache-Control": [
          "no-cache"
        ],
        "Date": [
          "Wed, 17 Sep 2014 09:27:51 GMT"
        ],
        "Server": [
          "1.0.6198.125",
          "(rd_rdfe_stable.140911-0949)",
          "Microsoft-HTTPAPI/2.0"
        ]
      },
      "StatusCode": 200
    },
    {
      "RequestUri": "/cca24ec8-99b5-4aa7-9ff6-486e886f304c/operations/50745034e8b41b71ab6f8075947ab8c6",
      "EncodedRequestUri": "L2NjYTI0ZWM4LTk5YjUtNGFhNy05ZmY2LTQ4NmU4ODZmMzA0Yy9vcGVyYXRpb25zLzUwNzQ1MDM0ZThiNDFiNzFhYjZmODA3NTk0N2FiOGM2",
      "RequestMethod": "GET",
      "RequestBody": "",
      "RequestHeaders": {
        "x-ms-version": [
          "2014-06-01"
        ],
        "User-Agent": [
          "Microsoft.WindowsAzure.Management.Storage.StorageManagementClient/2.0.0.0"
        ],
        "client-tracking-id": [
          "57"
        ]
      },
      "ResponseBody": "<Operation xmlns=\"http://schemas.microsoft.com/windowsazure\" xmlns:i=\"http://www.w3.org/2001/XMLSchema-instance\">\r\n  <ID>50745034-e8b4-1b71-ab6f-8075947ab8c6</ID>\r\n  <Status>Succeeded</Status>\r\n  <HttpStatusCode>200</HttpStatusCode>\r\n</Operation>",
      "ResponseHeaders": {
        "x-ms-servedbyregion": [
          "ussouth2"
        ],
        "x-ms-request-id": [
          "348507d7459518379827de118e87f7e0"
        ],
        "Cache-Control": [
          "no-cache"
        ],
        "Date": [
          "Wed, 17 Sep 2014 09:28:21 GMT"
        ],
        "Server": [
          "1.0.6198.125",
          "(rd_rdfe_stable.140911-0949)",
          "Microsoft-HTTPAPI/2.0"
        ]
      },
      "StatusCode": 200
    },
    {
      "RequestUri": "/subscriptions/cca24ec8-99b5-4aa7-9ff6-486e886f304c/resourcegroups/sql-audit-cmdlet-test-rg110?api-version=2014-04-01-preview",
      "EncodedRequestUri": "L3N1YnNjcmlwdGlvbnMvY2NhMjRlYzgtOTliNS00YWE3LTlmZjYtNDg2ZTg4NmYzMDRjL3Jlc291cmNlZ3JvdXBzL3NxbC1hdWRpdC1jbWRsZXQtdGVzdC1yZzExMD9hcGktdmVyc2lvbj0yMDE0LTA0LTAxLXByZXZpZXc=",
      "RequestMethod": "HEAD",
      "RequestBody": "",
      "RequestHeaders": {
        "User-Agent": [
          "Microsoft.Azure.Management.Resources.ResourceManagementClient/2.0.0.0"
        ]
      },
      "ResponseBody": "",
      "ResponseHeaders": {
        "Pragma": [
          "no-cache"
        ],
        "x-ms-ratelimit-remaining-subscription-reads": [
          "31872"
        ],
        "x-ms-request-id": [
          "c989b877-aac6-44f9-ae56-6e700e5082cf"
        ],
        "x-ms-correlation-request-id": [
          "c989b877-aac6-44f9-ae56-6e700e5082cf"
        ],
        "x-ms-routing-request-id": [
          "WESTEUROPE:20140917T092826Z:c989b877-aac6-44f9-ae56-6e700e5082cf"
        ],
        "Strict-Transport-Security": [
          "max-age=31536000; includeSubDomains"
        ],
        "Cache-Control": [
          "no-cache"
        ],
        "Date": [
          "Wed, 17 Sep 2014 09:28:25 GMT"
        ]
      },
      "StatusCode": 404
    },
    {
      "RequestUri": "/subscriptions/cca24ec8-99b5-4aa7-9ff6-486e886f304c/resourcegroups/sql-audit-cmdlet-test-rg110?api-version=2014-04-01-preview",
      "EncodedRequestUri": "L3N1YnNjcmlwdGlvbnMvY2NhMjRlYzgtOTliNS00YWE3LTlmZjYtNDg2ZTg4NmYzMDRjL3Jlc291cmNlZ3JvdXBzL3NxbC1hdWRpdC1jbWRsZXQtdGVzdC1yZzExMD9hcGktdmVyc2lvbj0yMDE0LTA0LTAxLXByZXZpZXc=",
      "RequestMethod": "PUT",
      "RequestBody": "{\r\n  \"location\": \"West US\",\r\n  \"tags\": {}\r\n}",
      "RequestHeaders": {
        "User-Agent": [
          "Microsoft.Azure.Management.Resources.ResourceManagementClient/2.0.0.0"
        ]
      },
      "ResponseBody": "{\r\n  \"id\": \"/subscriptions/cca24ec8-99b5-4aa7-9ff6-486e886f304c/resourceGroups/sql-audit-cmdlet-test-rg110\",\r\n  \"name\": \"sql-audit-cmdlet-test-rg110\",\r\n  \"location\": \"westus\",\r\n  \"tags\": {},\r\n  \"properties\": {\r\n    \"provisioningState\": \"Succeeded\"\r\n  }\r\n}",
      "ResponseHeaders": {
        "Pragma": [
          "no-cache"
        ],
        "x-ms-ratelimit-remaining-subscription-writes": [
          "1183"
        ],
        "x-ms-request-id": [
          "6dbad5cf-3a95-41e8-8b1f-1112e20b3285"
        ],
        "x-ms-correlation-request-id": [
          "6dbad5cf-3a95-41e8-8b1f-1112e20b3285"
        ],
        "x-ms-routing-request-id": [
          "WESTEUROPE:20140917T092828Z:6dbad5cf-3a95-41e8-8b1f-1112e20b3285"
        ],
        "Strict-Transport-Security": [
          "max-age=31536000; includeSubDomains"
        ],
        "Cache-Control": [
          "no-cache"
        ],
        "Date": [
          "Wed, 17 Sep 2014 09:28:27 GMT"
        ]
      },
      "StatusCode": 201
    },
    {
      "RequestUri": "/subscriptions/cca24ec8-99b5-4aa7-9ff6-486e886f304c/resourcegroups/sql-audit-cmdlet-test-rg110/deployments/sql-audit-test-env-setup/validate?&api-version=2014-04-01-preview",
      "EncodedRequestUri": "L3N1YnNjcmlwdGlvbnMvY2NhMjRlYzgtOTliNS00YWE3LTlmZjYtNDg2ZTg4NmYzMDRjL3Jlc291cmNlZ3JvdXBzL3NxbC1hdWRpdC1jbWRsZXQtdGVzdC1yZzExMC9kZXBsb3ltZW50cy9zcWwtYXVkaXQtdGVzdC1lbnYtc2V0dXAvdmFsaWRhdGU/JmFwaS12ZXJzaW9uPTIwMTQtMDQtMDEtcHJldmlldw==",
      "RequestMethod": "POST",
      "RequestBody": "{\r\n  \"properties\": {\r\n    \"template\": {\r\n      \"$schema\": \"http://schemas.management.azure.com/deploymentTemplate?api-version=2014-04-01-preview\",\r\n      \"contentVersion\": \"1.0.0.0\",\r\n      \"parameters\": {\r\n        \"administratorLogin\": {\r\n          \"type\": \"string\",\r\n          \"defaultValue\": \"testlogin\"\r\n        },\r\n        \"administratorLoginPassword\": {\r\n          \"type\": \"securestring\",\r\n          \"defaultValue\": \"testp@ssMakingIt1007Longer\"\r\n        },\r\n        \"collation\": {\r\n          \"type\": \"string\",\r\n          \"defaultValue\": \"SQL_Latin1_General_CP1_CI_AS\"\r\n        },\r\n        \"databaseName\": {\r\n          \"type\": \"string\"\r\n        },\r\n        \"edition\": {\r\n          \"type\": \"string\",\r\n          \"defaultValue\": \"Basic\"\r\n        },\r\n        \"configuredServiceLevelObjectiveId\": {\r\n          \"type\": \"string\",\r\n          \"defaultValue\": \"910b4fcb-8a29-4c3e-958f-f7ba794388b2\"\r\n        },\r\n        \"EnvLocation\": {\r\n          \"type\": \"string\"\r\n        },\r\n        \"serverName\": {\r\n          \"type\": \"string\"\r\n        }\r\n      },\r\n      \"resources\": [\r\n        {\r\n          \"apiVersion\": \"2.0\",\r\n          \"location\": \"[parameters('EnvLocation')]\",\r\n          \"name\": \"[parameters('serverName')]\",\r\n          \"properties\": {\r\n            \"administratorLogin\": \"[parameters('administratorLogin')]\",\r\n            \"administratorLoginPassword\": \"[parameters('administratorLoginPassword')]\"\r\n          },\r\n          \"resources\": [\r\n            {\r\n              \"apiVersion\": \"2.0\",\r\n              \"dependsOn\": [\r\n                \"[concat('Microsoft.Sql/servers/', parameters('serverName'))]\"\r\n              ],\r\n              \"location\": \"[parameters('EnvLocation')]\",\r\n              \"name\": \"[parameters('databaseName')]\",\r\n              \"properties\": {\r\n                \"collation\": \"[parameters('collation')]\",\r\n                \"edition\": \"[parameters('edition')]\",\r\n                \"maxSizeBytes\": \"1073741824\"\r\n              },\r\n              \"type\": \"databases\"\r\n            }\r\n          ],\r\n          \"type\": \"Microsoft.Sql/servers\"\r\n        }\r\n      ]\r\n    },\r\n    \"parameters\": {\r\n      \"databaseName\": {\r\n        \"value\": \"sql-audit-cmdlet-db110\"\r\n      },\r\n      \"serverName\": {\r\n        \"value\": \"sql-audit-cmdlet-server110\"\r\n      },\r\n      \"EnvLocation\": {\r\n        \"value\": \"West US\"\r\n      }\r\n    },\r\n    \"mode\": \"Incremental\"\r\n  }\r\n}",
      "RequestHeaders": {
        "User-Agent": [
          "Microsoft.Azure.Management.Resources.ResourceManagementClient/2.0.0.0"
        ]
      },
      "ResponseBody": "{\r\n  \"id\": \"/subscriptions/cca24ec8-99b5-4aa7-9ff6-486e886f304c/resourceGroups/sql-audit-cmdlet-test-rg110/deployments/sql-audit-test-env-setup\",\r\n  \"name\": \"sql-audit-test-env-setup\",\r\n  \"properties\": {\r\n    \"parameters\": {\r\n      \"administratorLogin\": {\r\n        \"type\": \"String\",\r\n        \"value\": \"testlogin\"\r\n      },\r\n      \"administratorLoginPassword\": {\r\n        \"type\": \"SecureString\"\r\n      },\r\n      \"collation\": {\r\n        \"type\": \"String\",\r\n        \"value\": \"SQL_Latin1_General_CP1_CI_AS\"\r\n      },\r\n      \"databaseName\": {\r\n        \"type\": \"String\",\r\n        \"value\": \"sql-audit-cmdlet-db110\"\r\n      },\r\n      \"edition\": {\r\n        \"type\": \"String\",\r\n        \"value\": \"Basic\"\r\n      },\r\n      \"configuredServiceLevelObjectiveId\": {\r\n        \"type\": \"String\",\r\n        \"value\": \"910b4fcb-8a29-4c3e-958f-f7ba794388b2\"\r\n      },\r\n      \"envLocation\": {\r\n        \"type\": \"String\",\r\n        \"value\": \"West US\"\r\n      },\r\n      \"serverName\": {\r\n        \"type\": \"String\",\r\n        \"value\": \"sql-audit-cmdlet-server110\"\r\n      }\r\n    },\r\n    \"mode\": \"Incremental\",\r\n    \"provisioningState\": \"Accepted\",\r\n    \"timestamp\": \"2014-09-17T09:28:30.0151067Z\",\r\n    \"correlationId\": \"3753bac7-afec-44af-bca4-64a7c4c30f00\",\r\n    \"providers\": [\r\n      {\r\n        \"namespace\": \"Microsoft.Sql\",\r\n        \"resourceTypes\": [\r\n          {\r\n            \"resourceType\": \"servers\",\r\n            \"locations\": [\r\n              \"westus\"\r\n            ]\r\n          },\r\n          {\r\n            \"resourceType\": \"servers/databases\",\r\n            \"locations\": [\r\n              \"westus\"\r\n            ]\r\n          }\r\n        ]\r\n      }\r\n    ],\r\n    \"dependencies\": [\r\n      {\r\n        \"dependsOn\": [\r\n          {\r\n            \"id\": \"/subscriptions/cca24ec8-99b5-4aa7-9ff6-486e886f304c/resourceGroups/sql-audit-cmdlet-test-rg110/providers/Microsoft.Sql/servers/sql-audit-cmdlet-server110\",\r\n            \"resourceType\": \"Microsoft.Sql/servers\",\r\n            \"resourceName\": \"sql-audit-cmdlet-server110\"\r\n          }\r\n        ],\r\n        \"id\": \"/subscriptions/cca24ec8-99b5-4aa7-9ff6-486e886f304c/resourceGroups/sql-audit-cmdlet-test-rg110/providers/Microsoft.Sql/servers/sql-audit-cmdlet-server110/databases/sql-audit-cmdlet-db110\",\r\n        \"resourceType\": \"Microsoft.Sql/servers/databases\",\r\n        \"resourceName\": \"sql-audit-cmdlet-server110/sql-audit-cmdlet-db110\"\r\n      }\r\n    ]\r\n  }\r\n}",
      "ResponseHeaders": {
        "Pragma": [
          "no-cache"
        ],
        "x-ms-ratelimit-remaining-subscription-writes": [
          "1182"
        ],
        "x-ms-request-id": [
          "3753bac7-afec-44af-bca4-64a7c4c30f00"
        ],
        "x-ms-correlation-request-id": [
          "3753bac7-afec-44af-bca4-64a7c4c30f00"
        ],
        "x-ms-routing-request-id": [
          "WESTEUROPE:20140917T092830Z:3753bac7-afec-44af-bca4-64a7c4c30f00"
        ],
        "Strict-Transport-Security": [
          "max-age=31536000; includeSubDomains"
        ],
        "Cache-Control": [
          "no-cache"
        ],
        "Date": [
          "Wed, 17 Sep 2014 09:28:29 GMT"
        ]
      },
      "StatusCode": 200
    },
    {
      "RequestUri": "/subscriptions/cca24ec8-99b5-4aa7-9ff6-486e886f304c/resourcegroups/sql-audit-cmdlet-test-rg110/deployments/sql-audit-test-env-setup?api-version=2014-04-01-preview",
      "EncodedRequestUri": "L3N1YnNjcmlwdGlvbnMvY2NhMjRlYzgtOTliNS00YWE3LTlmZjYtNDg2ZTg4NmYzMDRjL3Jlc291cmNlZ3JvdXBzL3NxbC1hdWRpdC1jbWRsZXQtdGVzdC1yZzExMC9kZXBsb3ltZW50cy9zcWwtYXVkaXQtdGVzdC1lbnYtc2V0dXA/YXBpLXZlcnNpb249MjAxNC0wNC0wMS1wcmV2aWV3",
      "RequestMethod": "PUT",
      "RequestBody": "{\r\n  \"properties\": {\r\n    \"template\": {\r\n      \"$schema\": \"http://schemas.management.azure.com/deploymentTemplate?api-version=2014-04-01-preview\",\r\n      \"contentVersion\": \"1.0.0.0\",\r\n      \"parameters\": {\r\n        \"administratorLogin\": {\r\n          \"type\": \"string\",\r\n          \"defaultValue\": \"testlogin\"\r\n        },\r\n        \"administratorLoginPassword\": {\r\n          \"type\": \"securestring\",\r\n          \"defaultValue\": \"testp@ssMakingIt1007Longer\"\r\n        },\r\n        \"collation\": {\r\n          \"type\": \"string\",\r\n          \"defaultValue\": \"SQL_Latin1_General_CP1_CI_AS\"\r\n        },\r\n        \"databaseName\": {\r\n          \"type\": \"string\"\r\n        },\r\n        \"edition\": {\r\n          \"type\": \"string\",\r\n          \"defaultValue\": \"Basic\"\r\n        },\r\n        \"configuredServiceLevelObjectiveId\": {\r\n          \"type\": \"string\",\r\n          \"defaultValue\": \"910b4fcb-8a29-4c3e-958f-f7ba794388b2\"\r\n        },\r\n        \"EnvLocation\": {\r\n          \"type\": \"string\"\r\n        },\r\n        \"serverName\": {\r\n          \"type\": \"string\"\r\n        }\r\n      },\r\n      \"resources\": [\r\n        {\r\n          \"apiVersion\": \"2.0\",\r\n          \"location\": \"[parameters('EnvLocation')]\",\r\n          \"name\": \"[parameters('serverName')]\",\r\n          \"properties\": {\r\n            \"administratorLogin\": \"[parameters('administratorLogin')]\",\r\n            \"administratorLoginPassword\": \"[parameters('administratorLoginPassword')]\"\r\n          },\r\n          \"resources\": [\r\n            {\r\n              \"apiVersion\": \"2.0\",\r\n              \"dependsOn\": [\r\n                \"[concat('Microsoft.Sql/servers/', parameters('serverName'))]\"\r\n              ],\r\n              \"location\": \"[parameters('EnvLocation')]\",\r\n              \"name\": \"[parameters('databaseName')]\",\r\n              \"properties\": {\r\n                \"collation\": \"[parameters('collation')]\",\r\n                \"edition\": \"[parameters('edition')]\",\r\n                \"maxSizeBytes\": \"1073741824\"\r\n              },\r\n              \"type\": \"databases\"\r\n            }\r\n          ],\r\n          \"type\": \"Microsoft.Sql/servers\"\r\n        }\r\n      ]\r\n    },\r\n    \"parameters\": {\r\n      \"databaseName\": {\r\n        \"value\": \"sql-audit-cmdlet-db110\"\r\n      },\r\n      \"serverName\": {\r\n        \"value\": \"sql-audit-cmdlet-server110\"\r\n      },\r\n      \"EnvLocation\": {\r\n        \"value\": \"West US\"\r\n      }\r\n    },\r\n    \"mode\": \"Incremental\"\r\n  }\r\n}",
      "RequestHeaders": {
        "User-Agent": [
          "Microsoft.Azure.Management.Resources.ResourceManagementClient/2.0.0.0"
        ]
      },
      "ResponseBody": "{\r\n  \"id\": \"/subscriptions/cca24ec8-99b5-4aa7-9ff6-486e886f304c/resourceGroups/sql-audit-cmdlet-test-rg110/deployments/sql-audit-test-env-setup\",\r\n  \"name\": \"sql-audit-test-env-setup\",\r\n  \"properties\": {\r\n    \"parameters\": {\r\n      \"administratorLogin\": {\r\n        \"type\": \"String\",\r\n        \"value\": \"testlogin\"\r\n      },\r\n      \"administratorLoginPassword\": {\r\n        \"type\": \"SecureString\"\r\n      },\r\n      \"collation\": {\r\n        \"type\": \"String\",\r\n        \"value\": \"SQL_Latin1_General_CP1_CI_AS\"\r\n      },\r\n      \"databaseName\": {\r\n        \"type\": \"String\",\r\n        \"value\": \"sql-audit-cmdlet-db110\"\r\n      },\r\n      \"edition\": {\r\n        \"type\": \"String\",\r\n        \"value\": \"Basic\"\r\n      },\r\n      \"configuredServiceLevelObjectiveId\": {\r\n        \"type\": \"String\",\r\n        \"value\": \"910b4fcb-8a29-4c3e-958f-f7ba794388b2\"\r\n      },\r\n      \"envLocation\": {\r\n        \"type\": \"String\",\r\n        \"value\": \"West US\"\r\n      },\r\n      \"serverName\": {\r\n        \"type\": \"String\",\r\n        \"value\": \"sql-audit-cmdlet-server110\"\r\n      }\r\n    },\r\n    \"mode\": \"Incremental\",\r\n    \"provisioningState\": \"Accepted\",\r\n    \"timestamp\": \"2014-09-17T09:28:32.2406981Z\",\r\n    \"correlationId\": \"61c688bc-f1f9-45c9-bd98-1160dccf0c94\",\r\n    \"providers\": [\r\n      {\r\n        \"namespace\": \"Microsoft.Sql\",\r\n        \"resourceTypes\": [\r\n          {\r\n            \"resourceType\": \"servers\",\r\n            \"locations\": [\r\n              \"westus\"\r\n            ]\r\n          },\r\n          {\r\n            \"resourceType\": \"servers/databases\",\r\n            \"locations\": [\r\n              \"westus\"\r\n            ]\r\n          }\r\n        ]\r\n      }\r\n    ],\r\n    \"dependencies\": [\r\n      {\r\n        \"dependsOn\": [\r\n          {\r\n            \"id\": \"/subscriptions/cca24ec8-99b5-4aa7-9ff6-486e886f304c/resourceGroups/sql-audit-cmdlet-test-rg110/providers/Microsoft.Sql/servers/sql-audit-cmdlet-server110\",\r\n            \"resourceType\": \"Microsoft.Sql/servers\",\r\n            \"resourceName\": \"sql-audit-cmdlet-server110\"\r\n          }\r\n        ],\r\n        \"id\": \"/subscriptions/cca24ec8-99b5-4aa7-9ff6-486e886f304c/resourceGroups/sql-audit-cmdlet-test-rg110/providers/Microsoft.Sql/servers/sql-audit-cmdlet-server110/databases/sql-audit-cmdlet-db110\",\r\n        \"resourceType\": \"Microsoft.Sql/servers/databases\",\r\n        \"resourceName\": \"sql-audit-cmdlet-server110/sql-audit-cmdlet-db110\"\r\n      }\r\n    ]\r\n  }\r\n}",
      "ResponseHeaders": {
        "Pragma": [
          "no-cache"
        ],
        "x-ms-ratelimit-remaining-subscription-writes": [
          "1181"
        ],
        "x-ms-request-id": [
          "61c688bc-f1f9-45c9-bd98-1160dccf0c94"
        ],
        "x-ms-correlation-request-id": [
          "61c688bc-f1f9-45c9-bd98-1160dccf0c94"
        ],
        "x-ms-routing-request-id": [
          "WESTEUROPE:20140917T092832Z:61c688bc-f1f9-45c9-bd98-1160dccf0c94"
        ],
        "Strict-Transport-Security": [
          "max-age=31536000; includeSubDomains"
        ],
        "Cache-Control": [
          "no-cache"
        ],
        "Date": [
          "Wed, 17 Sep 2014 09:28:31 GMT"
        ]
      },
      "StatusCode": 201
    },
    {
      "RequestUri": "/subscriptions/cca24ec8-99b5-4aa7-9ff6-486e886f304c/resourcegroups/sql-audit-cmdlet-test-rg110/deployments/sql-audit-test-env-setup/operations?&api-version=2014-04-01-preview",
      "EncodedRequestUri": "L3N1YnNjcmlwdGlvbnMvY2NhMjRlYzgtOTliNS00YWE3LTlmZjYtNDg2ZTg4NmYzMDRjL3Jlc291cmNlZ3JvdXBzL3NxbC1hdWRpdC1jbWRsZXQtdGVzdC1yZzExMC9kZXBsb3ltZW50cy9zcWwtYXVkaXQtdGVzdC1lbnYtc2V0dXAvb3BlcmF0aW9ucz8mYXBpLXZlcnNpb249MjAxNC0wNC0wMS1wcmV2aWV3",
      "RequestMethod": "GET",
      "RequestBody": "",
      "RequestHeaders": {
        "User-Agent": [
          "Microsoft.Azure.Management.Resources.ResourceManagementClient/2.0.0.0"
        ]
      },
      "ResponseBody": "{\r\n  \"value\": []\r\n}",
      "ResponseHeaders": {
        "Pragma": [
          "no-cache"
        ],
        "x-ms-ratelimit-remaining-subscription-reads": [
          "31871"
        ],
        "x-ms-request-id": [
          "a4be4cb9-67c1-4f58-be53-920ebd2429e7"
        ],
        "x-ms-correlation-request-id": [
          "a4be4cb9-67c1-4f58-be53-920ebd2429e7"
        ],
        "x-ms-routing-request-id": [
          "WESTEUROPE:20140917T092833Z:a4be4cb9-67c1-4f58-be53-920ebd2429e7"
        ],
        "Strict-Transport-Security": [
          "max-age=31536000; includeSubDomains"
        ],
        "Cache-Control": [
          "no-cache"
        ],
        "Date": [
          "Wed, 17 Sep 2014 09:28:32 GMT"
        ]
      },
      "StatusCode": 200
    },
    {
      "RequestUri": "/subscriptions/cca24ec8-99b5-4aa7-9ff6-486e886f304c/resourcegroups/sql-audit-cmdlet-test-rg110/deployments/sql-audit-test-env-setup/operations?&api-version=2014-04-01-preview",
      "EncodedRequestUri": "L3N1YnNjcmlwdGlvbnMvY2NhMjRlYzgtOTliNS00YWE3LTlmZjYtNDg2ZTg4NmYzMDRjL3Jlc291cmNlZ3JvdXBzL3NxbC1hdWRpdC1jbWRsZXQtdGVzdC1yZzExMC9kZXBsb3ltZW50cy9zcWwtYXVkaXQtdGVzdC1lbnYtc2V0dXAvb3BlcmF0aW9ucz8mYXBpLXZlcnNpb249MjAxNC0wNC0wMS1wcmV2aWV3",
      "RequestMethod": "GET",
      "RequestBody": "",
      "RequestHeaders": {
        "User-Agent": [
          "Microsoft.Azure.Management.Resources.ResourceManagementClient/2.0.0.0"
        ]
      },
      "ResponseBody": "{\r\n  \"value\": []\r\n}",
      "ResponseHeaders": {
        "Pragma": [
          "no-cache"
        ],
        "x-ms-ratelimit-remaining-subscription-reads": [
          "31869"
        ],
        "x-ms-request-id": [
          "4efb3443-6148-46e8-a1e8-4d29862b405f"
        ],
        "x-ms-correlation-request-id": [
          "4efb3443-6148-46e8-a1e8-4d29862b405f"
        ],
        "x-ms-routing-request-id": [
          "WESTEUROPE:20140917T092837Z:4efb3443-6148-46e8-a1e8-4d29862b405f"
        ],
        "Strict-Transport-Security": [
          "max-age=31536000; includeSubDomains"
        ],
        "Cache-Control": [
          "no-cache"
        ],
        "Date": [
          "Wed, 17 Sep 2014 09:28:37 GMT"
        ]
      },
      "StatusCode": 200
    },
    {
      "RequestUri": "/subscriptions/cca24ec8-99b5-4aa7-9ff6-486e886f304c/resourcegroups/sql-audit-cmdlet-test-rg110/deployments/sql-audit-test-env-setup/operations?&api-version=2014-04-01-preview",
      "EncodedRequestUri": "L3N1YnNjcmlwdGlvbnMvY2NhMjRlYzgtOTliNS00YWE3LTlmZjYtNDg2ZTg4NmYzMDRjL3Jlc291cmNlZ3JvdXBzL3NxbC1hdWRpdC1jbWRsZXQtdGVzdC1yZzExMC9kZXBsb3ltZW50cy9zcWwtYXVkaXQtdGVzdC1lbnYtc2V0dXAvb3BlcmF0aW9ucz8mYXBpLXZlcnNpb249MjAxNC0wNC0wMS1wcmV2aWV3",
      "RequestMethod": "GET",
      "RequestBody": "",
      "RequestHeaders": {
        "User-Agent": [
          "Microsoft.Azure.Management.Resources.ResourceManagementClient/2.0.0.0"
        ]
      },
      "ResponseBody": "{\r\n  \"value\": []\r\n}",
      "ResponseHeaders": {
        "Pragma": [
          "no-cache"
        ],
        "x-ms-ratelimit-remaining-subscription-reads": [
          "31867"
        ],
        "x-ms-request-id": [
          "b068b697-1d27-4d14-8124-1614ad1184ea"
        ],
        "x-ms-correlation-request-id": [
          "b068b697-1d27-4d14-8124-1614ad1184ea"
        ],
        "x-ms-routing-request-id": [
          "WESTEUROPE:20140917T092841Z:b068b697-1d27-4d14-8124-1614ad1184ea"
        ],
        "Strict-Transport-Security": [
          "max-age=31536000; includeSubDomains"
        ],
        "Cache-Control": [
          "no-cache"
        ],
        "Date": [
          "Wed, 17 Sep 2014 09:28:41 GMT"
        ]
      },
      "StatusCode": 200
    },
    {
      "RequestUri": "/subscriptions/cca24ec8-99b5-4aa7-9ff6-486e886f304c/resourcegroups/sql-audit-cmdlet-test-rg110/deployments/sql-audit-test-env-setup/operations?&api-version=2014-04-01-preview",
      "EncodedRequestUri": "L3N1YnNjcmlwdGlvbnMvY2NhMjRlYzgtOTliNS00YWE3LTlmZjYtNDg2ZTg4NmYzMDRjL3Jlc291cmNlZ3JvdXBzL3NxbC1hdWRpdC1jbWRsZXQtdGVzdC1yZzExMC9kZXBsb3ltZW50cy9zcWwtYXVkaXQtdGVzdC1lbnYtc2V0dXAvb3BlcmF0aW9ucz8mYXBpLXZlcnNpb249MjAxNC0wNC0wMS1wcmV2aWV3",
      "RequestMethod": "GET",
      "RequestBody": "",
      "RequestHeaders": {
        "User-Agent": [
          "Microsoft.Azure.Management.Resources.ResourceManagementClient/2.0.0.0"
        ]
      },
      "ResponseBody": "{\r\n  \"value\": []\r\n}",
      "ResponseHeaders": {
        "Pragma": [
          "no-cache"
        ],
        "x-ms-ratelimit-remaining-subscription-reads": [
          "31865"
        ],
        "x-ms-request-id": [
          "f1ae2ff8-ad60-4932-9964-950834754463"
        ],
        "x-ms-correlation-request-id": [
          "f1ae2ff8-ad60-4932-9964-950834754463"
        ],
        "x-ms-routing-request-id": [
          "WESTEUROPE:20140917T092845Z:f1ae2ff8-ad60-4932-9964-950834754463"
        ],
        "Strict-Transport-Security": [
          "max-age=31536000; includeSubDomains"
        ],
        "Cache-Control": [
          "no-cache"
        ],
        "Date": [
          "Wed, 17 Sep 2014 09:28:45 GMT"
        ]
      },
      "StatusCode": 200
    },
    {
      "RequestUri": "/subscriptions/cca24ec8-99b5-4aa7-9ff6-486e886f304c/resourcegroups/sql-audit-cmdlet-test-rg110/deployments/sql-audit-test-env-setup/operations?&api-version=2014-04-01-preview",
      "EncodedRequestUri": "L3N1YnNjcmlwdGlvbnMvY2NhMjRlYzgtOTliNS00YWE3LTlmZjYtNDg2ZTg4NmYzMDRjL3Jlc291cmNlZ3JvdXBzL3NxbC1hdWRpdC1jbWRsZXQtdGVzdC1yZzExMC9kZXBsb3ltZW50cy9zcWwtYXVkaXQtdGVzdC1lbnYtc2V0dXAvb3BlcmF0aW9ucz8mYXBpLXZlcnNpb249MjAxNC0wNC0wMS1wcmV2aWV3",
      "RequestMethod": "GET",
      "RequestBody": "",
      "RequestHeaders": {
        "User-Agent": [
          "Microsoft.Azure.Management.Resources.ResourceManagementClient/2.0.0.0"
        ]
      },
      "ResponseBody": "{\r\n  \"value\": []\r\n}",
      "ResponseHeaders": {
        "Pragma": [
          "no-cache"
        ],
        "x-ms-ratelimit-remaining-subscription-reads": [
          "31863"
        ],
        "x-ms-request-id": [
          "6f7f9a95-f778-446c-927e-6d22aef6ff55"
        ],
        "x-ms-correlation-request-id": [
          "6f7f9a95-f778-446c-927e-6d22aef6ff55"
        ],
        "x-ms-routing-request-id": [
          "WESTEUROPE:20140917T092849Z:6f7f9a95-f778-446c-927e-6d22aef6ff55"
        ],
        "Strict-Transport-Security": [
          "max-age=31536000; includeSubDomains"
        ],
        "Cache-Control": [
          "no-cache"
        ],
        "Date": [
          "Wed, 17 Sep 2014 09:28:49 GMT"
        ]
      },
      "StatusCode": 200
    },
    {
      "RequestUri": "/subscriptions/cca24ec8-99b5-4aa7-9ff6-486e886f304c/resourcegroups/sql-audit-cmdlet-test-rg110/deployments/sql-audit-test-env-setup/operations?&api-version=2014-04-01-preview",
      "EncodedRequestUri": "L3N1YnNjcmlwdGlvbnMvY2NhMjRlYzgtOTliNS00YWE3LTlmZjYtNDg2ZTg4NmYzMDRjL3Jlc291cmNlZ3JvdXBzL3NxbC1hdWRpdC1jbWRsZXQtdGVzdC1yZzExMC9kZXBsb3ltZW50cy9zcWwtYXVkaXQtdGVzdC1lbnYtc2V0dXAvb3BlcmF0aW9ucz8mYXBpLXZlcnNpb249MjAxNC0wNC0wMS1wcmV2aWV3",
      "RequestMethod": "GET",
      "RequestBody": "",
      "RequestHeaders": {
        "User-Agent": [
          "Microsoft.Azure.Management.Resources.ResourceManagementClient/2.0.0.0"
        ]
      },
      "ResponseBody": "{\r\n  \"value\": []\r\n}",
      "ResponseHeaders": {
        "Pragma": [
          "no-cache"
        ],
        "x-ms-ratelimit-remaining-subscription-reads": [
          "31861"
        ],
        "x-ms-request-id": [
          "c57bb6c8-9d43-4aab-a3bb-84658b941016"
        ],
        "x-ms-correlation-request-id": [
          "c57bb6c8-9d43-4aab-a3bb-84658b941016"
        ],
        "x-ms-routing-request-id": [
          "WESTEUROPE:20140917T092853Z:c57bb6c8-9d43-4aab-a3bb-84658b941016"
        ],
        "Strict-Transport-Security": [
          "max-age=31536000; includeSubDomains"
        ],
        "Cache-Control": [
          "no-cache"
        ],
        "Date": [
          "Wed, 17 Sep 2014 09:28:53 GMT"
        ]
      },
      "StatusCode": 200
    },
    {
      "RequestUri": "/subscriptions/cca24ec8-99b5-4aa7-9ff6-486e886f304c/resourcegroups/sql-audit-cmdlet-test-rg110/deployments/sql-audit-test-env-setup/operations?&api-version=2014-04-01-preview",
      "EncodedRequestUri": "L3N1YnNjcmlwdGlvbnMvY2NhMjRlYzgtOTliNS00YWE3LTlmZjYtNDg2ZTg4NmYzMDRjL3Jlc291cmNlZ3JvdXBzL3NxbC1hdWRpdC1jbWRsZXQtdGVzdC1yZzExMC9kZXBsb3ltZW50cy9zcWwtYXVkaXQtdGVzdC1lbnYtc2V0dXAvb3BlcmF0aW9ucz8mYXBpLXZlcnNpb249MjAxNC0wNC0wMS1wcmV2aWV3",
      "RequestMethod": "GET",
      "RequestBody": "",
      "RequestHeaders": {
        "User-Agent": [
          "Microsoft.Azure.Management.Resources.ResourceManagementClient/2.0.0.0"
        ]
      },
      "ResponseBody": "{\r\n  \"value\": []\r\n}",
      "ResponseHeaders": {
        "Pragma": [
          "no-cache"
        ],
        "x-ms-ratelimit-remaining-subscription-reads": [
          "31859"
        ],
        "x-ms-request-id": [
          "a0cef150-4399-4a04-9b80-4e580d8c914d"
        ],
        "x-ms-correlation-request-id": [
          "a0cef150-4399-4a04-9b80-4e580d8c914d"
        ],
        "x-ms-routing-request-id": [
          "WESTEUROPE:20140917T092857Z:a0cef150-4399-4a04-9b80-4e580d8c914d"
        ],
        "Strict-Transport-Security": [
          "max-age=31536000; includeSubDomains"
        ],
        "Cache-Control": [
          "no-cache"
        ],
        "Date": [
          "Wed, 17 Sep 2014 09:28:56 GMT"
        ]
      },
      "StatusCode": 200
    },
    {
      "RequestUri": "/subscriptions/cca24ec8-99b5-4aa7-9ff6-486e886f304c/resourcegroups/sql-audit-cmdlet-test-rg110/deployments/sql-audit-test-env-setup/operations?&api-version=2014-04-01-preview",
      "EncodedRequestUri": "L3N1YnNjcmlwdGlvbnMvY2NhMjRlYzgtOTliNS00YWE3LTlmZjYtNDg2ZTg4NmYzMDRjL3Jlc291cmNlZ3JvdXBzL3NxbC1hdWRpdC1jbWRsZXQtdGVzdC1yZzExMC9kZXBsb3ltZW50cy9zcWwtYXVkaXQtdGVzdC1lbnYtc2V0dXAvb3BlcmF0aW9ucz8mYXBpLXZlcnNpb249MjAxNC0wNC0wMS1wcmV2aWV3",
      "RequestMethod": "GET",
      "RequestBody": "",
      "RequestHeaders": {
        "User-Agent": [
          "Microsoft.Azure.Management.Resources.ResourceManagementClient/2.0.0.0"
        ]
      },
      "ResponseBody": "{\r\n  \"value\": []\r\n}",
      "ResponseHeaders": {
        "Pragma": [
          "no-cache"
        ],
        "x-ms-ratelimit-remaining-subscription-reads": [
          "31857"
        ],
        "x-ms-request-id": [
          "8291c44a-f5c0-42a3-b175-110f19ab9b72"
        ],
        "x-ms-correlation-request-id": [
          "8291c44a-f5c0-42a3-b175-110f19ab9b72"
        ],
        "x-ms-routing-request-id": [
          "WESTEUROPE:20140917T092901Z:8291c44a-f5c0-42a3-b175-110f19ab9b72"
        ],
        "Strict-Transport-Security": [
          "max-age=31536000; includeSubDomains"
        ],
        "Cache-Control": [
          "no-cache"
        ],
        "Date": [
          "Wed, 17 Sep 2014 09:29:01 GMT"
        ]
      },
      "StatusCode": 200
    },
    {
      "RequestUri": "/subscriptions/cca24ec8-99b5-4aa7-9ff6-486e886f304c/resourcegroups/sql-audit-cmdlet-test-rg110/deployments/sql-audit-test-env-setup/operations?&api-version=2014-04-01-preview",
      "EncodedRequestUri": "L3N1YnNjcmlwdGlvbnMvY2NhMjRlYzgtOTliNS00YWE3LTlmZjYtNDg2ZTg4NmYzMDRjL3Jlc291cmNlZ3JvdXBzL3NxbC1hdWRpdC1jbWRsZXQtdGVzdC1yZzExMC9kZXBsb3ltZW50cy9zcWwtYXVkaXQtdGVzdC1lbnYtc2V0dXAvb3BlcmF0aW9ucz8mYXBpLXZlcnNpb249MjAxNC0wNC0wMS1wcmV2aWV3",
      "RequestMethod": "GET",
      "RequestBody": "",
      "RequestHeaders": {
        "User-Agent": [
          "Microsoft.Azure.Management.Resources.ResourceManagementClient/2.0.0.0"
        ]
      },
      "ResponseBody": "{\r\n  \"value\": []\r\n}",
      "ResponseHeaders": {
        "Pragma": [
          "no-cache"
        ],
        "x-ms-ratelimit-remaining-subscription-reads": [
          "31855"
        ],
        "x-ms-request-id": [
          "11c06f39-e8e3-40d8-bc49-c05b1a583b76"
        ],
        "x-ms-correlation-request-id": [
          "11c06f39-e8e3-40d8-bc49-c05b1a583b76"
        ],
        "x-ms-routing-request-id": [
          "WESTEUROPE:20140917T092905Z:11c06f39-e8e3-40d8-bc49-c05b1a583b76"
        ],
        "Strict-Transport-Security": [
          "max-age=31536000; includeSubDomains"
        ],
        "Cache-Control": [
          "no-cache"
        ],
        "Date": [
          "Wed, 17 Sep 2014 09:29:05 GMT"
        ]
      },
      "StatusCode": 200
    },
    {
      "RequestUri": "/subscriptions/cca24ec8-99b5-4aa7-9ff6-486e886f304c/resourcegroups/sql-audit-cmdlet-test-rg110/deployments/sql-audit-test-env-setup/operations?&api-version=2014-04-01-preview",
      "EncodedRequestUri": "L3N1YnNjcmlwdGlvbnMvY2NhMjRlYzgtOTliNS00YWE3LTlmZjYtNDg2ZTg4NmYzMDRjL3Jlc291cmNlZ3JvdXBzL3NxbC1hdWRpdC1jbWRsZXQtdGVzdC1yZzExMC9kZXBsb3ltZW50cy9zcWwtYXVkaXQtdGVzdC1lbnYtc2V0dXAvb3BlcmF0aW9ucz8mYXBpLXZlcnNpb249MjAxNC0wNC0wMS1wcmV2aWV3",
      "RequestMethod": "GET",
      "RequestBody": "",
      "RequestHeaders": {
        "User-Agent": [
          "Microsoft.Azure.Management.Resources.ResourceManagementClient/2.0.0.0"
        ]
      },
      "ResponseBody": "{\r\n  \"value\": []\r\n}",
      "ResponseHeaders": {
        "Pragma": [
          "no-cache"
        ],
        "x-ms-ratelimit-remaining-subscription-reads": [
          "31853"
        ],
        "x-ms-request-id": [
          "5510dd0f-e755-4786-a550-4c1ed400d9ce"
        ],
        "x-ms-correlation-request-id": [
          "5510dd0f-e755-4786-a550-4c1ed400d9ce"
        ],
        "x-ms-routing-request-id": [
          "WESTEUROPE:20140917T092909Z:5510dd0f-e755-4786-a550-4c1ed400d9ce"
        ],
        "Strict-Transport-Security": [
          "max-age=31536000; includeSubDomains"
        ],
        "Cache-Control": [
          "no-cache"
        ],
        "Date": [
          "Wed, 17 Sep 2014 09:29:08 GMT"
        ]
      },
      "StatusCode": 200
    },
    {
      "RequestUri": "/subscriptions/cca24ec8-99b5-4aa7-9ff6-486e886f304c/resourcegroups/sql-audit-cmdlet-test-rg110/deployments/sql-audit-test-env-setup/operations?&api-version=2014-04-01-preview",
      "EncodedRequestUri": "L3N1YnNjcmlwdGlvbnMvY2NhMjRlYzgtOTliNS00YWE3LTlmZjYtNDg2ZTg4NmYzMDRjL3Jlc291cmNlZ3JvdXBzL3NxbC1hdWRpdC1jbWRsZXQtdGVzdC1yZzExMC9kZXBsb3ltZW50cy9zcWwtYXVkaXQtdGVzdC1lbnYtc2V0dXAvb3BlcmF0aW9ucz8mYXBpLXZlcnNpb249MjAxNC0wNC0wMS1wcmV2aWV3",
      "RequestMethod": "GET",
      "RequestBody": "",
      "RequestHeaders": {
        "User-Agent": [
          "Microsoft.Azure.Management.Resources.ResourceManagementClient/2.0.0.0"
        ]
      },
      "ResponseBody": "{\r\n  \"value\": []\r\n}",
      "ResponseHeaders": {
        "Pragma": [
          "no-cache"
        ],
        "x-ms-ratelimit-remaining-subscription-reads": [
          "31851"
        ],
        "x-ms-request-id": [
          "7c0f5323-264d-4ae6-9729-5fd75c3c69d9"
        ],
        "x-ms-correlation-request-id": [
          "7c0f5323-264d-4ae6-9729-5fd75c3c69d9"
        ],
        "x-ms-routing-request-id": [
          "WESTEUROPE:20140917T092913Z:7c0f5323-264d-4ae6-9729-5fd75c3c69d9"
        ],
        "Strict-Transport-Security": [
          "max-age=31536000; includeSubDomains"
        ],
        "Cache-Control": [
          "no-cache"
        ],
        "Date": [
          "Wed, 17 Sep 2014 09:29:13 GMT"
        ]
      },
      "StatusCode": 200
    },
    {
      "RequestUri": "/subscriptions/cca24ec8-99b5-4aa7-9ff6-486e886f304c/resourcegroups/sql-audit-cmdlet-test-rg110/deployments/sql-audit-test-env-setup/operations?&api-version=2014-04-01-preview",
      "EncodedRequestUri": "L3N1YnNjcmlwdGlvbnMvY2NhMjRlYzgtOTliNS00YWE3LTlmZjYtNDg2ZTg4NmYzMDRjL3Jlc291cmNlZ3JvdXBzL3NxbC1hdWRpdC1jbWRsZXQtdGVzdC1yZzExMC9kZXBsb3ltZW50cy9zcWwtYXVkaXQtdGVzdC1lbnYtc2V0dXAvb3BlcmF0aW9ucz8mYXBpLXZlcnNpb249MjAxNC0wNC0wMS1wcmV2aWV3",
      "RequestMethod": "GET",
      "RequestBody": "",
      "RequestHeaders": {
        "User-Agent": [
          "Microsoft.Azure.Management.Resources.ResourceManagementClient/2.0.0.0"
        ]
      },
      "ResponseBody": "{\r\n  \"value\": []\r\n}",
      "ResponseHeaders": {
        "Pragma": [
          "no-cache"
        ],
        "x-ms-ratelimit-remaining-subscription-reads": [
          "31849"
        ],
        "x-ms-request-id": [
          "772c413a-f1a5-4461-b25d-a7ce581f85ea"
        ],
        "x-ms-correlation-request-id": [
          "772c413a-f1a5-4461-b25d-a7ce581f85ea"
        ],
        "x-ms-routing-request-id": [
          "WESTEUROPE:20140917T092917Z:772c413a-f1a5-4461-b25d-a7ce581f85ea"
        ],
        "Strict-Transport-Security": [
          "max-age=31536000; includeSubDomains"
        ],
        "Cache-Control": [
          "no-cache"
        ],
        "Date": [
          "Wed, 17 Sep 2014 09:29:17 GMT"
        ]
      },
      "StatusCode": 200
    },
    {
      "RequestUri": "/subscriptions/cca24ec8-99b5-4aa7-9ff6-486e886f304c/resourcegroups/sql-audit-cmdlet-test-rg110/deployments/sql-audit-test-env-setup/operations?&api-version=2014-04-01-preview",
      "EncodedRequestUri": "L3N1YnNjcmlwdGlvbnMvY2NhMjRlYzgtOTliNS00YWE3LTlmZjYtNDg2ZTg4NmYzMDRjL3Jlc291cmNlZ3JvdXBzL3NxbC1hdWRpdC1jbWRsZXQtdGVzdC1yZzExMC9kZXBsb3ltZW50cy9zcWwtYXVkaXQtdGVzdC1lbnYtc2V0dXAvb3BlcmF0aW9ucz8mYXBpLXZlcnNpb249MjAxNC0wNC0wMS1wcmV2aWV3",
      "RequestMethod": "GET",
      "RequestBody": "",
      "RequestHeaders": {
        "User-Agent": [
          "Microsoft.Azure.Management.Resources.ResourceManagementClient/2.0.0.0"
        ]
      },
      "ResponseBody": "{\r\n  \"value\": []\r\n}",
      "ResponseHeaders": {
        "Pragma": [
          "no-cache"
        ],
        "x-ms-ratelimit-remaining-subscription-reads": [
          "31847"
        ],
        "x-ms-request-id": [
          "9fd47e5b-3e29-4293-b2d5-6af2538977bf"
        ],
        "x-ms-correlation-request-id": [
          "9fd47e5b-3e29-4293-b2d5-6af2538977bf"
        ],
        "x-ms-routing-request-id": [
          "WESTEUROPE:20140917T092921Z:9fd47e5b-3e29-4293-b2d5-6af2538977bf"
        ],
        "Strict-Transport-Security": [
          "max-age=31536000; includeSubDomains"
        ],
        "Cache-Control": [
          "no-cache"
        ],
        "Date": [
          "Wed, 17 Sep 2014 09:29:20 GMT"
        ]
      },
      "StatusCode": 200
    },
    {
      "RequestUri": "/subscriptions/cca24ec8-99b5-4aa7-9ff6-486e886f304c/resourcegroups/sql-audit-cmdlet-test-rg110/deployments/sql-audit-test-env-setup/operations?&api-version=2014-04-01-preview",
      "EncodedRequestUri": "L3N1YnNjcmlwdGlvbnMvY2NhMjRlYzgtOTliNS00YWE3LTlmZjYtNDg2ZTg4NmYzMDRjL3Jlc291cmNlZ3JvdXBzL3NxbC1hdWRpdC1jbWRsZXQtdGVzdC1yZzExMC9kZXBsb3ltZW50cy9zcWwtYXVkaXQtdGVzdC1lbnYtc2V0dXAvb3BlcmF0aW9ucz8mYXBpLXZlcnNpb249MjAxNC0wNC0wMS1wcmV2aWV3",
      "RequestMethod": "GET",
      "RequestBody": "",
      "RequestHeaders": {
        "User-Agent": [
          "Microsoft.Azure.Management.Resources.ResourceManagementClient/2.0.0.0"
        ]
      },
      "ResponseBody": "{\r\n  \"value\": []\r\n}",
      "ResponseHeaders": {
        "Pragma": [
          "no-cache"
        ],
        "x-ms-ratelimit-remaining-subscription-reads": [
          "31845"
        ],
        "x-ms-request-id": [
          "f84666a9-126c-4df2-bc57-21760259b300"
        ],
        "x-ms-correlation-request-id": [
          "f84666a9-126c-4df2-bc57-21760259b300"
        ],
        "x-ms-routing-request-id": [
          "WESTEUROPE:20140917T092924Z:f84666a9-126c-4df2-bc57-21760259b300"
        ],
        "Strict-Transport-Security": [
          "max-age=31536000; includeSubDomains"
        ],
        "Cache-Control": [
          "no-cache"
        ],
        "Date": [
          "Wed, 17 Sep 2014 09:29:24 GMT"
        ]
      },
      "StatusCode": 200
    },
    {
      "RequestUri": "/subscriptions/cca24ec8-99b5-4aa7-9ff6-486e886f304c/resourcegroups/sql-audit-cmdlet-test-rg110/deployments/sql-audit-test-env-setup/operations?&api-version=2014-04-01-preview",
      "EncodedRequestUri": "L3N1YnNjcmlwdGlvbnMvY2NhMjRlYzgtOTliNS00YWE3LTlmZjYtNDg2ZTg4NmYzMDRjL3Jlc291cmNlZ3JvdXBzL3NxbC1hdWRpdC1jbWRsZXQtdGVzdC1yZzExMC9kZXBsb3ltZW50cy9zcWwtYXVkaXQtdGVzdC1lbnYtc2V0dXAvb3BlcmF0aW9ucz8mYXBpLXZlcnNpb249MjAxNC0wNC0wMS1wcmV2aWV3",
      "RequestMethod": "GET",
      "RequestBody": "",
      "RequestHeaders": {
        "User-Agent": [
          "Microsoft.Azure.Management.Resources.ResourceManagementClient/2.0.0.0"
        ]
      },
      "ResponseBody": "{\r\n  \"value\": []\r\n}",
      "ResponseHeaders": {
        "Pragma": [
          "no-cache"
        ],
        "x-ms-ratelimit-remaining-subscription-reads": [
          "31843"
        ],
        "x-ms-request-id": [
          "9633bac0-6e19-4328-8c8a-2cbf9455bffd"
        ],
        "x-ms-correlation-request-id": [
          "9633bac0-6e19-4328-8c8a-2cbf9455bffd"
        ],
        "x-ms-routing-request-id": [
          "WESTEUROPE:20140917T092928Z:9633bac0-6e19-4328-8c8a-2cbf9455bffd"
        ],
        "Strict-Transport-Security": [
          "max-age=31536000; includeSubDomains"
        ],
        "Cache-Control": [
          "no-cache"
        ],
        "Date": [
          "Wed, 17 Sep 2014 09:29:27 GMT"
        ]
      },
      "StatusCode": 200
    },
    {
      "RequestUri": "/subscriptions/cca24ec8-99b5-4aa7-9ff6-486e886f304c/resourcegroups/sql-audit-cmdlet-test-rg110/deployments/sql-audit-test-env-setup/operations?&api-version=2014-04-01-preview",
      "EncodedRequestUri": "L3N1YnNjcmlwdGlvbnMvY2NhMjRlYzgtOTliNS00YWE3LTlmZjYtNDg2ZTg4NmYzMDRjL3Jlc291cmNlZ3JvdXBzL3NxbC1hdWRpdC1jbWRsZXQtdGVzdC1yZzExMC9kZXBsb3ltZW50cy9zcWwtYXVkaXQtdGVzdC1lbnYtc2V0dXAvb3BlcmF0aW9ucz8mYXBpLXZlcnNpb249MjAxNC0wNC0wMS1wcmV2aWV3",
      "RequestMethod": "GET",
      "RequestBody": "",
      "RequestHeaders": {
        "User-Agent": [
          "Microsoft.Azure.Management.Resources.ResourceManagementClient/2.0.0.0"
        ]
      },
      "ResponseBody": "{\r\n  \"value\": [\r\n    {\r\n      \"id\": \"/subscriptions/cca24ec8-99b5-4aa7-9ff6-486e886f304c/resourceGroups/sql-audit-cmdlet-test-rg110/deployments/sql-audit-test-env-setup/operations/AE548BE3ADB41B46\",\r\n      \"operationId\": \"AE548BE3ADB41B46\",\r\n      \"properties\": {\r\n        \"provisioningState\": \"Succeeded\",\r\n        \"timestamp\": \"2014-09-17T09:29:29.9457598Z\",\r\n        \"trackingId\": \"a938a51d-0c0d-4069-b446-fa190fb15a62\",\r\n        \"statusCode\": \"Created\",\r\n        \"targetResource\": {\r\n          \"id\": \"/subscriptions/cca24ec8-99b5-4aa7-9ff6-486e886f304c/resourceGroups/sql-audit-cmdlet-test-rg110/providers/Microsoft.Sql/servers/sql-audit-cmdlet-server110\",\r\n          \"resourceType\": \"Microsoft.Sql/servers\",\r\n          \"resourceName\": \"sql-audit-cmdlet-server110\"\r\n        }\r\n      }\r\n    }\r\n  ]\r\n}",
      "ResponseHeaders": {
        "Pragma": [
          "no-cache"
        ],
        "x-ms-ratelimit-remaining-subscription-reads": [
          "31841"
        ],
        "x-ms-request-id": [
          "cb78da9c-f8f3-400f-8d7c-25819ec2751f"
        ],
        "x-ms-correlation-request-id": [
          "cb78da9c-f8f3-400f-8d7c-25819ec2751f"
        ],
        "x-ms-routing-request-id": [
          "WESTEUROPE:20140917T092933Z:cb78da9c-f8f3-400f-8d7c-25819ec2751f"
        ],
        "Strict-Transport-Security": [
          "max-age=31536000; includeSubDomains"
        ],
        "Cache-Control": [
          "no-cache"
        ],
        "Date": [
          "Wed, 17 Sep 2014 09:29:32 GMT"
        ]
      },
      "StatusCode": 200
    },
    {
      "RequestUri": "/subscriptions/cca24ec8-99b5-4aa7-9ff6-486e886f304c/resourcegroups/sql-audit-cmdlet-test-rg110/deployments/sql-audit-test-env-setup/operations?&api-version=2014-04-01-preview",
      "EncodedRequestUri": "L3N1YnNjcmlwdGlvbnMvY2NhMjRlYzgtOTliNS00YWE3LTlmZjYtNDg2ZTg4NmYzMDRjL3Jlc291cmNlZ3JvdXBzL3NxbC1hdWRpdC1jbWRsZXQtdGVzdC1yZzExMC9kZXBsb3ltZW50cy9zcWwtYXVkaXQtdGVzdC1lbnYtc2V0dXAvb3BlcmF0aW9ucz8mYXBpLXZlcnNpb249MjAxNC0wNC0wMS1wcmV2aWV3",
      "RequestMethod": "GET",
      "RequestBody": "",
      "RequestHeaders": {
        "User-Agent": [
          "Microsoft.Azure.Management.Resources.ResourceManagementClient/2.0.0.0"
        ]
      },
      "ResponseBody": "{\r\n  \"value\": [\r\n    {\r\n      \"id\": \"/subscriptions/cca24ec8-99b5-4aa7-9ff6-486e886f304c/resourceGroups/sql-audit-cmdlet-test-rg110/deployments/sql-audit-test-env-setup/operations/C00FA4FC336CF218\",\r\n      \"operationId\": \"C00FA4FC336CF218\",\r\n      \"properties\": {\r\n        \"provisioningState\": \"Succeeded\",\r\n        \"timestamp\": \"2014-09-17T09:29:36.0699351Z\",\r\n        \"trackingId\": \"9cef8b1c-e44d-48f2-8be1-b38b085619fd\",\r\n        \"statusCode\": \"Created\",\r\n        \"targetResource\": {\r\n          \"id\": \"/subscriptions/cca24ec8-99b5-4aa7-9ff6-486e886f304c/resourceGroups/sql-audit-cmdlet-test-rg110/providers/Microsoft.Sql/servers/sql-audit-cmdlet-server110/databases/sql-audit-cmdlet-db110\",\r\n          \"resourceType\": \"Microsoft.Sql/servers/databases\",\r\n          \"resourceName\": \"sql-audit-cmdlet-server110/sql-audit-cmdlet-db110\"\r\n        }\r\n      }\r\n    },\r\n    {\r\n      \"id\": \"/subscriptions/cca24ec8-99b5-4aa7-9ff6-486e886f304c/resourceGroups/sql-audit-cmdlet-test-rg110/deployments/sql-audit-test-env-setup/operations/AE548BE3ADB41B46\",\r\n      \"operationId\": \"AE548BE3ADB41B46\",\r\n      \"properties\": {\r\n        \"provisioningState\": \"Succeeded\",\r\n        \"timestamp\": \"2014-09-17T09:29:29.9457598Z\",\r\n        \"trackingId\": \"a938a51d-0c0d-4069-b446-fa190fb15a62\",\r\n        \"statusCode\": \"Created\",\r\n        \"targetResource\": {\r\n          \"id\": \"/subscriptions/cca24ec8-99b5-4aa7-9ff6-486e886f304c/resourceGroups/sql-audit-cmdlet-test-rg110/providers/Microsoft.Sql/servers/sql-audit-cmdlet-server110\",\r\n          \"resourceType\": \"Microsoft.Sql/servers\",\r\n          \"resourceName\": \"sql-audit-cmdlet-server110\"\r\n        }\r\n      }\r\n    }\r\n  ]\r\n}",
      "ResponseHeaders": {
        "Pragma": [
          "no-cache"
        ],
        "x-ms-ratelimit-remaining-subscription-reads": [
          "31839"
        ],
        "x-ms-request-id": [
          "e22f0055-d1eb-4267-bcaa-276e45ae80c2"
        ],
        "x-ms-correlation-request-id": [
          "e22f0055-d1eb-4267-bcaa-276e45ae80c2"
        ],
        "x-ms-routing-request-id": [
          "WESTEUROPE:20140917T092937Z:e22f0055-d1eb-4267-bcaa-276e45ae80c2"
        ],
        "Strict-Transport-Security": [
          "max-age=31536000; includeSubDomains"
        ],
        "Cache-Control": [
          "no-cache"
        ],
        "Date": [
          "Wed, 17 Sep 2014 09:29:36 GMT"
        ]
      },
      "StatusCode": 200
    },
    {
      "RequestUri": "/subscriptions/cca24ec8-99b5-4aa7-9ff6-486e886f304c/resourcegroups/sql-audit-cmdlet-test-rg110/deployments/sql-audit-test-env-setup/operations?&api-version=2014-04-01-preview",
      "EncodedRequestUri": "L3N1YnNjcmlwdGlvbnMvY2NhMjRlYzgtOTliNS00YWE3LTlmZjYtNDg2ZTg4NmYzMDRjL3Jlc291cmNlZ3JvdXBzL3NxbC1hdWRpdC1jbWRsZXQtdGVzdC1yZzExMC9kZXBsb3ltZW50cy9zcWwtYXVkaXQtdGVzdC1lbnYtc2V0dXAvb3BlcmF0aW9ucz8mYXBpLXZlcnNpb249MjAxNC0wNC0wMS1wcmV2aWV3",
      "RequestMethod": "GET",
      "RequestBody": "",
      "RequestHeaders": {
        "User-Agent": [
          "Microsoft.Azure.Management.Resources.ResourceManagementClient/2.0.0.0"
        ]
      },
      "ResponseBody": "{\r\n  \"value\": [\r\n    {\r\n      \"id\": \"/subscriptions/cca24ec8-99b5-4aa7-9ff6-486e886f304c/resourceGroups/sql-audit-cmdlet-test-rg110/deployments/sql-audit-test-env-setup/operations/C00FA4FC336CF218\",\r\n      \"operationId\": \"C00FA4FC336CF218\",\r\n      \"properties\": {\r\n        \"provisioningState\": \"Succeeded\",\r\n        \"timestamp\": \"2014-09-17T09:29:36.0699351Z\",\r\n        \"trackingId\": \"9cef8b1c-e44d-48f2-8be1-b38b085619fd\",\r\n        \"statusCode\": \"Created\",\r\n        \"targetResource\": {\r\n          \"id\": \"/subscriptions/cca24ec8-99b5-4aa7-9ff6-486e886f304c/resourceGroups/sql-audit-cmdlet-test-rg110/providers/Microsoft.Sql/servers/sql-audit-cmdlet-server110/databases/sql-audit-cmdlet-db110\",\r\n          \"resourceType\": \"Microsoft.Sql/servers/databases\",\r\n          \"resourceName\": \"sql-audit-cmdlet-server110/sql-audit-cmdlet-db110\"\r\n        }\r\n      }\r\n    },\r\n    {\r\n      \"id\": \"/subscriptions/cca24ec8-99b5-4aa7-9ff6-486e886f304c/resourceGroups/sql-audit-cmdlet-test-rg110/deployments/sql-audit-test-env-setup/operations/AE548BE3ADB41B46\",\r\n      \"operationId\": \"AE548BE3ADB41B46\",\r\n      \"properties\": {\r\n        \"provisioningState\": \"Succeeded\",\r\n        \"timestamp\": \"2014-09-17T09:29:29.9457598Z\",\r\n        \"trackingId\": \"a938a51d-0c0d-4069-b446-fa190fb15a62\",\r\n        \"statusCode\": \"Created\",\r\n        \"targetResource\": {\r\n          \"id\": \"/subscriptions/cca24ec8-99b5-4aa7-9ff6-486e886f304c/resourceGroups/sql-audit-cmdlet-test-rg110/providers/Microsoft.Sql/servers/sql-audit-cmdlet-server110\",\r\n          \"resourceType\": \"Microsoft.Sql/servers\",\r\n          \"resourceName\": \"sql-audit-cmdlet-server110\"\r\n        }\r\n      }\r\n    }\r\n  ]\r\n}",
      "ResponseHeaders": {
        "Pragma": [
          "no-cache"
        ],
        "x-ms-ratelimit-remaining-subscription-reads": [
          "31837"
        ],
        "x-ms-request-id": [
          "d1a3407a-0469-4c43-a7b4-a57cdea22379"
        ],
        "x-ms-correlation-request-id": [
          "d1a3407a-0469-4c43-a7b4-a57cdea22379"
        ],
        "x-ms-routing-request-id": [
          "WESTEUROPE:20140917T092941Z:d1a3407a-0469-4c43-a7b4-a57cdea22379"
        ],
        "Strict-Transport-Security": [
          "max-age=31536000; includeSubDomains"
        ],
        "Cache-Control": [
          "no-cache"
        ],
        "Date": [
          "Wed, 17 Sep 2014 09:29:40 GMT"
        ]
      },
      "StatusCode": 200
    },
    {
      "RequestUri": "/subscriptions/cca24ec8-99b5-4aa7-9ff6-486e886f304c/resourcegroups/sql-audit-cmdlet-test-rg110/deployments/sql-audit-test-env-setup?api-version=2014-04-01-preview",
      "EncodedRequestUri": "L3N1YnNjcmlwdGlvbnMvY2NhMjRlYzgtOTliNS00YWE3LTlmZjYtNDg2ZTg4NmYzMDRjL3Jlc291cmNlZ3JvdXBzL3NxbC1hdWRpdC1jbWRsZXQtdGVzdC1yZzExMC9kZXBsb3ltZW50cy9zcWwtYXVkaXQtdGVzdC1lbnYtc2V0dXA/YXBpLXZlcnNpb249MjAxNC0wNC0wMS1wcmV2aWV3",
      "RequestMethod": "GET",
      "RequestBody": "",
      "RequestHeaders": {
        "User-Agent": [
          "Microsoft.Azure.Management.Resources.ResourceManagementClient/2.0.0.0"
        ]
      },
      "ResponseBody": "{\r\n  \"id\": \"/subscriptions/cca24ec8-99b5-4aa7-9ff6-486e886f304c/resourceGroups/sql-audit-cmdlet-test-rg110/deployments/sql-audit-test-env-setup\",\r\n  \"name\": \"sql-audit-test-env-setup\",\r\n  \"properties\": {\r\n    \"parameters\": {\r\n      \"administratorLogin\": {\r\n        \"type\": \"String\",\r\n        \"value\": \"testlogin\"\r\n      },\r\n      \"administratorLoginPassword\": {\r\n        \"type\": \"SecureString\"\r\n      },\r\n      \"collation\": {\r\n        \"type\": \"String\",\r\n        \"value\": \"SQL_Latin1_General_CP1_CI_AS\"\r\n      },\r\n      \"databaseName\": {\r\n        \"type\": \"String\",\r\n        \"value\": \"sql-audit-cmdlet-db110\"\r\n      },\r\n      \"edition\": {\r\n        \"type\": \"String\",\r\n        \"value\": \"Basic\"\r\n      },\r\n      \"configuredServiceLevelObjectiveId\": {\r\n        \"type\": \"String\",\r\n        \"value\": \"910b4fcb-8a29-4c3e-958f-f7ba794388b2\"\r\n      },\r\n      \"envLocation\": {\r\n        \"type\": \"String\",\r\n        \"value\": \"West US\"\r\n      },\r\n      \"serverName\": {\r\n        \"type\": \"String\",\r\n        \"value\": \"sql-audit-cmdlet-server110\"\r\n      }\r\n    },\r\n    \"mode\": \"Incremental\",\r\n    \"provisioningState\": \"Accepted\",\r\n    \"timestamp\": \"2014-09-17T09:28:32.2406981Z\",\r\n    \"correlationId\": \"61c688bc-f1f9-45c9-bd98-1160dccf0c94\",\r\n    \"providers\": [\r\n      {\r\n        \"namespace\": \"Microsoft.Sql\",\r\n        \"resourceTypes\": [\r\n          {\r\n            \"resourceType\": \"servers\",\r\n            \"locations\": [\r\n              \"westus\"\r\n            ]\r\n          },\r\n          {\r\n            \"resourceType\": \"servers/databases\",\r\n            \"locations\": [\r\n              \"westus\"\r\n            ]\r\n          }\r\n        ]\r\n      }\r\n    ],\r\n    \"dependencies\": [\r\n      {\r\n        \"dependsOn\": [\r\n          {\r\n            \"id\": \"/subscriptions/cca24ec8-99b5-4aa7-9ff6-486e886f304c/resourceGroups/sql-audit-cmdlet-test-rg110/providers/Microsoft.Sql/servers/sql-audit-cmdlet-server110\",\r\n            \"resourceType\": \"Microsoft.Sql/servers\",\r\n            \"resourceName\": \"sql-audit-cmdlet-server110\"\r\n          }\r\n        ],\r\n        \"id\": \"/subscriptions/cca24ec8-99b5-4aa7-9ff6-486e886f304c/resourceGroups/sql-audit-cmdlet-test-rg110/providers/Microsoft.Sql/servers/sql-audit-cmdlet-server110/databases/sql-audit-cmdlet-db110\",\r\n        \"resourceType\": \"Microsoft.Sql/servers/databases\",\r\n        \"resourceName\": \"sql-audit-cmdlet-server110/sql-audit-cmdlet-db110\"\r\n      }\r\n    ]\r\n  }\r\n}",
      "ResponseHeaders": {
        "Pragma": [
          "no-cache"
        ],
        "x-ms-ratelimit-remaining-subscription-reads": [
          "31870"
        ],
        "x-ms-request-id": [
          "8efd326a-123f-40a5-b13c-66c5a64bf995"
        ],
        "x-ms-correlation-request-id": [
          "8efd326a-123f-40a5-b13c-66c5a64bf995"
        ],
        "x-ms-routing-request-id": [
          "WESTEUROPE:20140917T092834Z:8efd326a-123f-40a5-b13c-66c5a64bf995"
        ],
        "Strict-Transport-Security": [
          "max-age=31536000; includeSubDomains"
        ],
        "Cache-Control": [
          "no-cache"
        ],
        "Date": [
          "Wed, 17 Sep 2014 09:28:33 GMT"
        ]
      },
      "StatusCode": 200
    },
    {
      "RequestUri": "/subscriptions/cca24ec8-99b5-4aa7-9ff6-486e886f304c/resourcegroups/sql-audit-cmdlet-test-rg110/deployments/sql-audit-test-env-setup?api-version=2014-04-01-preview",
      "EncodedRequestUri": "L3N1YnNjcmlwdGlvbnMvY2NhMjRlYzgtOTliNS00YWE3LTlmZjYtNDg2ZTg4NmYzMDRjL3Jlc291cmNlZ3JvdXBzL3NxbC1hdWRpdC1jbWRsZXQtdGVzdC1yZzExMC9kZXBsb3ltZW50cy9zcWwtYXVkaXQtdGVzdC1lbnYtc2V0dXA/YXBpLXZlcnNpb249MjAxNC0wNC0wMS1wcmV2aWV3",
      "RequestMethod": "GET",
      "RequestBody": "",
      "RequestHeaders": {
        "User-Agent": [
          "Microsoft.Azure.Management.Resources.ResourceManagementClient/2.0.0.0"
        ]
      },
      "ResponseBody": "{\r\n  \"id\": \"/subscriptions/cca24ec8-99b5-4aa7-9ff6-486e886f304c/resourceGroups/sql-audit-cmdlet-test-rg110/deployments/sql-audit-test-env-setup\",\r\n  \"name\": \"sql-audit-test-env-setup\",\r\n  \"properties\": {\r\n    \"parameters\": {\r\n      \"administratorLogin\": {\r\n        \"type\": \"String\",\r\n        \"value\": \"testlogin\"\r\n      },\r\n      \"administratorLoginPassword\": {\r\n        \"type\": \"SecureString\"\r\n      },\r\n      \"collation\": {\r\n        \"type\": \"String\",\r\n        \"value\": \"SQL_Latin1_General_CP1_CI_AS\"\r\n      },\r\n      \"databaseName\": {\r\n        \"type\": \"String\",\r\n        \"value\": \"sql-audit-cmdlet-db110\"\r\n      },\r\n      \"edition\": {\r\n        \"type\": \"String\",\r\n        \"value\": \"Basic\"\r\n      },\r\n      \"configuredServiceLevelObjectiveId\": {\r\n        \"type\": \"String\",\r\n        \"value\": \"910b4fcb-8a29-4c3e-958f-f7ba794388b2\"\r\n      },\r\n      \"envLocation\": {\r\n        \"type\": \"String\",\r\n        \"value\": \"West US\"\r\n      },\r\n      \"serverName\": {\r\n        \"type\": \"String\",\r\n        \"value\": \"sql-audit-cmdlet-server110\"\r\n      }\r\n    },\r\n    \"mode\": \"Incremental\",\r\n    \"provisioningState\": \"Running\",\r\n    \"timestamp\": \"2014-09-17T09:28:34.7486803Z\",\r\n    \"correlationId\": \"61c688bc-f1f9-45c9-bd98-1160dccf0c94\",\r\n    \"providers\": [\r\n      {\r\n        \"namespace\": \"Microsoft.Sql\",\r\n        \"resourceTypes\": [\r\n          {\r\n            \"resourceType\": \"servers\",\r\n            \"locations\": [\r\n              \"westus\"\r\n            ]\r\n          },\r\n          {\r\n            \"resourceType\": \"servers/databases\",\r\n            \"locations\": [\r\n              \"westus\"\r\n            ]\r\n          }\r\n        ]\r\n      }\r\n    ],\r\n    \"dependencies\": [\r\n      {\r\n        \"dependsOn\": [\r\n          {\r\n            \"id\": \"/subscriptions/cca24ec8-99b5-4aa7-9ff6-486e886f304c/resourceGroups/sql-audit-cmdlet-test-rg110/providers/Microsoft.Sql/servers/sql-audit-cmdlet-server110\",\r\n            \"resourceType\": \"Microsoft.Sql/servers\",\r\n            \"resourceName\": \"sql-audit-cmdlet-server110\"\r\n          }\r\n        ],\r\n        \"id\": \"/subscriptions/cca24ec8-99b5-4aa7-9ff6-486e886f304c/resourceGroups/sql-audit-cmdlet-test-rg110/providers/Microsoft.Sql/servers/sql-audit-cmdlet-server110/databases/sql-audit-cmdlet-db110\",\r\n        \"resourceType\": \"Microsoft.Sql/servers/databases\",\r\n        \"resourceName\": \"sql-audit-cmdlet-server110/sql-audit-cmdlet-db110\"\r\n      }\r\n    ]\r\n  }\r\n}",
      "ResponseHeaders": {
        "Pragma": [
          "no-cache"
        ],
        "x-ms-ratelimit-remaining-subscription-reads": [
          "31868"
        ],
        "x-ms-request-id": [
          "5db8058f-0e3e-40d7-a2fa-b8b386149b98"
        ],
        "x-ms-correlation-request-id": [
          "5db8058f-0e3e-40d7-a2fa-b8b386149b98"
        ],
        "x-ms-routing-request-id": [
          "WESTEUROPE:20140917T092838Z:5db8058f-0e3e-40d7-a2fa-b8b386149b98"
        ],
        "Strict-Transport-Security": [
          "max-age=31536000; includeSubDomains"
        ],
        "Cache-Control": [
          "no-cache"
        ],
        "Date": [
          "Wed, 17 Sep 2014 09:28:38 GMT"
        ]
      },
      "StatusCode": 200
    },
    {
      "RequestUri": "/subscriptions/cca24ec8-99b5-4aa7-9ff6-486e886f304c/resourcegroups/sql-audit-cmdlet-test-rg110/deployments/sql-audit-test-env-setup?api-version=2014-04-01-preview",
      "EncodedRequestUri": "L3N1YnNjcmlwdGlvbnMvY2NhMjRlYzgtOTliNS00YWE3LTlmZjYtNDg2ZTg4NmYzMDRjL3Jlc291cmNlZ3JvdXBzL3NxbC1hdWRpdC1jbWRsZXQtdGVzdC1yZzExMC9kZXBsb3ltZW50cy9zcWwtYXVkaXQtdGVzdC1lbnYtc2V0dXA/YXBpLXZlcnNpb249MjAxNC0wNC0wMS1wcmV2aWV3",
      "RequestMethod": "GET",
      "RequestBody": "",
      "RequestHeaders": {
        "User-Agent": [
          "Microsoft.Azure.Management.Resources.ResourceManagementClient/2.0.0.0"
        ]
      },
      "ResponseBody": "{\r\n  \"id\": \"/subscriptions/cca24ec8-99b5-4aa7-9ff6-486e886f304c/resourceGroups/sql-audit-cmdlet-test-rg110/deployments/sql-audit-test-env-setup\",\r\n  \"name\": \"sql-audit-test-env-setup\",\r\n  \"properties\": {\r\n    \"parameters\": {\r\n      \"administratorLogin\": {\r\n        \"type\": \"String\",\r\n        \"value\": \"testlogin\"\r\n      },\r\n      \"administratorLoginPassword\": {\r\n        \"type\": \"SecureString\"\r\n      },\r\n      \"collation\": {\r\n        \"type\": \"String\",\r\n        \"value\": \"SQL_Latin1_General_CP1_CI_AS\"\r\n      },\r\n      \"databaseName\": {\r\n        \"type\": \"String\",\r\n        \"value\": \"sql-audit-cmdlet-db110\"\r\n      },\r\n      \"edition\": {\r\n        \"type\": \"String\",\r\n        \"value\": \"Basic\"\r\n      },\r\n      \"configuredServiceLevelObjectiveId\": {\r\n        \"type\": \"String\",\r\n        \"value\": \"910b4fcb-8a29-4c3e-958f-f7ba794388b2\"\r\n      },\r\n      \"envLocation\": {\r\n        \"type\": \"String\",\r\n        \"value\": \"West US\"\r\n      },\r\n      \"serverName\": {\r\n        \"type\": \"String\",\r\n        \"value\": \"sql-audit-cmdlet-server110\"\r\n      }\r\n    },\r\n    \"mode\": \"Incremental\",\r\n    \"provisioningState\": \"Running\",\r\n    \"timestamp\": \"2014-09-17T09:28:34.7486803Z\",\r\n    \"correlationId\": \"61c688bc-f1f9-45c9-bd98-1160dccf0c94\",\r\n    \"providers\": [\r\n      {\r\n        \"namespace\": \"Microsoft.Sql\",\r\n        \"resourceTypes\": [\r\n          {\r\n            \"resourceType\": \"servers\",\r\n            \"locations\": [\r\n              \"westus\"\r\n            ]\r\n          },\r\n          {\r\n            \"resourceType\": \"servers/databases\",\r\n            \"locations\": [\r\n              \"westus\"\r\n            ]\r\n          }\r\n        ]\r\n      }\r\n    ],\r\n    \"dependencies\": [\r\n      {\r\n        \"dependsOn\": [\r\n          {\r\n            \"id\": \"/subscriptions/cca24ec8-99b5-4aa7-9ff6-486e886f304c/resourceGroups/sql-audit-cmdlet-test-rg110/providers/Microsoft.Sql/servers/sql-audit-cmdlet-server110\",\r\n            \"resourceType\": \"Microsoft.Sql/servers\",\r\n            \"resourceName\": \"sql-audit-cmdlet-server110\"\r\n          }\r\n        ],\r\n        \"id\": \"/subscriptions/cca24ec8-99b5-4aa7-9ff6-486e886f304c/resourceGroups/sql-audit-cmdlet-test-rg110/providers/Microsoft.Sql/servers/sql-audit-cmdlet-server110/databases/sql-audit-cmdlet-db110\",\r\n        \"resourceType\": \"Microsoft.Sql/servers/databases\",\r\n        \"resourceName\": \"sql-audit-cmdlet-server110/sql-audit-cmdlet-db110\"\r\n      }\r\n    ]\r\n  }\r\n}",
      "ResponseHeaders": {
        "Pragma": [
          "no-cache"
        ],
        "x-ms-ratelimit-remaining-subscription-reads": [
          "31866"
        ],
        "x-ms-request-id": [
          "51f63cb7-3cd6-4957-8c04-aa61e4704d49"
        ],
        "x-ms-correlation-request-id": [
          "51f63cb7-3cd6-4957-8c04-aa61e4704d49"
        ],
        "x-ms-routing-request-id": [
          "WESTEUROPE:20140917T092842Z:51f63cb7-3cd6-4957-8c04-aa61e4704d49"
        ],
        "Strict-Transport-Security": [
          "max-age=31536000; includeSubDomains"
        ],
        "Cache-Control": [
          "no-cache"
        ],
        "Date": [
          "Wed, 17 Sep 2014 09:28:42 GMT"
        ]
      },
      "StatusCode": 200
    },
    {
      "RequestUri": "/subscriptions/cca24ec8-99b5-4aa7-9ff6-486e886f304c/resourcegroups/sql-audit-cmdlet-test-rg110/deployments/sql-audit-test-env-setup?api-version=2014-04-01-preview",
      "EncodedRequestUri": "L3N1YnNjcmlwdGlvbnMvY2NhMjRlYzgtOTliNS00YWE3LTlmZjYtNDg2ZTg4NmYzMDRjL3Jlc291cmNlZ3JvdXBzL3NxbC1hdWRpdC1jbWRsZXQtdGVzdC1yZzExMC9kZXBsb3ltZW50cy9zcWwtYXVkaXQtdGVzdC1lbnYtc2V0dXA/YXBpLXZlcnNpb249MjAxNC0wNC0wMS1wcmV2aWV3",
      "RequestMethod": "GET",
      "RequestBody": "",
      "RequestHeaders": {
        "User-Agent": [
          "Microsoft.Azure.Management.Resources.ResourceManagementClient/2.0.0.0"
        ]
      },
      "ResponseBody": "{\r\n  \"id\": \"/subscriptions/cca24ec8-99b5-4aa7-9ff6-486e886f304c/resourceGroups/sql-audit-cmdlet-test-rg110/deployments/sql-audit-test-env-setup\",\r\n  \"name\": \"sql-audit-test-env-setup\",\r\n  \"properties\": {\r\n    \"parameters\": {\r\n      \"administratorLogin\": {\r\n        \"type\": \"String\",\r\n        \"value\": \"testlogin\"\r\n      },\r\n      \"administratorLoginPassword\": {\r\n        \"type\": \"SecureString\"\r\n      },\r\n      \"collation\": {\r\n        \"type\": \"String\",\r\n        \"value\": \"SQL_Latin1_General_CP1_CI_AS\"\r\n      },\r\n      \"databaseName\": {\r\n        \"type\": \"String\",\r\n        \"value\": \"sql-audit-cmdlet-db110\"\r\n      },\r\n      \"edition\": {\r\n        \"type\": \"String\",\r\n        \"value\": \"Basic\"\r\n      },\r\n      \"configuredServiceLevelObjectiveId\": {\r\n        \"type\": \"String\",\r\n        \"value\": \"910b4fcb-8a29-4c3e-958f-f7ba794388b2\"\r\n      },\r\n      \"envLocation\": {\r\n        \"type\": \"String\",\r\n        \"value\": \"West US\"\r\n      },\r\n      \"serverName\": {\r\n        \"type\": \"String\",\r\n        \"value\": \"sql-audit-cmdlet-server110\"\r\n      }\r\n    },\r\n    \"mode\": \"Incremental\",\r\n    \"provisioningState\": \"Running\",\r\n    \"timestamp\": \"2014-09-17T09:28:34.7486803Z\",\r\n    \"correlationId\": \"61c688bc-f1f9-45c9-bd98-1160dccf0c94\",\r\n    \"providers\": [\r\n      {\r\n        \"namespace\": \"Microsoft.Sql\",\r\n        \"resourceTypes\": [\r\n          {\r\n            \"resourceType\": \"servers\",\r\n            \"locations\": [\r\n              \"westus\"\r\n            ]\r\n          },\r\n          {\r\n            \"resourceType\": \"servers/databases\",\r\n            \"locations\": [\r\n              \"westus\"\r\n            ]\r\n          }\r\n        ]\r\n      }\r\n    ],\r\n    \"dependencies\": [\r\n      {\r\n        \"dependsOn\": [\r\n          {\r\n            \"id\": \"/subscriptions/cca24ec8-99b5-4aa7-9ff6-486e886f304c/resourceGroups/sql-audit-cmdlet-test-rg110/providers/Microsoft.Sql/servers/sql-audit-cmdlet-server110\",\r\n            \"resourceType\": \"Microsoft.Sql/servers\",\r\n            \"resourceName\": \"sql-audit-cmdlet-server110\"\r\n          }\r\n        ],\r\n        \"id\": \"/subscriptions/cca24ec8-99b5-4aa7-9ff6-486e886f304c/resourceGroups/sql-audit-cmdlet-test-rg110/providers/Microsoft.Sql/servers/sql-audit-cmdlet-server110/databases/sql-audit-cmdlet-db110\",\r\n        \"resourceType\": \"Microsoft.Sql/servers/databases\",\r\n        \"resourceName\": \"sql-audit-cmdlet-server110/sql-audit-cmdlet-db110\"\r\n      }\r\n    ]\r\n  }\r\n}",
      "ResponseHeaders": {
        "Pragma": [
          "no-cache"
        ],
        "x-ms-ratelimit-remaining-subscription-reads": [
          "31864"
        ],
        "x-ms-request-id": [
          "f39e6617-6763-4e71-a768-33eaf8817b65"
        ],
        "x-ms-correlation-request-id": [
          "f39e6617-6763-4e71-a768-33eaf8817b65"
        ],
        "x-ms-routing-request-id": [
          "WESTEUROPE:20140917T092846Z:f39e6617-6763-4e71-a768-33eaf8817b65"
        ],
        "Strict-Transport-Security": [
          "max-age=31536000; includeSubDomains"
        ],
        "Cache-Control": [
          "no-cache"
        ],
        "Date": [
          "Wed, 17 Sep 2014 09:28:46 GMT"
        ]
      },
      "StatusCode": 200
    },
    {
      "RequestUri": "/subscriptions/cca24ec8-99b5-4aa7-9ff6-486e886f304c/resourcegroups/sql-audit-cmdlet-test-rg110/deployments/sql-audit-test-env-setup?api-version=2014-04-01-preview",
      "EncodedRequestUri": "L3N1YnNjcmlwdGlvbnMvY2NhMjRlYzgtOTliNS00YWE3LTlmZjYtNDg2ZTg4NmYzMDRjL3Jlc291cmNlZ3JvdXBzL3NxbC1hdWRpdC1jbWRsZXQtdGVzdC1yZzExMC9kZXBsb3ltZW50cy9zcWwtYXVkaXQtdGVzdC1lbnYtc2V0dXA/YXBpLXZlcnNpb249MjAxNC0wNC0wMS1wcmV2aWV3",
      "RequestMethod": "GET",
      "RequestBody": "",
      "RequestHeaders": {
        "User-Agent": [
          "Microsoft.Azure.Management.Resources.ResourceManagementClient/2.0.0.0"
        ]
      },
      "ResponseBody": "{\r\n  \"id\": \"/subscriptions/cca24ec8-99b5-4aa7-9ff6-486e886f304c/resourceGroups/sql-audit-cmdlet-test-rg110/deployments/sql-audit-test-env-setup\",\r\n  \"name\": \"sql-audit-test-env-setup\",\r\n  \"properties\": {\r\n    \"parameters\": {\r\n      \"administratorLogin\": {\r\n        \"type\": \"String\",\r\n        \"value\": \"testlogin\"\r\n      },\r\n      \"administratorLoginPassword\": {\r\n        \"type\": \"SecureString\"\r\n      },\r\n      \"collation\": {\r\n        \"type\": \"String\",\r\n        \"value\": \"SQL_Latin1_General_CP1_CI_AS\"\r\n      },\r\n      \"databaseName\": {\r\n        \"type\": \"String\",\r\n        \"value\": \"sql-audit-cmdlet-db110\"\r\n      },\r\n      \"edition\": {\r\n        \"type\": \"String\",\r\n        \"value\": \"Basic\"\r\n      },\r\n      \"configuredServiceLevelObjectiveId\": {\r\n        \"type\": \"String\",\r\n        \"value\": \"910b4fcb-8a29-4c3e-958f-f7ba794388b2\"\r\n      },\r\n      \"envLocation\": {\r\n        \"type\": \"String\",\r\n        \"value\": \"West US\"\r\n      },\r\n      \"serverName\": {\r\n        \"type\": \"String\",\r\n        \"value\": \"sql-audit-cmdlet-server110\"\r\n      }\r\n    },\r\n    \"mode\": \"Incremental\",\r\n    \"provisioningState\": \"Running\",\r\n    \"timestamp\": \"2014-09-17T09:28:34.7486803Z\",\r\n    \"correlationId\": \"61c688bc-f1f9-45c9-bd98-1160dccf0c94\",\r\n    \"providers\": [\r\n      {\r\n        \"namespace\": \"Microsoft.Sql\",\r\n        \"resourceTypes\": [\r\n          {\r\n            \"resourceType\": \"servers\",\r\n            \"locations\": [\r\n              \"westus\"\r\n            ]\r\n          },\r\n          {\r\n            \"resourceType\": \"servers/databases\",\r\n            \"locations\": [\r\n              \"westus\"\r\n            ]\r\n          }\r\n        ]\r\n      }\r\n    ],\r\n    \"dependencies\": [\r\n      {\r\n        \"dependsOn\": [\r\n          {\r\n            \"id\": \"/subscriptions/cca24ec8-99b5-4aa7-9ff6-486e886f304c/resourceGroups/sql-audit-cmdlet-test-rg110/providers/Microsoft.Sql/servers/sql-audit-cmdlet-server110\",\r\n            \"resourceType\": \"Microsoft.Sql/servers\",\r\n            \"resourceName\": \"sql-audit-cmdlet-server110\"\r\n          }\r\n        ],\r\n        \"id\": \"/subscriptions/cca24ec8-99b5-4aa7-9ff6-486e886f304c/resourceGroups/sql-audit-cmdlet-test-rg110/providers/Microsoft.Sql/servers/sql-audit-cmdlet-server110/databases/sql-audit-cmdlet-db110\",\r\n        \"resourceType\": \"Microsoft.Sql/servers/databases\",\r\n        \"resourceName\": \"sql-audit-cmdlet-server110/sql-audit-cmdlet-db110\"\r\n      }\r\n    ]\r\n  }\r\n}",
      "ResponseHeaders": {
        "Pragma": [
          "no-cache"
        ],
        "x-ms-ratelimit-remaining-subscription-reads": [
          "31862"
        ],
        "x-ms-request-id": [
          "bcb44a07-46c6-4459-be34-58f317741634"
        ],
        "x-ms-correlation-request-id": [
          "bcb44a07-46c6-4459-be34-58f317741634"
        ],
        "x-ms-routing-request-id": [
          "WESTEUROPE:20140917T092850Z:bcb44a07-46c6-4459-be34-58f317741634"
        ],
        "Strict-Transport-Security": [
          "max-age=31536000; includeSubDomains"
        ],
        "Cache-Control": [
          "no-cache"
        ],
        "Date": [
          "Wed, 17 Sep 2014 09:28:50 GMT"
        ]
      },
      "StatusCode": 200
    },
    {
      "RequestUri": "/subscriptions/cca24ec8-99b5-4aa7-9ff6-486e886f304c/resourcegroups/sql-audit-cmdlet-test-rg110/deployments/sql-audit-test-env-setup?api-version=2014-04-01-preview",
      "EncodedRequestUri": "L3N1YnNjcmlwdGlvbnMvY2NhMjRlYzgtOTliNS00YWE3LTlmZjYtNDg2ZTg4NmYzMDRjL3Jlc291cmNlZ3JvdXBzL3NxbC1hdWRpdC1jbWRsZXQtdGVzdC1yZzExMC9kZXBsb3ltZW50cy9zcWwtYXVkaXQtdGVzdC1lbnYtc2V0dXA/YXBpLXZlcnNpb249MjAxNC0wNC0wMS1wcmV2aWV3",
      "RequestMethod": "GET",
      "RequestBody": "",
      "RequestHeaders": {
        "User-Agent": [
          "Microsoft.Azure.Management.Resources.ResourceManagementClient/2.0.0.0"
        ]
      },
      "ResponseBody": "{\r\n  \"id\": \"/subscriptions/cca24ec8-99b5-4aa7-9ff6-486e886f304c/resourceGroups/sql-audit-cmdlet-test-rg110/deployments/sql-audit-test-env-setup\",\r\n  \"name\": \"sql-audit-test-env-setup\",\r\n  \"properties\": {\r\n    \"parameters\": {\r\n      \"administratorLogin\": {\r\n        \"type\": \"String\",\r\n        \"value\": \"testlogin\"\r\n      },\r\n      \"administratorLoginPassword\": {\r\n        \"type\": \"SecureString\"\r\n      },\r\n      \"collation\": {\r\n        \"type\": \"String\",\r\n        \"value\": \"SQL_Latin1_General_CP1_CI_AS\"\r\n      },\r\n      \"databaseName\": {\r\n        \"type\": \"String\",\r\n        \"value\": \"sql-audit-cmdlet-db110\"\r\n      },\r\n      \"edition\": {\r\n        \"type\": \"String\",\r\n        \"value\": \"Basic\"\r\n      },\r\n      \"configuredServiceLevelObjectiveId\": {\r\n        \"type\": \"String\",\r\n        \"value\": \"910b4fcb-8a29-4c3e-958f-f7ba794388b2\"\r\n      },\r\n      \"envLocation\": {\r\n        \"type\": \"String\",\r\n        \"value\": \"West US\"\r\n      },\r\n      \"serverName\": {\r\n        \"type\": \"String\",\r\n        \"value\": \"sql-audit-cmdlet-server110\"\r\n      }\r\n    },\r\n    \"mode\": \"Incremental\",\r\n    \"provisioningState\": \"Running\",\r\n    \"timestamp\": \"2014-09-17T09:28:34.7486803Z\",\r\n    \"correlationId\": \"61c688bc-f1f9-45c9-bd98-1160dccf0c94\",\r\n    \"providers\": [\r\n      {\r\n        \"namespace\": \"Microsoft.Sql\",\r\n        \"resourceTypes\": [\r\n          {\r\n            \"resourceType\": \"servers\",\r\n            \"locations\": [\r\n              \"westus\"\r\n            ]\r\n          },\r\n          {\r\n            \"resourceType\": \"servers/databases\",\r\n            \"locations\": [\r\n              \"westus\"\r\n            ]\r\n          }\r\n        ]\r\n      }\r\n    ],\r\n    \"dependencies\": [\r\n      {\r\n        \"dependsOn\": [\r\n          {\r\n            \"id\": \"/subscriptions/cca24ec8-99b5-4aa7-9ff6-486e886f304c/resourceGroups/sql-audit-cmdlet-test-rg110/providers/Microsoft.Sql/servers/sql-audit-cmdlet-server110\",\r\n            \"resourceType\": \"Microsoft.Sql/servers\",\r\n            \"resourceName\": \"sql-audit-cmdlet-server110\"\r\n          }\r\n        ],\r\n        \"id\": \"/subscriptions/cca24ec8-99b5-4aa7-9ff6-486e886f304c/resourceGroups/sql-audit-cmdlet-test-rg110/providers/Microsoft.Sql/servers/sql-audit-cmdlet-server110/databases/sql-audit-cmdlet-db110\",\r\n        \"resourceType\": \"Microsoft.Sql/servers/databases\",\r\n        \"resourceName\": \"sql-audit-cmdlet-server110/sql-audit-cmdlet-db110\"\r\n      }\r\n    ]\r\n  }\r\n}",
      "ResponseHeaders": {
        "Pragma": [
          "no-cache"
        ],
        "x-ms-ratelimit-remaining-subscription-reads": [
          "31860"
        ],
        "x-ms-request-id": [
          "7182ac16-7b7f-489e-8c65-0635e9349ac4"
        ],
        "x-ms-correlation-request-id": [
          "7182ac16-7b7f-489e-8c65-0635e9349ac4"
        ],
        "x-ms-routing-request-id": [
          "WESTEUROPE:20140917T092854Z:7182ac16-7b7f-489e-8c65-0635e9349ac4"
        ],
        "Strict-Transport-Security": [
          "max-age=31536000; includeSubDomains"
        ],
        "Cache-Control": [
          "no-cache"
        ],
        "Date": [
          "Wed, 17 Sep 2014 09:28:53 GMT"
        ]
      },
      "StatusCode": 200
    },
    {
      "RequestUri": "/subscriptions/cca24ec8-99b5-4aa7-9ff6-486e886f304c/resourcegroups/sql-audit-cmdlet-test-rg110/deployments/sql-audit-test-env-setup?api-version=2014-04-01-preview",
      "EncodedRequestUri": "L3N1YnNjcmlwdGlvbnMvY2NhMjRlYzgtOTliNS00YWE3LTlmZjYtNDg2ZTg4NmYzMDRjL3Jlc291cmNlZ3JvdXBzL3NxbC1hdWRpdC1jbWRsZXQtdGVzdC1yZzExMC9kZXBsb3ltZW50cy9zcWwtYXVkaXQtdGVzdC1lbnYtc2V0dXA/YXBpLXZlcnNpb249MjAxNC0wNC0wMS1wcmV2aWV3",
      "RequestMethod": "GET",
      "RequestBody": "",
      "RequestHeaders": {
        "User-Agent": [
          "Microsoft.Azure.Management.Resources.ResourceManagementClient/2.0.0.0"
        ]
      },
      "ResponseBody": "{\r\n  \"id\": \"/subscriptions/cca24ec8-99b5-4aa7-9ff6-486e886f304c/resourceGroups/sql-audit-cmdlet-test-rg110/deployments/sql-audit-test-env-setup\",\r\n  \"name\": \"sql-audit-test-env-setup\",\r\n  \"properties\": {\r\n    \"parameters\": {\r\n      \"administratorLogin\": {\r\n        \"type\": \"String\",\r\n        \"value\": \"testlogin\"\r\n      },\r\n      \"administratorLoginPassword\": {\r\n        \"type\": \"SecureString\"\r\n      },\r\n      \"collation\": {\r\n        \"type\": \"String\",\r\n        \"value\": \"SQL_Latin1_General_CP1_CI_AS\"\r\n      },\r\n      \"databaseName\": {\r\n        \"type\": \"String\",\r\n        \"value\": \"sql-audit-cmdlet-db110\"\r\n      },\r\n      \"edition\": {\r\n        \"type\": \"String\",\r\n        \"value\": \"Basic\"\r\n      },\r\n      \"configuredServiceLevelObjectiveId\": {\r\n        \"type\": \"String\",\r\n        \"value\": \"910b4fcb-8a29-4c3e-958f-f7ba794388b2\"\r\n      },\r\n      \"envLocation\": {\r\n        \"type\": \"String\",\r\n        \"value\": \"West US\"\r\n      },\r\n      \"serverName\": {\r\n        \"type\": \"String\",\r\n        \"value\": \"sql-audit-cmdlet-server110\"\r\n      }\r\n    },\r\n    \"mode\": \"Incremental\",\r\n    \"provisioningState\": \"Running\",\r\n    \"timestamp\": \"2014-09-17T09:28:34.7486803Z\",\r\n    \"correlationId\": \"61c688bc-f1f9-45c9-bd98-1160dccf0c94\",\r\n    \"providers\": [\r\n      {\r\n        \"namespace\": \"Microsoft.Sql\",\r\n        \"resourceTypes\": [\r\n          {\r\n            \"resourceType\": \"servers\",\r\n            \"locations\": [\r\n              \"westus\"\r\n            ]\r\n          },\r\n          {\r\n            \"resourceType\": \"servers/databases\",\r\n            \"locations\": [\r\n              \"westus\"\r\n            ]\r\n          }\r\n        ]\r\n      }\r\n    ],\r\n    \"dependencies\": [\r\n      {\r\n        \"dependsOn\": [\r\n          {\r\n            \"id\": \"/subscriptions/cca24ec8-99b5-4aa7-9ff6-486e886f304c/resourceGroups/sql-audit-cmdlet-test-rg110/providers/Microsoft.Sql/servers/sql-audit-cmdlet-server110\",\r\n            \"resourceType\": \"Microsoft.Sql/servers\",\r\n            \"resourceName\": \"sql-audit-cmdlet-server110\"\r\n          }\r\n        ],\r\n        \"id\": \"/subscriptions/cca24ec8-99b5-4aa7-9ff6-486e886f304c/resourceGroups/sql-audit-cmdlet-test-rg110/providers/Microsoft.Sql/servers/sql-audit-cmdlet-server110/databases/sql-audit-cmdlet-db110\",\r\n        \"resourceType\": \"Microsoft.Sql/servers/databases\",\r\n        \"resourceName\": \"sql-audit-cmdlet-server110/sql-audit-cmdlet-db110\"\r\n      }\r\n    ]\r\n  }\r\n}",
      "ResponseHeaders": {
        "Pragma": [
          "no-cache"
        ],
        "x-ms-ratelimit-remaining-subscription-reads": [
          "31858"
        ],
        "x-ms-request-id": [
          "e3e8719f-b2d6-431c-8cd4-6445659ac419"
        ],
        "x-ms-correlation-request-id": [
          "e3e8719f-b2d6-431c-8cd4-6445659ac419"
        ],
        "x-ms-routing-request-id": [
          "WESTEUROPE:20140917T092858Z:e3e8719f-b2d6-431c-8cd4-6445659ac419"
        ],
        "Strict-Transport-Security": [
          "max-age=31536000; includeSubDomains"
        ],
        "Cache-Control": [
          "no-cache"
        ],
        "Date": [
          "Wed, 17 Sep 2014 09:28:58 GMT"
        ]
      },
      "StatusCode": 200
    },
    {
      "RequestUri": "/subscriptions/cca24ec8-99b5-4aa7-9ff6-486e886f304c/resourcegroups/sql-audit-cmdlet-test-rg110/deployments/sql-audit-test-env-setup?api-version=2014-04-01-preview",
      "EncodedRequestUri": "L3N1YnNjcmlwdGlvbnMvY2NhMjRlYzgtOTliNS00YWE3LTlmZjYtNDg2ZTg4NmYzMDRjL3Jlc291cmNlZ3JvdXBzL3NxbC1hdWRpdC1jbWRsZXQtdGVzdC1yZzExMC9kZXBsb3ltZW50cy9zcWwtYXVkaXQtdGVzdC1lbnYtc2V0dXA/YXBpLXZlcnNpb249MjAxNC0wNC0wMS1wcmV2aWV3",
      "RequestMethod": "GET",
      "RequestBody": "",
      "RequestHeaders": {
        "User-Agent": [
          "Microsoft.Azure.Management.Resources.ResourceManagementClient/2.0.0.0"
        ]
      },
      "ResponseBody": "{\r\n  \"id\": \"/subscriptions/cca24ec8-99b5-4aa7-9ff6-486e886f304c/resourceGroups/sql-audit-cmdlet-test-rg110/deployments/sql-audit-test-env-setup\",\r\n  \"name\": \"sql-audit-test-env-setup\",\r\n  \"properties\": {\r\n    \"parameters\": {\r\n      \"administratorLogin\": {\r\n        \"type\": \"String\",\r\n        \"value\": \"testlogin\"\r\n      },\r\n      \"administratorLoginPassword\": {\r\n        \"type\": \"SecureString\"\r\n      },\r\n      \"collation\": {\r\n        \"type\": \"String\",\r\n        \"value\": \"SQL_Latin1_General_CP1_CI_AS\"\r\n      },\r\n      \"databaseName\": {\r\n        \"type\": \"String\",\r\n        \"value\": \"sql-audit-cmdlet-db110\"\r\n      },\r\n      \"edition\": {\r\n        \"type\": \"String\",\r\n        \"value\": \"Basic\"\r\n      },\r\n      \"configuredServiceLevelObjectiveId\": {\r\n        \"type\": \"String\",\r\n        \"value\": \"910b4fcb-8a29-4c3e-958f-f7ba794388b2\"\r\n      },\r\n      \"envLocation\": {\r\n        \"type\": \"String\",\r\n        \"value\": \"West US\"\r\n      },\r\n      \"serverName\": {\r\n        \"type\": \"String\",\r\n        \"value\": \"sql-audit-cmdlet-server110\"\r\n      }\r\n    },\r\n    \"mode\": \"Incremental\",\r\n    \"provisioningState\": \"Running\",\r\n    \"timestamp\": \"2014-09-17T09:28:34.7486803Z\",\r\n    \"correlationId\": \"61c688bc-f1f9-45c9-bd98-1160dccf0c94\",\r\n    \"providers\": [\r\n      {\r\n        \"namespace\": \"Microsoft.Sql\",\r\n        \"resourceTypes\": [\r\n          {\r\n            \"resourceType\": \"servers\",\r\n            \"locations\": [\r\n              \"westus\"\r\n            ]\r\n          },\r\n          {\r\n            \"resourceType\": \"servers/databases\",\r\n            \"locations\": [\r\n              \"westus\"\r\n            ]\r\n          }\r\n        ]\r\n      }\r\n    ],\r\n    \"dependencies\": [\r\n      {\r\n        \"dependsOn\": [\r\n          {\r\n            \"id\": \"/subscriptions/cca24ec8-99b5-4aa7-9ff6-486e886f304c/resourceGroups/sql-audit-cmdlet-test-rg110/providers/Microsoft.Sql/servers/sql-audit-cmdlet-server110\",\r\n            \"resourceType\": \"Microsoft.Sql/servers\",\r\n            \"resourceName\": \"sql-audit-cmdlet-server110\"\r\n          }\r\n        ],\r\n        \"id\": \"/subscriptions/cca24ec8-99b5-4aa7-9ff6-486e886f304c/resourceGroups/sql-audit-cmdlet-test-rg110/providers/Microsoft.Sql/servers/sql-audit-cmdlet-server110/databases/sql-audit-cmdlet-db110\",\r\n        \"resourceType\": \"Microsoft.Sql/servers/databases\",\r\n        \"resourceName\": \"sql-audit-cmdlet-server110/sql-audit-cmdlet-db110\"\r\n      }\r\n    ]\r\n  }\r\n}",
      "ResponseHeaders": {
        "Pragma": [
          "no-cache"
        ],
        "x-ms-ratelimit-remaining-subscription-reads": [
          "31856"
        ],
        "x-ms-request-id": [
          "d32e687b-0c52-46d9-8088-c61017277c65"
        ],
        "x-ms-correlation-request-id": [
          "d32e687b-0c52-46d9-8088-c61017277c65"
        ],
        "x-ms-routing-request-id": [
          "WESTEUROPE:20140917T092902Z:d32e687b-0c52-46d9-8088-c61017277c65"
        ],
        "Strict-Transport-Security": [
          "max-age=31536000; includeSubDomains"
        ],
        "Cache-Control": [
          "no-cache"
        ],
        "Date": [
          "Wed, 17 Sep 2014 09:29:02 GMT"
        ]
      },
      "StatusCode": 200
    },
    {
      "RequestUri": "/subscriptions/cca24ec8-99b5-4aa7-9ff6-486e886f304c/resourcegroups/sql-audit-cmdlet-test-rg110/deployments/sql-audit-test-env-setup?api-version=2014-04-01-preview",
      "EncodedRequestUri": "L3N1YnNjcmlwdGlvbnMvY2NhMjRlYzgtOTliNS00YWE3LTlmZjYtNDg2ZTg4NmYzMDRjL3Jlc291cmNlZ3JvdXBzL3NxbC1hdWRpdC1jbWRsZXQtdGVzdC1yZzExMC9kZXBsb3ltZW50cy9zcWwtYXVkaXQtdGVzdC1lbnYtc2V0dXA/YXBpLXZlcnNpb249MjAxNC0wNC0wMS1wcmV2aWV3",
      "RequestMethod": "GET",
      "RequestBody": "",
      "RequestHeaders": {
        "User-Agent": [
          "Microsoft.Azure.Management.Resources.ResourceManagementClient/2.0.0.0"
        ]
      },
      "ResponseBody": "{\r\n  \"id\": \"/subscriptions/cca24ec8-99b5-4aa7-9ff6-486e886f304c/resourceGroups/sql-audit-cmdlet-test-rg110/deployments/sql-audit-test-env-setup\",\r\n  \"name\": \"sql-audit-test-env-setup\",\r\n  \"properties\": {\r\n    \"parameters\": {\r\n      \"administratorLogin\": {\r\n        \"type\": \"String\",\r\n        \"value\": \"testlogin\"\r\n      },\r\n      \"administratorLoginPassword\": {\r\n        \"type\": \"SecureString\"\r\n      },\r\n      \"collation\": {\r\n        \"type\": \"String\",\r\n        \"value\": \"SQL_Latin1_General_CP1_CI_AS\"\r\n      },\r\n      \"databaseName\": {\r\n        \"type\": \"String\",\r\n        \"value\": \"sql-audit-cmdlet-db110\"\r\n      },\r\n      \"edition\": {\r\n        \"type\": \"String\",\r\n        \"value\": \"Basic\"\r\n      },\r\n      \"configuredServiceLevelObjectiveId\": {\r\n        \"type\": \"String\",\r\n        \"value\": \"910b4fcb-8a29-4c3e-958f-f7ba794388b2\"\r\n      },\r\n      \"envLocation\": {\r\n        \"type\": \"String\",\r\n        \"value\": \"West US\"\r\n      },\r\n      \"serverName\": {\r\n        \"type\": \"String\",\r\n        \"value\": \"sql-audit-cmdlet-server110\"\r\n      }\r\n    },\r\n    \"mode\": \"Incremental\",\r\n    \"provisioningState\": \"Running\",\r\n    \"timestamp\": \"2014-09-17T09:28:34.7486803Z\",\r\n    \"correlationId\": \"61c688bc-f1f9-45c9-bd98-1160dccf0c94\",\r\n    \"providers\": [\r\n      {\r\n        \"namespace\": \"Microsoft.Sql\",\r\n        \"resourceTypes\": [\r\n          {\r\n            \"resourceType\": \"servers\",\r\n            \"locations\": [\r\n              \"westus\"\r\n            ]\r\n          },\r\n          {\r\n            \"resourceType\": \"servers/databases\",\r\n            \"locations\": [\r\n              \"westus\"\r\n            ]\r\n          }\r\n        ]\r\n      }\r\n    ],\r\n    \"dependencies\": [\r\n      {\r\n        \"dependsOn\": [\r\n          {\r\n            \"id\": \"/subscriptions/cca24ec8-99b5-4aa7-9ff6-486e886f304c/resourceGroups/sql-audit-cmdlet-test-rg110/providers/Microsoft.Sql/servers/sql-audit-cmdlet-server110\",\r\n            \"resourceType\": \"Microsoft.Sql/servers\",\r\n            \"resourceName\": \"sql-audit-cmdlet-server110\"\r\n          }\r\n        ],\r\n        \"id\": \"/subscriptions/cca24ec8-99b5-4aa7-9ff6-486e886f304c/resourceGroups/sql-audit-cmdlet-test-rg110/providers/Microsoft.Sql/servers/sql-audit-cmdlet-server110/databases/sql-audit-cmdlet-db110\",\r\n        \"resourceType\": \"Microsoft.Sql/servers/databases\",\r\n        \"resourceName\": \"sql-audit-cmdlet-server110/sql-audit-cmdlet-db110\"\r\n      }\r\n    ]\r\n  }\r\n}",
      "ResponseHeaders": {
        "Pragma": [
          "no-cache"
        ],
        "x-ms-ratelimit-remaining-subscription-reads": [
          "31854"
        ],
        "x-ms-request-id": [
          "fb6bb3f3-55b1-4433-8792-8a84b21ca5fa"
        ],
        "x-ms-correlation-request-id": [
          "fb6bb3f3-55b1-4433-8792-8a84b21ca5fa"
        ],
        "x-ms-routing-request-id": [
          "WESTEUROPE:20140917T092906Z:fb6bb3f3-55b1-4433-8792-8a84b21ca5fa"
        ],
        "Strict-Transport-Security": [
          "max-age=31536000; includeSubDomains"
        ],
        "Cache-Control": [
          "no-cache"
        ],
        "Date": [
          "Wed, 17 Sep 2014 09:29:05 GMT"
        ]
      },
      "StatusCode": 200
    },
    {
      "RequestUri": "/subscriptions/cca24ec8-99b5-4aa7-9ff6-486e886f304c/resourcegroups/sql-audit-cmdlet-test-rg110/deployments/sql-audit-test-env-setup?api-version=2014-04-01-preview",
      "EncodedRequestUri": "L3N1YnNjcmlwdGlvbnMvY2NhMjRlYzgtOTliNS00YWE3LTlmZjYtNDg2ZTg4NmYzMDRjL3Jlc291cmNlZ3JvdXBzL3NxbC1hdWRpdC1jbWRsZXQtdGVzdC1yZzExMC9kZXBsb3ltZW50cy9zcWwtYXVkaXQtdGVzdC1lbnYtc2V0dXA/YXBpLXZlcnNpb249MjAxNC0wNC0wMS1wcmV2aWV3",
      "RequestMethod": "GET",
      "RequestBody": "",
      "RequestHeaders": {
        "User-Agent": [
          "Microsoft.Azure.Management.Resources.ResourceManagementClient/2.0.0.0"
        ]
      },
      "ResponseBody": "{\r\n  \"id\": \"/subscriptions/cca24ec8-99b5-4aa7-9ff6-486e886f304c/resourceGroups/sql-audit-cmdlet-test-rg110/deployments/sql-audit-test-env-setup\",\r\n  \"name\": \"sql-audit-test-env-setup\",\r\n  \"properties\": {\r\n    \"parameters\": {\r\n      \"administratorLogin\": {\r\n        \"type\": \"String\",\r\n        \"value\": \"testlogin\"\r\n      },\r\n      \"administratorLoginPassword\": {\r\n        \"type\": \"SecureString\"\r\n      },\r\n      \"collation\": {\r\n        \"type\": \"String\",\r\n        \"value\": \"SQL_Latin1_General_CP1_CI_AS\"\r\n      },\r\n      \"databaseName\": {\r\n        \"type\": \"String\",\r\n        \"value\": \"sql-audit-cmdlet-db110\"\r\n      },\r\n      \"edition\": {\r\n        \"type\": \"String\",\r\n        \"value\": \"Basic\"\r\n      },\r\n      \"configuredServiceLevelObjectiveId\": {\r\n        \"type\": \"String\",\r\n        \"value\": \"910b4fcb-8a29-4c3e-958f-f7ba794388b2\"\r\n      },\r\n      \"envLocation\": {\r\n        \"type\": \"String\",\r\n        \"value\": \"West US\"\r\n      },\r\n      \"serverName\": {\r\n        \"type\": \"String\",\r\n        \"value\": \"sql-audit-cmdlet-server110\"\r\n      }\r\n    },\r\n    \"mode\": \"Incremental\",\r\n    \"provisioningState\": \"Running\",\r\n    \"timestamp\": \"2014-09-17T09:28:34.7486803Z\",\r\n    \"correlationId\": \"61c688bc-f1f9-45c9-bd98-1160dccf0c94\",\r\n    \"providers\": [\r\n      {\r\n        \"namespace\": \"Microsoft.Sql\",\r\n        \"resourceTypes\": [\r\n          {\r\n            \"resourceType\": \"servers\",\r\n            \"locations\": [\r\n              \"westus\"\r\n            ]\r\n          },\r\n          {\r\n            \"resourceType\": \"servers/databases\",\r\n            \"locations\": [\r\n              \"westus\"\r\n            ]\r\n          }\r\n        ]\r\n      }\r\n    ],\r\n    \"dependencies\": [\r\n      {\r\n        \"dependsOn\": [\r\n          {\r\n            \"id\": \"/subscriptions/cca24ec8-99b5-4aa7-9ff6-486e886f304c/resourceGroups/sql-audit-cmdlet-test-rg110/providers/Microsoft.Sql/servers/sql-audit-cmdlet-server110\",\r\n            \"resourceType\": \"Microsoft.Sql/servers\",\r\n            \"resourceName\": \"sql-audit-cmdlet-server110\"\r\n          }\r\n        ],\r\n        \"id\": \"/subscriptions/cca24ec8-99b5-4aa7-9ff6-486e886f304c/resourceGroups/sql-audit-cmdlet-test-rg110/providers/Microsoft.Sql/servers/sql-audit-cmdlet-server110/databases/sql-audit-cmdlet-db110\",\r\n        \"resourceType\": \"Microsoft.Sql/servers/databases\",\r\n        \"resourceName\": \"sql-audit-cmdlet-server110/sql-audit-cmdlet-db110\"\r\n      }\r\n    ]\r\n  }\r\n}",
      "ResponseHeaders": {
        "Pragma": [
          "no-cache"
        ],
        "x-ms-ratelimit-remaining-subscription-reads": [
          "31852"
        ],
        "x-ms-request-id": [
          "52f34acf-3030-47ef-9b04-4a4a7bff7ee1"
        ],
        "x-ms-correlation-request-id": [
          "52f34acf-3030-47ef-9b04-4a4a7bff7ee1"
        ],
        "x-ms-routing-request-id": [
          "WESTEUROPE:20140917T092910Z:52f34acf-3030-47ef-9b04-4a4a7bff7ee1"
        ],
        "Strict-Transport-Security": [
          "max-age=31536000; includeSubDomains"
        ],
        "Cache-Control": [
          "no-cache"
        ],
        "Date": [
          "Wed, 17 Sep 2014 09:29:09 GMT"
        ]
      },
      "StatusCode": 200
    },
    {
      "RequestUri": "/subscriptions/cca24ec8-99b5-4aa7-9ff6-486e886f304c/resourcegroups/sql-audit-cmdlet-test-rg110/deployments/sql-audit-test-env-setup?api-version=2014-04-01-preview",
      "EncodedRequestUri": "L3N1YnNjcmlwdGlvbnMvY2NhMjRlYzgtOTliNS00YWE3LTlmZjYtNDg2ZTg4NmYzMDRjL3Jlc291cmNlZ3JvdXBzL3NxbC1hdWRpdC1jbWRsZXQtdGVzdC1yZzExMC9kZXBsb3ltZW50cy9zcWwtYXVkaXQtdGVzdC1lbnYtc2V0dXA/YXBpLXZlcnNpb249MjAxNC0wNC0wMS1wcmV2aWV3",
      "RequestMethod": "GET",
      "RequestBody": "",
      "RequestHeaders": {
        "User-Agent": [
          "Microsoft.Azure.Management.Resources.ResourceManagementClient/2.0.0.0"
        ]
      },
      "ResponseBody": "{\r\n  \"id\": \"/subscriptions/cca24ec8-99b5-4aa7-9ff6-486e886f304c/resourceGroups/sql-audit-cmdlet-test-rg110/deployments/sql-audit-test-env-setup\",\r\n  \"name\": \"sql-audit-test-env-setup\",\r\n  \"properties\": {\r\n    \"parameters\": {\r\n      \"administratorLogin\": {\r\n        \"type\": \"String\",\r\n        \"value\": \"testlogin\"\r\n      },\r\n      \"administratorLoginPassword\": {\r\n        \"type\": \"SecureString\"\r\n      },\r\n      \"collation\": {\r\n        \"type\": \"String\",\r\n        \"value\": \"SQL_Latin1_General_CP1_CI_AS\"\r\n      },\r\n      \"databaseName\": {\r\n        \"type\": \"String\",\r\n        \"value\": \"sql-audit-cmdlet-db110\"\r\n      },\r\n      \"edition\": {\r\n        \"type\": \"String\",\r\n        \"value\": \"Basic\"\r\n      },\r\n      \"configuredServiceLevelObjectiveId\": {\r\n        \"type\": \"String\",\r\n        \"value\": \"910b4fcb-8a29-4c3e-958f-f7ba794388b2\"\r\n      },\r\n      \"envLocation\": {\r\n        \"type\": \"String\",\r\n        \"value\": \"West US\"\r\n      },\r\n      \"serverName\": {\r\n        \"type\": \"String\",\r\n        \"value\": \"sql-audit-cmdlet-server110\"\r\n      }\r\n    },\r\n    \"mode\": \"Incremental\",\r\n    \"provisioningState\": \"Running\",\r\n    \"timestamp\": \"2014-09-17T09:28:34.7486803Z\",\r\n    \"correlationId\": \"61c688bc-f1f9-45c9-bd98-1160dccf0c94\",\r\n    \"providers\": [\r\n      {\r\n        \"namespace\": \"Microsoft.Sql\",\r\n        \"resourceTypes\": [\r\n          {\r\n            \"resourceType\": \"servers\",\r\n            \"locations\": [\r\n              \"westus\"\r\n            ]\r\n          },\r\n          {\r\n            \"resourceType\": \"servers/databases\",\r\n            \"locations\": [\r\n              \"westus\"\r\n            ]\r\n          }\r\n        ]\r\n      }\r\n    ],\r\n    \"dependencies\": [\r\n      {\r\n        \"dependsOn\": [\r\n          {\r\n            \"id\": \"/subscriptions/cca24ec8-99b5-4aa7-9ff6-486e886f304c/resourceGroups/sql-audit-cmdlet-test-rg110/providers/Microsoft.Sql/servers/sql-audit-cmdlet-server110\",\r\n            \"resourceType\": \"Microsoft.Sql/servers\",\r\n            \"resourceName\": \"sql-audit-cmdlet-server110\"\r\n          }\r\n        ],\r\n        \"id\": \"/subscriptions/cca24ec8-99b5-4aa7-9ff6-486e886f304c/resourceGroups/sql-audit-cmdlet-test-rg110/providers/Microsoft.Sql/servers/sql-audit-cmdlet-server110/databases/sql-audit-cmdlet-db110\",\r\n        \"resourceType\": \"Microsoft.Sql/servers/databases\",\r\n        \"resourceName\": \"sql-audit-cmdlet-server110/sql-audit-cmdlet-db110\"\r\n      }\r\n    ]\r\n  }\r\n}",
      "ResponseHeaders": {
        "Pragma": [
          "no-cache"
        ],
        "x-ms-ratelimit-remaining-subscription-reads": [
          "31850"
        ],
        "x-ms-request-id": [
          "433331f7-19e8-4de6-90a9-f70d70c490df"
        ],
        "x-ms-correlation-request-id": [
          "433331f7-19e8-4de6-90a9-f70d70c490df"
        ],
        "x-ms-routing-request-id": [
          "WESTEUROPE:20140917T092914Z:433331f7-19e8-4de6-90a9-f70d70c490df"
        ],
        "Strict-Transport-Security": [
          "max-age=31536000; includeSubDomains"
        ],
        "Cache-Control": [
          "no-cache"
        ],
        "Date": [
          "Wed, 17 Sep 2014 09:29:14 GMT"
        ]
      },
      "StatusCode": 200
    },
    {
      "RequestUri": "/subscriptions/cca24ec8-99b5-4aa7-9ff6-486e886f304c/resourcegroups/sql-audit-cmdlet-test-rg110/deployments/sql-audit-test-env-setup?api-version=2014-04-01-preview",
      "EncodedRequestUri": "L3N1YnNjcmlwdGlvbnMvY2NhMjRlYzgtOTliNS00YWE3LTlmZjYtNDg2ZTg4NmYzMDRjL3Jlc291cmNlZ3JvdXBzL3NxbC1hdWRpdC1jbWRsZXQtdGVzdC1yZzExMC9kZXBsb3ltZW50cy9zcWwtYXVkaXQtdGVzdC1lbnYtc2V0dXA/YXBpLXZlcnNpb249MjAxNC0wNC0wMS1wcmV2aWV3",
      "RequestMethod": "GET",
      "RequestBody": "",
      "RequestHeaders": {
        "User-Agent": [
          "Microsoft.Azure.Management.Resources.ResourceManagementClient/2.0.0.0"
        ]
      },
      "ResponseBody": "{\r\n  \"id\": \"/subscriptions/cca24ec8-99b5-4aa7-9ff6-486e886f304c/resourceGroups/sql-audit-cmdlet-test-rg110/deployments/sql-audit-test-env-setup\",\r\n  \"name\": \"sql-audit-test-env-setup\",\r\n  \"properties\": {\r\n    \"parameters\": {\r\n      \"administratorLogin\": {\r\n        \"type\": \"String\",\r\n        \"value\": \"testlogin\"\r\n      },\r\n      \"administratorLoginPassword\": {\r\n        \"type\": \"SecureString\"\r\n      },\r\n      \"collation\": {\r\n        \"type\": \"String\",\r\n        \"value\": \"SQL_Latin1_General_CP1_CI_AS\"\r\n      },\r\n      \"databaseName\": {\r\n        \"type\": \"String\",\r\n        \"value\": \"sql-audit-cmdlet-db110\"\r\n      },\r\n      \"edition\": {\r\n        \"type\": \"String\",\r\n        \"value\": \"Basic\"\r\n      },\r\n      \"configuredServiceLevelObjectiveId\": {\r\n        \"type\": \"String\",\r\n        \"value\": \"910b4fcb-8a29-4c3e-958f-f7ba794388b2\"\r\n      },\r\n      \"envLocation\": {\r\n        \"type\": \"String\",\r\n        \"value\": \"West US\"\r\n      },\r\n      \"serverName\": {\r\n        \"type\": \"String\",\r\n        \"value\": \"sql-audit-cmdlet-server110\"\r\n      }\r\n    },\r\n    \"mode\": \"Incremental\",\r\n    \"provisioningState\": \"Running\",\r\n    \"timestamp\": \"2014-09-17T09:28:34.7486803Z\",\r\n    \"correlationId\": \"61c688bc-f1f9-45c9-bd98-1160dccf0c94\",\r\n    \"providers\": [\r\n      {\r\n        \"namespace\": \"Microsoft.Sql\",\r\n        \"resourceTypes\": [\r\n          {\r\n            \"resourceType\": \"servers\",\r\n            \"locations\": [\r\n              \"westus\"\r\n            ]\r\n          },\r\n          {\r\n            \"resourceType\": \"servers/databases\",\r\n            \"locations\": [\r\n              \"westus\"\r\n            ]\r\n          }\r\n        ]\r\n      }\r\n    ],\r\n    \"dependencies\": [\r\n      {\r\n        \"dependsOn\": [\r\n          {\r\n            \"id\": \"/subscriptions/cca24ec8-99b5-4aa7-9ff6-486e886f304c/resourceGroups/sql-audit-cmdlet-test-rg110/providers/Microsoft.Sql/servers/sql-audit-cmdlet-server110\",\r\n            \"resourceType\": \"Microsoft.Sql/servers\",\r\n            \"resourceName\": \"sql-audit-cmdlet-server110\"\r\n          }\r\n        ],\r\n        \"id\": \"/subscriptions/cca24ec8-99b5-4aa7-9ff6-486e886f304c/resourceGroups/sql-audit-cmdlet-test-rg110/providers/Microsoft.Sql/servers/sql-audit-cmdlet-server110/databases/sql-audit-cmdlet-db110\",\r\n        \"resourceType\": \"Microsoft.Sql/servers/databases\",\r\n        \"resourceName\": \"sql-audit-cmdlet-server110/sql-audit-cmdlet-db110\"\r\n      }\r\n    ]\r\n  }\r\n}",
      "ResponseHeaders": {
        "Pragma": [
          "no-cache"
        ],
        "x-ms-ratelimit-remaining-subscription-reads": [
          "31848"
        ],
        "x-ms-request-id": [
          "19b08dd9-d2e4-431a-b804-935f4d6f5d7c"
        ],
        "x-ms-correlation-request-id": [
          "19b08dd9-d2e4-431a-b804-935f4d6f5d7c"
        ],
        "x-ms-routing-request-id": [
          "WESTEUROPE:20140917T092918Z:19b08dd9-d2e4-431a-b804-935f4d6f5d7c"
        ],
        "Strict-Transport-Security": [
          "max-age=31536000; includeSubDomains"
        ],
        "Cache-Control": [
          "no-cache"
        ],
        "Date": [
          "Wed, 17 Sep 2014 09:29:17 GMT"
        ]
      },
      "StatusCode": 200
    },
    {
      "RequestUri": "/subscriptions/cca24ec8-99b5-4aa7-9ff6-486e886f304c/resourcegroups/sql-audit-cmdlet-test-rg110/deployments/sql-audit-test-env-setup?api-version=2014-04-01-preview",
      "EncodedRequestUri": "L3N1YnNjcmlwdGlvbnMvY2NhMjRlYzgtOTliNS00YWE3LTlmZjYtNDg2ZTg4NmYzMDRjL3Jlc291cmNlZ3JvdXBzL3NxbC1hdWRpdC1jbWRsZXQtdGVzdC1yZzExMC9kZXBsb3ltZW50cy9zcWwtYXVkaXQtdGVzdC1lbnYtc2V0dXA/YXBpLXZlcnNpb249MjAxNC0wNC0wMS1wcmV2aWV3",
      "RequestMethod": "GET",
      "RequestBody": "",
      "RequestHeaders": {
        "User-Agent": [
          "Microsoft.Azure.Management.Resources.ResourceManagementClient/2.0.0.0"
        ]
      },
      "ResponseBody": "{\r\n  \"id\": \"/subscriptions/cca24ec8-99b5-4aa7-9ff6-486e886f304c/resourceGroups/sql-audit-cmdlet-test-rg110/deployments/sql-audit-test-env-setup\",\r\n  \"name\": \"sql-audit-test-env-setup\",\r\n  \"properties\": {\r\n    \"parameters\": {\r\n      \"administratorLogin\": {\r\n        \"type\": \"String\",\r\n        \"value\": \"testlogin\"\r\n      },\r\n      \"administratorLoginPassword\": {\r\n        \"type\": \"SecureString\"\r\n      },\r\n      \"collation\": {\r\n        \"type\": \"String\",\r\n        \"value\": \"SQL_Latin1_General_CP1_CI_AS\"\r\n      },\r\n      \"databaseName\": {\r\n        \"type\": \"String\",\r\n        \"value\": \"sql-audit-cmdlet-db110\"\r\n      },\r\n      \"edition\": {\r\n        \"type\": \"String\",\r\n        \"value\": \"Basic\"\r\n      },\r\n      \"configuredServiceLevelObjectiveId\": {\r\n        \"type\": \"String\",\r\n        \"value\": \"910b4fcb-8a29-4c3e-958f-f7ba794388b2\"\r\n      },\r\n      \"envLocation\": {\r\n        \"type\": \"String\",\r\n        \"value\": \"West US\"\r\n      },\r\n      \"serverName\": {\r\n        \"type\": \"String\",\r\n        \"value\": \"sql-audit-cmdlet-server110\"\r\n      }\r\n    },\r\n    \"mode\": \"Incremental\",\r\n    \"provisioningState\": \"Running\",\r\n    \"timestamp\": \"2014-09-17T09:28:34.7486803Z\",\r\n    \"correlationId\": \"61c688bc-f1f9-45c9-bd98-1160dccf0c94\",\r\n    \"providers\": [\r\n      {\r\n        \"namespace\": \"Microsoft.Sql\",\r\n        \"resourceTypes\": [\r\n          {\r\n            \"resourceType\": \"servers\",\r\n            \"locations\": [\r\n              \"westus\"\r\n            ]\r\n          },\r\n          {\r\n            \"resourceType\": \"servers/databases\",\r\n            \"locations\": [\r\n              \"westus\"\r\n            ]\r\n          }\r\n        ]\r\n      }\r\n    ],\r\n    \"dependencies\": [\r\n      {\r\n        \"dependsOn\": [\r\n          {\r\n            \"id\": \"/subscriptions/cca24ec8-99b5-4aa7-9ff6-486e886f304c/resourceGroups/sql-audit-cmdlet-test-rg110/providers/Microsoft.Sql/servers/sql-audit-cmdlet-server110\",\r\n            \"resourceType\": \"Microsoft.Sql/servers\",\r\n            \"resourceName\": \"sql-audit-cmdlet-server110\"\r\n          }\r\n        ],\r\n        \"id\": \"/subscriptions/cca24ec8-99b5-4aa7-9ff6-486e886f304c/resourceGroups/sql-audit-cmdlet-test-rg110/providers/Microsoft.Sql/servers/sql-audit-cmdlet-server110/databases/sql-audit-cmdlet-db110\",\r\n        \"resourceType\": \"Microsoft.Sql/servers/databases\",\r\n        \"resourceName\": \"sql-audit-cmdlet-server110/sql-audit-cmdlet-db110\"\r\n      }\r\n    ]\r\n  }\r\n}",
      "ResponseHeaders": {
        "Pragma": [
          "no-cache"
        ],
        "x-ms-ratelimit-remaining-subscription-reads": [
          "31846"
        ],
        "x-ms-request-id": [
          "36b15bc9-628d-4a04-a8ba-1f407e81cd19"
        ],
        "x-ms-correlation-request-id": [
          "36b15bc9-628d-4a04-a8ba-1f407e81cd19"
        ],
        "x-ms-routing-request-id": [
          "WESTEUROPE:20140917T092922Z:36b15bc9-628d-4a04-a8ba-1f407e81cd19"
        ],
        "Strict-Transport-Security": [
          "max-age=31536000; includeSubDomains"
        ],
        "Cache-Control": [
          "no-cache"
        ],
        "Date": [
          "Wed, 17 Sep 2014 09:29:21 GMT"
        ]
      },
      "StatusCode": 200
    },
    {
      "RequestUri": "/subscriptions/cca24ec8-99b5-4aa7-9ff6-486e886f304c/resourcegroups/sql-audit-cmdlet-test-rg110/deployments/sql-audit-test-env-setup?api-version=2014-04-01-preview",
      "EncodedRequestUri": "L3N1YnNjcmlwdGlvbnMvY2NhMjRlYzgtOTliNS00YWE3LTlmZjYtNDg2ZTg4NmYzMDRjL3Jlc291cmNlZ3JvdXBzL3NxbC1hdWRpdC1jbWRsZXQtdGVzdC1yZzExMC9kZXBsb3ltZW50cy9zcWwtYXVkaXQtdGVzdC1lbnYtc2V0dXA/YXBpLXZlcnNpb249MjAxNC0wNC0wMS1wcmV2aWV3",
      "RequestMethod": "GET",
      "RequestBody": "",
      "RequestHeaders": {
        "User-Agent": [
          "Microsoft.Azure.Management.Resources.ResourceManagementClient/2.0.0.0"
        ]
      },
      "ResponseBody": "{\r\n  \"id\": \"/subscriptions/cca24ec8-99b5-4aa7-9ff6-486e886f304c/resourceGroups/sql-audit-cmdlet-test-rg110/deployments/sql-audit-test-env-setup\",\r\n  \"name\": \"sql-audit-test-env-setup\",\r\n  \"properties\": {\r\n    \"parameters\": {\r\n      \"administratorLogin\": {\r\n        \"type\": \"String\",\r\n        \"value\": \"testlogin\"\r\n      },\r\n      \"administratorLoginPassword\": {\r\n        \"type\": \"SecureString\"\r\n      },\r\n      \"collation\": {\r\n        \"type\": \"String\",\r\n        \"value\": \"SQL_Latin1_General_CP1_CI_AS\"\r\n      },\r\n      \"databaseName\": {\r\n        \"type\": \"String\",\r\n        \"value\": \"sql-audit-cmdlet-db110\"\r\n      },\r\n      \"edition\": {\r\n        \"type\": \"String\",\r\n        \"value\": \"Basic\"\r\n      },\r\n      \"configuredServiceLevelObjectiveId\": {\r\n        \"type\": \"String\",\r\n        \"value\": \"910b4fcb-8a29-4c3e-958f-f7ba794388b2\"\r\n      },\r\n      \"envLocation\": {\r\n        \"type\": \"String\",\r\n        \"value\": \"West US\"\r\n      },\r\n      \"serverName\": {\r\n        \"type\": \"String\",\r\n        \"value\": \"sql-audit-cmdlet-server110\"\r\n      }\r\n    },\r\n    \"mode\": \"Incremental\",\r\n    \"provisioningState\": \"Running\",\r\n    \"timestamp\": \"2014-09-17T09:28:34.7486803Z\",\r\n    \"correlationId\": \"61c688bc-f1f9-45c9-bd98-1160dccf0c94\",\r\n    \"providers\": [\r\n      {\r\n        \"namespace\": \"Microsoft.Sql\",\r\n        \"resourceTypes\": [\r\n          {\r\n            \"resourceType\": \"servers\",\r\n            \"locations\": [\r\n              \"westus\"\r\n            ]\r\n          },\r\n          {\r\n            \"resourceType\": \"servers/databases\",\r\n            \"locations\": [\r\n              \"westus\"\r\n            ]\r\n          }\r\n        ]\r\n      }\r\n    ],\r\n    \"dependencies\": [\r\n      {\r\n        \"dependsOn\": [\r\n          {\r\n            \"id\": \"/subscriptions/cca24ec8-99b5-4aa7-9ff6-486e886f304c/resourceGroups/sql-audit-cmdlet-test-rg110/providers/Microsoft.Sql/servers/sql-audit-cmdlet-server110\",\r\n            \"resourceType\": \"Microsoft.Sql/servers\",\r\n            \"resourceName\": \"sql-audit-cmdlet-server110\"\r\n          }\r\n        ],\r\n        \"id\": \"/subscriptions/cca24ec8-99b5-4aa7-9ff6-486e886f304c/resourceGroups/sql-audit-cmdlet-test-rg110/providers/Microsoft.Sql/servers/sql-audit-cmdlet-server110/databases/sql-audit-cmdlet-db110\",\r\n        \"resourceType\": \"Microsoft.Sql/servers/databases\",\r\n        \"resourceName\": \"sql-audit-cmdlet-server110/sql-audit-cmdlet-db110\"\r\n      }\r\n    ]\r\n  }\r\n}",
      "ResponseHeaders": {
        "Pragma": [
          "no-cache"
        ],
        "x-ms-ratelimit-remaining-subscription-reads": [
          "31844"
        ],
        "x-ms-request-id": [
          "c6d87942-24d4-40dc-9d6d-0cfc0ae4e21e"
        ],
        "x-ms-correlation-request-id": [
          "c6d87942-24d4-40dc-9d6d-0cfc0ae4e21e"
        ],
        "x-ms-routing-request-id": [
          "WESTEUROPE:20140917T092925Z:c6d87942-24d4-40dc-9d6d-0cfc0ae4e21e"
        ],
        "Strict-Transport-Security": [
          "max-age=31536000; includeSubDomains"
        ],
        "Cache-Control": [
          "no-cache"
        ],
        "Date": [
          "Wed, 17 Sep 2014 09:29:25 GMT"
        ]
      },
      "StatusCode": 200
    },
    {
      "RequestUri": "/subscriptions/cca24ec8-99b5-4aa7-9ff6-486e886f304c/resourcegroups/sql-audit-cmdlet-test-rg110/deployments/sql-audit-test-env-setup?api-version=2014-04-01-preview",
      "EncodedRequestUri": "L3N1YnNjcmlwdGlvbnMvY2NhMjRlYzgtOTliNS00YWE3LTlmZjYtNDg2ZTg4NmYzMDRjL3Jlc291cmNlZ3JvdXBzL3NxbC1hdWRpdC1jbWRsZXQtdGVzdC1yZzExMC9kZXBsb3ltZW50cy9zcWwtYXVkaXQtdGVzdC1lbnYtc2V0dXA/YXBpLXZlcnNpb249MjAxNC0wNC0wMS1wcmV2aWV3",
      "RequestMethod": "GET",
      "RequestBody": "",
      "RequestHeaders": {
        "User-Agent": [
          "Microsoft.Azure.Management.Resources.ResourceManagementClient/2.0.0.0"
        ]
      },
      "ResponseBody": "{\r\n  \"id\": \"/subscriptions/cca24ec8-99b5-4aa7-9ff6-486e886f304c/resourceGroups/sql-audit-cmdlet-test-rg110/deployments/sql-audit-test-env-setup\",\r\n  \"name\": \"sql-audit-test-env-setup\",\r\n  \"properties\": {\r\n    \"parameters\": {\r\n      \"administratorLogin\": {\r\n        \"type\": \"String\",\r\n        \"value\": \"testlogin\"\r\n      },\r\n      \"administratorLoginPassword\": {\r\n        \"type\": \"SecureString\"\r\n      },\r\n      \"collation\": {\r\n        \"type\": \"String\",\r\n        \"value\": \"SQL_Latin1_General_CP1_CI_AS\"\r\n      },\r\n      \"databaseName\": {\r\n        \"type\": \"String\",\r\n        \"value\": \"sql-audit-cmdlet-db110\"\r\n      },\r\n      \"edition\": {\r\n        \"type\": \"String\",\r\n        \"value\": \"Basic\"\r\n      },\r\n      \"configuredServiceLevelObjectiveId\": {\r\n        \"type\": \"String\",\r\n        \"value\": \"910b4fcb-8a29-4c3e-958f-f7ba794388b2\"\r\n      },\r\n      \"envLocation\": {\r\n        \"type\": \"String\",\r\n        \"value\": \"West US\"\r\n      },\r\n      \"serverName\": {\r\n        \"type\": \"String\",\r\n        \"value\": \"sql-audit-cmdlet-server110\"\r\n      }\r\n    },\r\n    \"mode\": \"Incremental\",\r\n    \"provisioningState\": \"Running\",\r\n    \"timestamp\": \"2014-09-17T09:28:34.7486803Z\",\r\n    \"correlationId\": \"61c688bc-f1f9-45c9-bd98-1160dccf0c94\",\r\n    \"providers\": [\r\n      {\r\n        \"namespace\": \"Microsoft.Sql\",\r\n        \"resourceTypes\": [\r\n          {\r\n            \"resourceType\": \"servers\",\r\n            \"locations\": [\r\n              \"westus\"\r\n            ]\r\n          },\r\n          {\r\n            \"resourceType\": \"servers/databases\",\r\n            \"locations\": [\r\n              \"westus\"\r\n            ]\r\n          }\r\n        ]\r\n      }\r\n    ],\r\n    \"dependencies\": [\r\n      {\r\n        \"dependsOn\": [\r\n          {\r\n            \"id\": \"/subscriptions/cca24ec8-99b5-4aa7-9ff6-486e886f304c/resourceGroups/sql-audit-cmdlet-test-rg110/providers/Microsoft.Sql/servers/sql-audit-cmdlet-server110\",\r\n            \"resourceType\": \"Microsoft.Sql/servers\",\r\n            \"resourceName\": \"sql-audit-cmdlet-server110\"\r\n          }\r\n        ],\r\n        \"id\": \"/subscriptions/cca24ec8-99b5-4aa7-9ff6-486e886f304c/resourceGroups/sql-audit-cmdlet-test-rg110/providers/Microsoft.Sql/servers/sql-audit-cmdlet-server110/databases/sql-audit-cmdlet-db110\",\r\n        \"resourceType\": \"Microsoft.Sql/servers/databases\",\r\n        \"resourceName\": \"sql-audit-cmdlet-server110/sql-audit-cmdlet-db110\"\r\n      }\r\n    ]\r\n  }\r\n}",
      "ResponseHeaders": {
        "Pragma": [
          "no-cache"
        ],
        "x-ms-ratelimit-remaining-subscription-reads": [
          "31842"
        ],
        "x-ms-request-id": [
          "ea683be9-9054-4e49-a56b-b90292ce5930"
        ],
        "x-ms-correlation-request-id": [
          "ea683be9-9054-4e49-a56b-b90292ce5930"
        ],
        "x-ms-routing-request-id": [
          "WESTEUROPE:20140917T092929Z:ea683be9-9054-4e49-a56b-b90292ce5930"
        ],
        "Strict-Transport-Security": [
          "max-age=31536000; includeSubDomains"
        ],
        "Cache-Control": [
          "no-cache"
        ],
        "Date": [
          "Wed, 17 Sep 2014 09:29:29 GMT"
        ]
      },
      "StatusCode": 200
    },
    {
      "RequestUri": "/subscriptions/cca24ec8-99b5-4aa7-9ff6-486e886f304c/resourcegroups/sql-audit-cmdlet-test-rg110/deployments/sql-audit-test-env-setup?api-version=2014-04-01-preview",
      "EncodedRequestUri": "L3N1YnNjcmlwdGlvbnMvY2NhMjRlYzgtOTliNS00YWE3LTlmZjYtNDg2ZTg4NmYzMDRjL3Jlc291cmNlZ3JvdXBzL3NxbC1hdWRpdC1jbWRsZXQtdGVzdC1yZzExMC9kZXBsb3ltZW50cy9zcWwtYXVkaXQtdGVzdC1lbnYtc2V0dXA/YXBpLXZlcnNpb249MjAxNC0wNC0wMS1wcmV2aWV3",
      "RequestMethod": "GET",
      "RequestBody": "",
      "RequestHeaders": {
        "User-Agent": [
          "Microsoft.Azure.Management.Resources.ResourceManagementClient/2.0.0.0"
        ]
      },
      "ResponseBody": "{\r\n  \"id\": \"/subscriptions/cca24ec8-99b5-4aa7-9ff6-486e886f304c/resourceGroups/sql-audit-cmdlet-test-rg110/deployments/sql-audit-test-env-setup\",\r\n  \"name\": \"sql-audit-test-env-setup\",\r\n  \"properties\": {\r\n    \"parameters\": {\r\n      \"administratorLogin\": {\r\n        \"type\": \"String\",\r\n        \"value\": \"testlogin\"\r\n      },\r\n      \"administratorLoginPassword\": {\r\n        \"type\": \"SecureString\"\r\n      },\r\n      \"collation\": {\r\n        \"type\": \"String\",\r\n        \"value\": \"SQL_Latin1_General_CP1_CI_AS\"\r\n      },\r\n      \"databaseName\": {\r\n        \"type\": \"String\",\r\n        \"value\": \"sql-audit-cmdlet-db110\"\r\n      },\r\n      \"edition\": {\r\n        \"type\": \"String\",\r\n        \"value\": \"Basic\"\r\n      },\r\n      \"configuredServiceLevelObjectiveId\": {\r\n        \"type\": \"String\",\r\n        \"value\": \"910b4fcb-8a29-4c3e-958f-f7ba794388b2\"\r\n      },\r\n      \"envLocation\": {\r\n        \"type\": \"String\",\r\n        \"value\": \"West US\"\r\n      },\r\n      \"serverName\": {\r\n        \"type\": \"String\",\r\n        \"value\": \"sql-audit-cmdlet-server110\"\r\n      }\r\n    },\r\n    \"mode\": \"Incremental\",\r\n    \"provisioningState\": \"Running\",\r\n    \"timestamp\": \"2014-09-17T09:28:34.7486803Z\",\r\n    \"correlationId\": \"61c688bc-f1f9-45c9-bd98-1160dccf0c94\",\r\n    \"providers\": [\r\n      {\r\n        \"namespace\": \"Microsoft.Sql\",\r\n        \"resourceTypes\": [\r\n          {\r\n            \"resourceType\": \"servers\",\r\n            \"locations\": [\r\n              \"westus\"\r\n            ]\r\n          },\r\n          {\r\n            \"resourceType\": \"servers/databases\",\r\n            \"locations\": [\r\n              \"westus\"\r\n            ]\r\n          }\r\n        ]\r\n      }\r\n    ],\r\n    \"dependencies\": [\r\n      {\r\n        \"dependsOn\": [\r\n          {\r\n            \"id\": \"/subscriptions/cca24ec8-99b5-4aa7-9ff6-486e886f304c/resourceGroups/sql-audit-cmdlet-test-rg110/providers/Microsoft.Sql/servers/sql-audit-cmdlet-server110\",\r\n            \"resourceType\": \"Microsoft.Sql/servers\",\r\n            \"resourceName\": \"sql-audit-cmdlet-server110\"\r\n          }\r\n        ],\r\n        \"id\": \"/subscriptions/cca24ec8-99b5-4aa7-9ff6-486e886f304c/resourceGroups/sql-audit-cmdlet-test-rg110/providers/Microsoft.Sql/servers/sql-audit-cmdlet-server110/databases/sql-audit-cmdlet-db110\",\r\n        \"resourceType\": \"Microsoft.Sql/servers/databases\",\r\n        \"resourceName\": \"sql-audit-cmdlet-server110/sql-audit-cmdlet-db110\"\r\n      }\r\n    ]\r\n  }\r\n}",
      "ResponseHeaders": {
        "Pragma": [
          "no-cache"
        ],
        "x-ms-ratelimit-remaining-subscription-reads": [
          "31840"
        ],
        "x-ms-request-id": [
          "fe9e048c-09c5-4504-b26e-6396c59ecb27"
        ],
        "x-ms-correlation-request-id": [
          "fe9e048c-09c5-4504-b26e-6396c59ecb27"
        ],
        "x-ms-routing-request-id": [
          "WESTEUROPE:20140917T092933Z:fe9e048c-09c5-4504-b26e-6396c59ecb27"
        ],
        "Strict-Transport-Security": [
          "max-age=31536000; includeSubDomains"
        ],
        "Cache-Control": [
          "no-cache"
        ],
        "Date": [
          "Wed, 17 Sep 2014 09:29:33 GMT"
        ]
      },
      "StatusCode": 200
    },
    {
      "RequestUri": "/subscriptions/cca24ec8-99b5-4aa7-9ff6-486e886f304c/resourcegroups/sql-audit-cmdlet-test-rg110/deployments/sql-audit-test-env-setup?api-version=2014-04-01-preview",
      "EncodedRequestUri": "L3N1YnNjcmlwdGlvbnMvY2NhMjRlYzgtOTliNS00YWE3LTlmZjYtNDg2ZTg4NmYzMDRjL3Jlc291cmNlZ3JvdXBzL3NxbC1hdWRpdC1jbWRsZXQtdGVzdC1yZzExMC9kZXBsb3ltZW50cy9zcWwtYXVkaXQtdGVzdC1lbnYtc2V0dXA/YXBpLXZlcnNpb249MjAxNC0wNC0wMS1wcmV2aWV3",
      "RequestMethod": "GET",
      "RequestBody": "",
      "RequestHeaders": {
        "User-Agent": [
          "Microsoft.Azure.Management.Resources.ResourceManagementClient/2.0.0.0"
        ]
      },
      "ResponseBody": "{\r\n  \"id\": \"/subscriptions/cca24ec8-99b5-4aa7-9ff6-486e886f304c/resourceGroups/sql-audit-cmdlet-test-rg110/deployments/sql-audit-test-env-setup\",\r\n  \"name\": \"sql-audit-test-env-setup\",\r\n  \"properties\": {\r\n    \"parameters\": {\r\n      \"administratorLogin\": {\r\n        \"type\": \"String\",\r\n        \"value\": \"testlogin\"\r\n      },\r\n      \"administratorLoginPassword\": {\r\n        \"type\": \"SecureString\"\r\n      },\r\n      \"collation\": {\r\n        \"type\": \"String\",\r\n        \"value\": \"SQL_Latin1_General_CP1_CI_AS\"\r\n      },\r\n      \"databaseName\": {\r\n        \"type\": \"String\",\r\n        \"value\": \"sql-audit-cmdlet-db110\"\r\n      },\r\n      \"edition\": {\r\n        \"type\": \"String\",\r\n        \"value\": \"Basic\"\r\n      },\r\n      \"configuredServiceLevelObjectiveId\": {\r\n        \"type\": \"String\",\r\n        \"value\": \"910b4fcb-8a29-4c3e-958f-f7ba794388b2\"\r\n      },\r\n      \"envLocation\": {\r\n        \"type\": \"String\",\r\n        \"value\": \"West US\"\r\n      },\r\n      \"serverName\": {\r\n        \"type\": \"String\",\r\n        \"value\": \"sql-audit-cmdlet-server110\"\r\n      }\r\n    },\r\n    \"mode\": \"Incremental\",\r\n    \"provisioningState\": \"Running\",\r\n    \"timestamp\": \"2014-09-17T09:28:34.7486803Z\",\r\n    \"correlationId\": \"61c688bc-f1f9-45c9-bd98-1160dccf0c94\",\r\n    \"providers\": [\r\n      {\r\n        \"namespace\": \"Microsoft.Sql\",\r\n        \"resourceTypes\": [\r\n          {\r\n            \"resourceType\": \"servers\",\r\n            \"locations\": [\r\n              \"westus\"\r\n            ]\r\n          },\r\n          {\r\n            \"resourceType\": \"servers/databases\",\r\n            \"locations\": [\r\n              \"westus\"\r\n            ]\r\n          }\r\n        ]\r\n      }\r\n    ],\r\n    \"dependencies\": [\r\n      {\r\n        \"dependsOn\": [\r\n          {\r\n            \"id\": \"/subscriptions/cca24ec8-99b5-4aa7-9ff6-486e886f304c/resourceGroups/sql-audit-cmdlet-test-rg110/providers/Microsoft.Sql/servers/sql-audit-cmdlet-server110\",\r\n            \"resourceType\": \"Microsoft.Sql/servers\",\r\n            \"resourceName\": \"sql-audit-cmdlet-server110\"\r\n          }\r\n        ],\r\n        \"id\": \"/subscriptions/cca24ec8-99b5-4aa7-9ff6-486e886f304c/resourceGroups/sql-audit-cmdlet-test-rg110/providers/Microsoft.Sql/servers/sql-audit-cmdlet-server110/databases/sql-audit-cmdlet-db110\",\r\n        \"resourceType\": \"Microsoft.Sql/servers/databases\",\r\n        \"resourceName\": \"sql-audit-cmdlet-server110/sql-audit-cmdlet-db110\"\r\n      }\r\n    ]\r\n  }\r\n}",
      "ResponseHeaders": {
        "Pragma": [
          "no-cache"
        ],
        "x-ms-ratelimit-remaining-subscription-reads": [
          "31838"
        ],
        "x-ms-request-id": [
          "d5995d1e-a1e9-4013-bbe5-336b7db6af3b"
        ],
        "x-ms-correlation-request-id": [
          "d5995d1e-a1e9-4013-bbe5-336b7db6af3b"
        ],
        "x-ms-routing-request-id": [
          "WESTEUROPE:20140917T092937Z:d5995d1e-a1e9-4013-bbe5-336b7db6af3b"
        ],
        "Strict-Transport-Security": [
          "max-age=31536000; includeSubDomains"
        ],
        "Cache-Control": [
          "no-cache"
        ],
        "Date": [
          "Wed, 17 Sep 2014 09:29:37 GMT"
        ]
      },
      "StatusCode": 200
    },
    {
      "RequestUri": "/subscriptions/cca24ec8-99b5-4aa7-9ff6-486e886f304c/resourcegroups/sql-audit-cmdlet-test-rg110/deployments/sql-audit-test-env-setup?api-version=2014-04-01-preview",
      "EncodedRequestUri": "L3N1YnNjcmlwdGlvbnMvY2NhMjRlYzgtOTliNS00YWE3LTlmZjYtNDg2ZTg4NmYzMDRjL3Jlc291cmNlZ3JvdXBzL3NxbC1hdWRpdC1jbWRsZXQtdGVzdC1yZzExMC9kZXBsb3ltZW50cy9zcWwtYXVkaXQtdGVzdC1lbnYtc2V0dXA/YXBpLXZlcnNpb249MjAxNC0wNC0wMS1wcmV2aWV3",
      "RequestMethod": "GET",
      "RequestBody": "",
      "RequestHeaders": {
        "User-Agent": [
          "Microsoft.Azure.Management.Resources.ResourceManagementClient/2.0.0.0"
        ]
      },
      "ResponseBody": "{\r\n  \"id\": \"/subscriptions/cca24ec8-99b5-4aa7-9ff6-486e886f304c/resourceGroups/sql-audit-cmdlet-test-rg110/deployments/sql-audit-test-env-setup\",\r\n  \"name\": \"sql-audit-test-env-setup\",\r\n  \"properties\": {\r\n    \"parameters\": {\r\n      \"administratorLogin\": {\r\n        \"type\": \"String\",\r\n        \"value\": \"testlogin\"\r\n      },\r\n      \"administratorLoginPassword\": {\r\n        \"type\": \"SecureString\"\r\n      },\r\n      \"collation\": {\r\n        \"type\": \"String\",\r\n        \"value\": \"SQL_Latin1_General_CP1_CI_AS\"\r\n      },\r\n      \"databaseName\": {\r\n        \"type\": \"String\",\r\n        \"value\": \"sql-audit-cmdlet-db110\"\r\n      },\r\n      \"edition\": {\r\n        \"type\": \"String\",\r\n        \"value\": \"Basic\"\r\n      },\r\n      \"configuredServiceLevelObjectiveId\": {\r\n        \"type\": \"String\",\r\n        \"value\": \"910b4fcb-8a29-4c3e-958f-f7ba794388b2\"\r\n      },\r\n      \"envLocation\": {\r\n        \"type\": \"String\",\r\n        \"value\": \"West US\"\r\n      },\r\n      \"serverName\": {\r\n        \"type\": \"String\",\r\n        \"value\": \"sql-audit-cmdlet-server110\"\r\n      }\r\n    },\r\n    \"mode\": \"Incremental\",\r\n    \"provisioningState\": \"Succeeded\",\r\n    \"timestamp\": \"2014-09-17T09:29:39.3954602Z\",\r\n    \"correlationId\": \"61c688bc-f1f9-45c9-bd98-1160dccf0c94\",\r\n    \"providers\": [\r\n      {\r\n        \"namespace\": \"Microsoft.Sql\",\r\n        \"resourceTypes\": [\r\n          {\r\n            \"resourceType\": \"servers\",\r\n            \"locations\": [\r\n              \"westus\"\r\n            ]\r\n          },\r\n          {\r\n            \"resourceType\": \"servers/databases\",\r\n            \"locations\": [\r\n              \"westus\"\r\n            ]\r\n          }\r\n        ]\r\n      }\r\n    ],\r\n    \"dependencies\": [\r\n      {\r\n        \"dependsOn\": [\r\n          {\r\n            \"id\": \"/subscriptions/cca24ec8-99b5-4aa7-9ff6-486e886f304c/resourceGroups/sql-audit-cmdlet-test-rg110/providers/Microsoft.Sql/servers/sql-audit-cmdlet-server110\",\r\n            \"resourceType\": \"Microsoft.Sql/servers\",\r\n            \"resourceName\": \"sql-audit-cmdlet-server110\"\r\n          }\r\n        ],\r\n        \"id\": \"/subscriptions/cca24ec8-99b5-4aa7-9ff6-486e886f304c/resourceGroups/sql-audit-cmdlet-test-rg110/providers/Microsoft.Sql/servers/sql-audit-cmdlet-server110/databases/sql-audit-cmdlet-db110\",\r\n        \"resourceType\": \"Microsoft.Sql/servers/databases\",\r\n        \"resourceName\": \"sql-audit-cmdlet-server110/sql-audit-cmdlet-db110\"\r\n      }\r\n    ]\r\n  }\r\n}",
      "ResponseHeaders": {
        "Pragma": [
          "no-cache"
        ],
        "x-ms-ratelimit-remaining-subscription-reads": [
          "31836"
        ],
        "x-ms-request-id": [
          "e2097df1-7c27-441d-9e04-5dfe8879d27d"
        ],
        "x-ms-correlation-request-id": [
          "e2097df1-7c27-441d-9e04-5dfe8879d27d"
        ],
        "x-ms-routing-request-id": [
          "WESTEUROPE:20140917T092941Z:e2097df1-7c27-441d-9e04-5dfe8879d27d"
        ],
        "Strict-Transport-Security": [
          "max-age=31536000; includeSubDomains"
        ],
        "Cache-Control": [
          "no-cache"
        ],
        "Date": [
          "Wed, 17 Sep 2014 09:29:41 GMT"
        ]
      },
      "StatusCode": 200
    },
    {
      "RequestUri": "/subscriptions/cca24ec8-99b5-4aa7-9ff6-486e886f304c/resourceGroups/sql-audit-cmdlet-test-rg110/resources?&api-version=2014-04-01-preview",
      "EncodedRequestUri": "L3N1YnNjcmlwdGlvbnMvY2NhMjRlYzgtOTliNS00YWE3LTlmZjYtNDg2ZTg4NmYzMDRjL3Jlc291cmNlR3JvdXBzL3NxbC1hdWRpdC1jbWRsZXQtdGVzdC1yZzExMC9yZXNvdXJjZXM/JmFwaS12ZXJzaW9uPTIwMTQtMDQtMDEtcHJldmlldw==",
      "RequestMethod": "GET",
      "RequestBody": "",
      "RequestHeaders": {
        "User-Agent": [
          "Microsoft.Azure.Management.Resources.ResourceManagementClient/2.0.0.0"
        ]
      },
      "ResponseBody": "{\r\n  \"value\": [\r\n    {\r\n      \"id\": \"/subscriptions/cca24ec8-99b5-4aa7-9ff6-486e886f304c/resourceGroups/sql-audit-cmdlet-test-rg110/providers/Microsoft.Sql/servers/sql-audit-cmdlet-server110\",\r\n      \"name\": \"sql-audit-cmdlet-server110\",\r\n      \"type\": \"Microsoft.Sql/servers\",\r\n      \"location\": \"westus\"\r\n    },\r\n    {\r\n      \"id\": \"/subscriptions/cca24ec8-99b5-4aa7-9ff6-486e886f304c/resourceGroups/sql-audit-cmdlet-test-rg110/providers/Microsoft.Sql/servers/sql-audit-cmdlet-server110/databases/sql-audit-cmdlet-db110\",\r\n      \"name\": \"sql-audit-cmdlet-server110/sql-audit-cmdlet-db110\",\r\n      \"type\": \"Microsoft.Sql/servers/databases\",\r\n      \"location\": \"westus\"\r\n    }\r\n  ]\r\n}",
      "ResponseHeaders": {
        "Pragma": [
          "no-cache"
        ],
        "x-ms-ratelimit-remaining-subscription-reads": [
          "31834"
        ],
        "x-ms-request-id": [
          "ca32b729-0c97-4483-b894-f0047946553d"
        ],
        "x-ms-correlation-request-id": [
          "ca32b729-0c97-4483-b894-f0047946553d"
        ],
        "x-ms-routing-request-id": [
          "WESTEUROPE:20140917T092944Z:ca32b729-0c97-4483-b894-f0047946553d"
        ],
        "Strict-Transport-Security": [
          "max-age=31536000; includeSubDomains"
        ],
        "Cache-Control": [
          "no-cache"
        ],
        "Date": [
          "Wed, 17 Sep 2014 09:29:43 GMT"
        ]
      },
      "StatusCode": 200
    },
    {
      "RequestUri": "/subscriptions/cca24ec8-99b5-4aa7-9ff6-486e886f304c/resourcegroups/sql-audit-cmdlet-test-rg110/providers/Microsoft.Authorization/permissions?api-version=2014-07-01-preview",
      "EncodedRequestUri": "L3N1YnNjcmlwdGlvbnMvY2NhMjRlYzgtOTliNS00YWE3LTlmZjYtNDg2ZTg4NmYzMDRjL3Jlc291cmNlZ3JvdXBzL3NxbC1hdWRpdC1jbWRsZXQtdGVzdC1yZzExMC9wcm92aWRlcnMvTWljcm9zb2Z0LkF1dGhvcml6YXRpb24vcGVybWlzc2lvbnM/YXBpLXZlcnNpb249MjAxNC0wNy0wMS1wcmV2aWV3",
      "RequestMethod": "GET",
      "RequestBody": "",
      "RequestHeaders": {
        "User-Agent": [
          "Microsoft.Azure.Management.Authorization.AuthorizationManagementClient/0.9.0.0",
          "AzurePowershell/v0.8.8"
        ]
      },
      "ResponseBody": "{\r\n  \"value\": [\r\n    {\r\n      \"actions\": [\r\n        \"*\"\r\n      ],\r\n      \"notActions\": []\r\n    }\r\n  ]\r\n}",
      "ResponseHeaders": {
        "Pragma": [
          "no-cache"
        ],
        "x-ms-ratelimit-remaining-subscription-reads": [
          "31956"
        ],
        "x-ms-request-id": [
          "17a1d04d-8326-4b66-8e48-37de25b28466"
        ],
        "x-ms-correlation-request-id": [
          "17a1d04d-8326-4b66-8e48-37de25b28466"
        ],
        "x-ms-routing-request-id": [
          "WESTEUROPE:20140917T092945Z:17a1d04d-8326-4b66-8e48-37de25b28466"
        ],
        "Strict-Transport-Security": [
          "max-age=31536000; includeSubDomains"
        ],
        "Cache-Control": [
          "no-cache"
        ],
        "Date": [
          "Wed, 17 Sep 2014 09:29:44 GMT"
        ]
      },
      "StatusCode": 200
    },
    {
      "RequestUri": "/subscriptions/cca24ec8-99b5-4aa7-9ff6-486e886f304c/resourceGroups/sql-audit-cmdlet-test-rg110/providers/Microsoft.Sql/servers/sql-audit-cmdlet-server110/databaseSecurityPolicies/c3d905bb-e460-48bb-884d-75fac8f63e11?api-version=2014-04-01",
      "EncodedRequestUri": "L3N1YnNjcmlwdGlvbnMvY2NhMjRlYzgtOTliNS00YWE3LTlmZjYtNDg2ZTg4NmYzMDRjL3Jlc291cmNlR3JvdXBzL3NxbC1hdWRpdC1jbWRsZXQtdGVzdC1yZzExMC9wcm92aWRlcnMvTWljcm9zb2Z0LlNxbC9zZXJ2ZXJzL3NxbC1hdWRpdC1jbWRsZXQtc2VydmVyMTEwL2RhdGFiYXNlU2VjdXJpdHlQb2xpY2llcy9jM2Q5MDViYi1lNDYwLTQ4YmItODg0ZC03NWZhYzhmNjNlMTE/YXBpLXZlcnNpb249MjAxNC0wNC0wMQ==",
      "RequestMethod": "GET",
      "RequestBody": "",
      "RequestHeaders": {
        "User-Agent": [
          "Microsoft.Azure.Management.Sql.SqlManagementClient/0.9.0.0"
        ],
        "x-ms-client-session-id": [
          "d871d316-70e8-41c1-981d-441328bff9a9-2014-09-17 09:29:45Z"
        ],
        "x-ms-client-request-id": [
          "310442db-9b4a-486f-bd44-d2d03f35fc35-2014-09-17 09:29:45Z"
        ]
      },
      "ResponseBody": "{\r\n  \"properties\": {\r\n    \"isAuditingEnabled\": false,\r\n    \"retentionDays\": 90,\r\n    \"isEventTypeDataAccessEnabled\": true,\r\n    \"isEventTypeSchemaChangeEnabled\": true,\r\n    \"isEventTypeDataChangesEnabled\": true,\r\n    \"isEventTypeSecurityExceptionsEnabled\": true,\r\n    \"isEventTypeGrantRevokePermissionsEnabled\": true,\r\n    \"storageAccountName\": \"auditcmdlets110\",\r\n    \"storageAccountKey\": null,\r\n    \"storageTableEndpoint\": \"https://auditcmdlets110.table.core.windows.net/\",\r\n    \"storageAccountResourceGroupName\": \"Default-Storage-WestUS\",\r\n    \"storageAccountSubscriptionId\": \"cca24ec8-99b5-4aa7-9ff6-486e886f304c\",\r\n    \"adoNetConnectionString\": \"Server=tcp:sql-audit-cmdlet-server110.database.secure.windows.net,1433;Database=c3d905bb-e460-48bb-884d-75fac8f63e11;User ID={0}@sql-audit-cmdlet-server110;Password={your_password_here};Trusted_Connection=False;Encrypt=True;Connection Timeout=30;\",\r\n    \"odbcConnectionString\": \"Driver={SQL Server Native Client 11.0};Server=tcp:sql-audit-cmdlet-server110.database.secure.windows.net,1433;Database=c3d905bb-e460-48bb-884d-75fac8f63e11;Uid={0}@sql-audit-cmdlet-server110;Pwd={your_password_here};Encrypt=yes;Connection Timeout=30;\",\r\n    \"phpConnectionString\": \"Server: sql-audit-cmdlet-server110.database.secure.windows.net,1433 \\r\\nSQL Database: c3d905bb-e460-48bb-884d-75fac8f63e11\\r\\nUser Name: {0}\\r\\n\\r\\nPHP Data Objects(PDO) Sample Code:\\r\\n\\r\\ntry {\\r\\n  $conn = new PDO ( \\\"sqlsrv:server = tcp:sql-audit-cmdlet-server110.database.secure.windows.net,1433; Database = c3d905bb-e460-48bb-884d-75fac8f63e11\\\", \\\"{0}\\\", \\\"{your_password_here}\\\");\\r\\n    $conn->setAttribute( PDO::ATTR_ERRMODE, PDO::ERRMODE_EXCEPTION );\\r\\n}\\r\\ncatch ( PDOException $e ) {\\r\\n   print( \\\"Error connecting to SQL Server.\\\" );\\r\\n   die(print_r($e));\\r\\n}\\r\\n\\rSQL Server Extension Sample Code:\\r\\n\\r\\n$connectionInfo = array(\\\"UID\\\" => \\\"{0}@sql-audit-cmdlet-server110\\\", \\\"pwd\\\" => \\\"{your_password_here}\\\", \\\"Database\\\" => \\\"c3d905bb-e460-48bb-884d-75fac8f63e11\\\", \\\"LoginTimeout\\\" => 30, \\\"Encrypt\\\" => 1);\\r\\n$serverName = \\\"tcp:sql-audit-cmdlet-server110.database.secure.windows.net,1433\\\";\\r\\n$conn = sqlsrv_connect($serverName, $connectionInfo);\",\r\n    \"jdbcConnectionString\": \"jdbc:sqlserver://sql-audit-cmdlet-server110.database.secure.windows.net:1433;database=c3d905bb-e460-48bb-884d-75fac8f63e11;user={0}@sql-audit-cmdlet-server110;password={your_password_here};encrypt=true;hostNameInCertificate=*.database.secure.windows.net;loginTimeout=30;\",\r\n    \"proxyDnsName\": \"sql-audit-cmdlet-server110.database.secure.windows.net\",\r\n    \"useServerDefault\": false\r\n  },\r\n  \"id\": \"/subscriptions/cca24ec8-99b5-4aa7-9ff6-486e886f304c/resourceGroups/sql-audit-cmdlet-test-rg110/providers/Microsoft.Sql/servers/sql-audit-cmdlet-server110/databaseSecurityPolicies/c3d905bb-e460-48bb-884d-75fac8f63e11\",\r\n  \"name\": \"c3d905bb-e460-48bb-884d-75fac8f63e11\",\r\n  \"type\": \"Microsoft.Sql/servers/databaseSecurityPolicies\",\r\n  \"location\": \"West US\"\r\n}",
      "ResponseHeaders": {
        "x-ms-request-id": [
          "04cc8e3d-d052-4565-86d4-4ee10d88584b"
        ],
        "X-Content-Type-Options": [
          "nosniff"
        ],
        "DataServiceVersion": [
          "3.0;"
        ],
        "x-ms-ratelimit-remaining-subscription-reads": [
          "31833"
        ],
        "x-ms-correlation-request-id": [
          "9fa1e66b-8ec7-43aa-a0bd-229f1a29ddb3"
        ],
        "x-ms-routing-request-id": [
          "WESTEUROPE:20140917T092948Z:9fa1e66b-8ec7-43aa-a0bd-229f1a29ddb3"
        ],
        "Strict-Transport-Security": [
          "max-age=31536000; includeSubDomains"
        ],
        "Cache-Control": [
          "no-store, no-cache"
        ],
        "Date": [
          "Wed, 17 Sep 2014 09:29:47 GMT"
        ],
        "Server": [
          "Microsoft-HTTPAPI/2.0"
        ]
      },
      "StatusCode": 200
    },
    {
      "RequestUri": "/subscriptions/cca24ec8-99b5-4aa7-9ff6-486e886f304c/resourceGroups/sql-audit-cmdlet-test-rg110/providers/Microsoft.Sql/servers/sql-audit-cmdlet-server110/databaseSecurityPolicies/c3d905bb-e460-48bb-884d-75fac8f63e11?api-version=2014-04-01",
      "EncodedRequestUri": "L3N1YnNjcmlwdGlvbnMvY2NhMjRlYzgtOTliNS00YWE3LTlmZjYtNDg2ZTg4NmYzMDRjL3Jlc291cmNlR3JvdXBzL3NxbC1hdWRpdC1jbWRsZXQtdGVzdC1yZzExMC9wcm92aWRlcnMvTWljcm9zb2Z0LlNxbC9zZXJ2ZXJzL3NxbC1hdWRpdC1jbWRsZXQtc2VydmVyMTEwL2RhdGFiYXNlU2VjdXJpdHlQb2xpY2llcy9jM2Q5MDViYi1lNDYwLTQ4YmItODg0ZC03NWZhYzhmNjNlMTE/YXBpLXZlcnNpb249MjAxNC0wNC0wMQ==",
      "RequestMethod": "GET",
      "RequestBody": "",
      "RequestHeaders": {
        "User-Agent": [
          "Microsoft.Azure.Management.Sql.SqlManagementClient/0.9.0.0"
        ],
        "x-ms-client-session-id": [
          "d871d316-70e8-41c1-981d-441328bff9a9-2014-09-17 09:29:45Z"
        ],
        "x-ms-client-request-id": [
          "7bcd3c8a-d535-48a5-825d-1ebfade7b673-2014-09-17 09:29:54Z"
        ]
      },
      "ResponseBody": "{\r\n  \"properties\": {\r\n    \"isAuditingEnabled\": true,\r\n    \"retentionDays\": 90,\r\n    \"isEventTypeDataAccessEnabled\": true,\r\n    \"isEventTypeSchemaChangeEnabled\": true,\r\n    \"isEventTypeDataChangesEnabled\": true,\r\n    \"isEventTypeSecurityExceptionsEnabled\": true,\r\n    \"isEventTypeGrantRevokePermissionsEnabled\": true,\r\n    \"storageAccountName\": \"auditcmdlets110\",\r\n    \"storageAccountKey\": null,\r\n    \"storageTableEndpoint\": \"https://auditcmdlets110.table.core.windows.net/\",\r\n    \"storageAccountResourceGroupName\": \"Default-Storage-WestUS\",\r\n    \"storageAccountSubscriptionId\": \"cca24ec8-99b5-4aa7-9ff6-486e886f304c\",\r\n    \"adoNetConnectionString\": \"Server=tcp:sql-audit-cmdlet-server110.database.secure.windows.net,1433;Database=c3d905bb-e460-48bb-884d-75fac8f63e11;User ID={0}@sql-audit-cmdlet-server110;Password={your_password_here};Trusted_Connection=False;Encrypt=True;Connection Timeout=30;\",\r\n    \"odbcConnectionString\": \"Driver={SQL Server Native Client 11.0};Server=tcp:sql-audit-cmdlet-server110.database.secure.windows.net,1433;Database=c3d905bb-e460-48bb-884d-75fac8f63e11;Uid={0}@sql-audit-cmdlet-server110;Pwd={your_password_here};Encrypt=yes;Connection Timeout=30;\",\r\n    \"phpConnectionString\": \"Server: sql-audit-cmdlet-server110.database.secure.windows.net,1433 \\r\\nSQL Database: c3d905bb-e460-48bb-884d-75fac8f63e11\\r\\nUser Name: {0}\\r\\n\\r\\nPHP Data Objects(PDO) Sample Code:\\r\\n\\r\\ntry {\\r\\n  $conn = new PDO ( \\\"sqlsrv:server = tcp:sql-audit-cmdlet-server110.database.secure.windows.net,1433; Database = c3d905bb-e460-48bb-884d-75fac8f63e11\\\", \\\"{0}\\\", \\\"{your_password_here}\\\");\\r\\n    $conn->setAttribute( PDO::ATTR_ERRMODE, PDO::ERRMODE_EXCEPTION );\\r\\n}\\r\\ncatch ( PDOException $e ) {\\r\\n   print( \\\"Error connecting to SQL Server.\\\" );\\r\\n   die(print_r($e));\\r\\n}\\r\\n\\rSQL Server Extension Sample Code:\\r\\n\\r\\n$connectionInfo = array(\\\"UID\\\" => \\\"{0}@sql-audit-cmdlet-server110\\\", \\\"pwd\\\" => \\\"{your_password_here}\\\", \\\"Database\\\" => \\\"c3d905bb-e460-48bb-884d-75fac8f63e11\\\", \\\"LoginTimeout\\\" => 30, \\\"Encrypt\\\" => 1);\\r\\n$serverName = \\\"tcp:sql-audit-cmdlet-server110.database.secure.windows.net,1433\\\";\\r\\n$conn = sqlsrv_connect($serverName, $connectionInfo);\",\r\n    \"jdbcConnectionString\": \"jdbc:sqlserver://sql-audit-cmdlet-server110.database.secure.windows.net:1433;database=c3d905bb-e460-48bb-884d-75fac8f63e11;user={0}@sql-audit-cmdlet-server110;password={your_password_here};encrypt=true;hostNameInCertificate=*.database.secure.windows.net;loginTimeout=30;\",\r\n    \"proxyDnsName\": \"sql-audit-cmdlet-server110.database.secure.windows.net\",\r\n    \"useServerDefault\": false\r\n  },\r\n  \"id\": \"/subscriptions/cca24ec8-99b5-4aa7-9ff6-486e886f304c/resourceGroups/sql-audit-cmdlet-test-rg110/providers/Microsoft.Sql/servers/sql-audit-cmdlet-server110/databaseSecurityPolicies/c3d905bb-e460-48bb-884d-75fac8f63e11\",\r\n  \"name\": \"c3d905bb-e460-48bb-884d-75fac8f63e11\",\r\n  \"type\": \"Microsoft.Sql/servers/databaseSecurityPolicies\",\r\n  \"location\": \"West US\"\r\n}",
      "ResponseHeaders": {
        "x-ms-request-id": [
          "5f6d8329-e984-4906-a436-9149ae653285"
        ],
        "X-Content-Type-Options": [
          "nosniff"
        ],
        "DataServiceVersion": [
          "3.0;"
        ],
        "x-ms-ratelimit-remaining-subscription-reads": [
          "31832"
        ],
        "x-ms-correlation-request-id": [
          "5eaf0390-b495-4743-93d1-ee73a73a8e99"
        ],
        "x-ms-routing-request-id": [
          "WESTEUROPE:20140917T092956Z:5eaf0390-b495-4743-93d1-ee73a73a8e99"
        ],
        "Strict-Transport-Security": [
          "max-age=31536000; includeSubDomains"
        ],
        "Cache-Control": [
          "no-store, no-cache"
        ],
        "Date": [
          "Wed, 17 Sep 2014 09:29:56 GMT"
        ],
        "Server": [
          "Microsoft-HTTPAPI/2.0"
        ]
      },
      "StatusCode": 200
    },
    {
      "RequestUri": "/subscriptions/cca24ec8-99b5-4aa7-9ff6-486e886f304c/resourceGroups/sql-audit-cmdlet-test-rg110/providers/Microsoft.Sql/servers/sql-audit-cmdlet-server110/databaseSecurityPolicies/c3d905bb-e460-48bb-884d-75fac8f63e11?api-version=2014-04-01",
      "EncodedRequestUri": "L3N1YnNjcmlwdGlvbnMvY2NhMjRlYzgtOTliNS00YWE3LTlmZjYtNDg2ZTg4NmYzMDRjL3Jlc291cmNlR3JvdXBzL3NxbC1hdWRpdC1jbWRsZXQtdGVzdC1yZzExMC9wcm92aWRlcnMvTWljcm9zb2Z0LlNxbC9zZXJ2ZXJzL3NxbC1hdWRpdC1jbWRsZXQtc2VydmVyMTEwL2RhdGFiYXNlU2VjdXJpdHlQb2xpY2llcy9jM2Q5MDViYi1lNDYwLTQ4YmItODg0ZC03NWZhYzhmNjNlMTE/YXBpLXZlcnNpb249MjAxNC0wNC0wMQ==",
      "RequestMethod": "GET",
      "RequestBody": "",
      "RequestHeaders": {
        "User-Agent": [
          "Microsoft.Azure.Management.Sql.SqlManagementClient/0.9.0.0"
        ],
        "x-ms-client-session-id": [
          "d871d316-70e8-41c1-981d-441328bff9a9-2014-09-17 09:29:45Z"
        ],
        "x-ms-client-request-id": [
          "eb94c1b1-af3c-461c-bea8-4b37ea7da973-2014-09-17 09:29:59Z"
        ]
      },
      "ResponseBody": "{\r\n  \"properties\": {\r\n    \"isAuditingEnabled\": false,\r\n    \"retentionDays\": 90,\r\n    \"isEventTypeDataAccessEnabled\": true,\r\n    \"isEventTypeSchemaChangeEnabled\": true,\r\n    \"isEventTypeDataChangesEnabled\": true,\r\n    \"isEventTypeSecurityExceptionsEnabled\": true,\r\n    \"isEventTypeGrantRevokePermissionsEnabled\": true,\r\n    \"storageAccountName\": \"auditcmdlets110\",\r\n    \"storageAccountKey\": null,\r\n    \"storageTableEndpoint\": \"https://auditcmdlets110.table.core.windows.net/\",\r\n    \"storageAccountResourceGroupName\": \"Default-Storage-WestUS\",\r\n    \"storageAccountSubscriptionId\": \"cca24ec8-99b5-4aa7-9ff6-486e886f304c\",\r\n    \"adoNetConnectionString\": \"Server=tcp:sql-audit-cmdlet-server110.database.secure.windows.net,1433;Database=c3d905bb-e460-48bb-884d-75fac8f63e11;User ID={0}@sql-audit-cmdlet-server110;Password={your_password_here};Trusted_Connection=False;Encrypt=True;Connection Timeout=30;\",\r\n    \"odbcConnectionString\": \"Driver={SQL Server Native Client 11.0};Server=tcp:sql-audit-cmdlet-server110.database.secure.windows.net,1433;Database=c3d905bb-e460-48bb-884d-75fac8f63e11;Uid={0}@sql-audit-cmdlet-server110;Pwd={your_password_here};Encrypt=yes;Connection Timeout=30;\",\r\n    \"phpConnectionString\": \"Server: sql-audit-cmdlet-server110.database.secure.windows.net,1433 \\r\\nSQL Database: c3d905bb-e460-48bb-884d-75fac8f63e11\\r\\nUser Name: {0}\\r\\n\\r\\nPHP Data Objects(PDO) Sample Code:\\r\\n\\r\\ntry {\\r\\n  $conn = new PDO ( \\\"sqlsrv:server = tcp:sql-audit-cmdlet-server110.database.secure.windows.net,1433; Database = c3d905bb-e460-48bb-884d-75fac8f63e11\\\", \\\"{0}\\\", \\\"{your_password_here}\\\");\\r\\n    $conn->setAttribute( PDO::ATTR_ERRMODE, PDO::ERRMODE_EXCEPTION );\\r\\n}\\r\\ncatch ( PDOException $e ) {\\r\\n   print( \\\"Error connecting to SQL Server.\\\" );\\r\\n   die(print_r($e));\\r\\n}\\r\\n\\rSQL Server Extension Sample Code:\\r\\n\\r\\n$connectionInfo = array(\\\"UID\\\" => \\\"{0}@sql-audit-cmdlet-server110\\\", \\\"pwd\\\" => \\\"{your_password_here}\\\", \\\"Database\\\" => \\\"c3d905bb-e460-48bb-884d-75fac8f63e11\\\", \\\"LoginTimeout\\\" => 30, \\\"Encrypt\\\" => 1);\\r\\n$serverName = \\\"tcp:sql-audit-cmdlet-server110.database.secure.windows.net,1433\\\";\\r\\n$conn = sqlsrv_connect($serverName, $connectionInfo);\",\r\n    \"jdbcConnectionString\": \"jdbc:sqlserver://sql-audit-cmdlet-server110.database.secure.windows.net:1433;database=c3d905bb-e460-48bb-884d-75fac8f63e11;user={0}@sql-audit-cmdlet-server110;password={your_password_here};encrypt=true;hostNameInCertificate=*.database.secure.windows.net;loginTimeout=30;\",\r\n    \"proxyDnsName\": \"sql-audit-cmdlet-server110.database.secure.windows.net\",\r\n    \"useServerDefault\": false\r\n  },\r\n  \"id\": \"/subscriptions/cca24ec8-99b5-4aa7-9ff6-486e886f304c/resourceGroups/sql-audit-cmdlet-test-rg110/providers/Microsoft.Sql/servers/sql-audit-cmdlet-server110/databaseSecurityPolicies/c3d905bb-e460-48bb-884d-75fac8f63e11\",\r\n  \"name\": \"c3d905bb-e460-48bb-884d-75fac8f63e11\",\r\n  \"type\": \"Microsoft.Sql/servers/databaseSecurityPolicies\",\r\n  \"location\": \"West US\"\r\n}",
      "ResponseHeaders": {
        "x-ms-request-id": [
          "af6b59ee-c64b-41ef-ada0-8b5e2e884c30"
        ],
        "X-Content-Type-Options": [
          "nosniff"
        ],
        "DataServiceVersion": [
          "3.0;"
        ],
        "x-ms-ratelimit-remaining-subscription-reads": [
          "31838"
        ],
        "x-ms-correlation-request-id": [
          "aaa0a923-0bbc-47a8-97d2-0940992e4926"
        ],
        "x-ms-routing-request-id": [
          "WESTEUROPE:20140917T093002Z:aaa0a923-0bbc-47a8-97d2-0940992e4926"
        ],
        "Strict-Transport-Security": [
          "max-age=31536000; includeSubDomains"
        ],
        "Cache-Control": [
          "no-store, no-cache"
        ],
        "Date": [
          "Wed, 17 Sep 2014 09:30:01 GMT"
        ],
        "Server": [
          "Microsoft-HTTPAPI/2.0"
        ]
      },
      "StatusCode": 200
    },
    {
      "RequestUri": "/cca24ec8-99b5-4aa7-9ff6-486e886f304c/services/storageservices/auditcmdlets110/keys",
      "EncodedRequestUri": "L2NjYTI0ZWM4LTk5YjUtNGFhNy05ZmY2LTQ4NmU4ODZmMzA0Yy9zZXJ2aWNlcy9zdG9yYWdlc2VydmljZXMvYXVkaXRjbWRsZXRzMTEwL2tleXM=",
      "RequestMethod": "GET",
      "RequestBody": "",
      "RequestHeaders": {
        "x-ms-version": [
          "2014-06-01"
        ],
        "User-Agent": [
          "Microsoft.WindowsAzure.Management.Storage.StorageManagementClient/2.0.0.0"
        ]
      },
      "ResponseBody": "<StorageService xmlns=\"http://schemas.microsoft.com/windowsazure\" xmlns:i=\"http://www.w3.org/2001/XMLSchema-instance\">\r\n  <Url>https://management.core.windows.net/cca24ec8-99b5-4aa7-9ff6-486e886f304c/services/storageservices/auditcmdlets110</Url>\r\n  <StorageServiceKeys>\r\n    <Primary>n0veLjiu1WdRkEkg/Q8MM2FRzPyUw/meZP9CQYQ/Ats0k6oi1j2nv5VwgvxTV2fyeCP+iTHIjlG6MPwoJN8KkA==</Primary>\r\n    <Secondary>SAU+UWbKiIw/pq10VgKicFZlz0C9atgITYCSosPO7mAtA9gpyyrIeDCkV7bs81lp73bor3y8awBcpmXgn7jh+Q==</Secondary>\r\n  </StorageServiceKeys>\r\n</StorageService>",
      "ResponseHeaders": {
        "x-ms-servedbyregion": [
          "ussouth2"
        ],
        "x-ms-request-id": [
          "90071aed81bf155e9a91e3a534877bc8"
        ],
        "Cache-Control": [
          "no-cache"
        ],
        "Date": [
          "Wed, 17 Sep 2014 09:29:47 GMT"
        ],
        "Server": [
          "1.0.6198.125",
          "(rd_rdfe_stable.140911-0949)",
          "Microsoft-HTTPAPI/2.0"
        ]
      },
      "StatusCode": 200
    },
    {
      "RequestUri": "/subscriptions/cca24ec8-99b5-4aa7-9ff6-486e886f304c/resourceGroups/sql-audit-cmdlet-test-rg110/providers/Microsoft.Sql/servers/sql-audit-cmdlet-server110/databaseSecurityPolicies/c3d905bb-e460-48bb-884d-75fac8f63e11?api-version=2014-04-01",
      "EncodedRequestUri": "L3N1YnNjcmlwdGlvbnMvY2NhMjRlYzgtOTliNS00YWE3LTlmZjYtNDg2ZTg4NmYzMDRjL3Jlc291cmNlR3JvdXBzL3NxbC1hdWRpdC1jbWRsZXQtdGVzdC1yZzExMC9wcm92aWRlcnMvTWljcm9zb2Z0LlNxbC9zZXJ2ZXJzL3NxbC1hdWRpdC1jbWRsZXQtc2VydmVyMTEwL2RhdGFiYXNlU2VjdXJpdHlQb2xpY2llcy9jM2Q5MDViYi1lNDYwLTQ4YmItODg0ZC03NWZhYzhmNjNlMTE/YXBpLXZlcnNpb249MjAxNC0wNC0wMQ==",
      "RequestMethod": "PUT",
      "RequestBody": "{\r\n  \"properties\": {\r\n    \"isAuditingEnabled\": true,\r\n    \"retentionDays\": 90,\r\n    \"isEventTypeDataAccessEnabled\": true,\r\n    \"isEventTypeSchemaChangeEnabled\": true,\r\n    \"isEventTypeDataChangesEnabled\": true,\r\n    \"isEventTypeSecurityExceptionsEnabled\": true,\r\n    \"isEventTypeGrantRevokePermissionsEnabled\": true,\r\n    \"storageAccountName\": \"auditcmdlets110\",\r\n    \"storageAccountKey\": \"n0veLjiu1WdRkEkg/Q8MM2FRzPyUw/meZP9CQYQ/Ats0k6oi1j2nv5VwgvxTV2fyeCP+iTHIjlG6MPwoJN8KkA==\",\r\n    \"storageTableEndpoint\": \"https://auditcmdlets110.table.core.windows.net/\",\r\n    \"storageAccountResourceGroupName\": \"Default-Storage-WestUS\",\r\n    \"storageAccountSubscriptionId\": \"cca24ec8-99b5-4aa7-9ff6-486e886f304c\",\r\n    \"useServerDefault\": false\r\n  }\r\n}",
      "RequestHeaders": {
        "User-Agent": [
          "Microsoft.Azure.Management.Sql.SqlManagementClient/0.9.0.0"
        ],
        "x-ms-client-session-id": [
          "d871d316-70e8-41c1-981d-441328bff9a9-2014-09-17 09:29:45Z"
        ],
        "x-ms-client-request-id": [
          "310442db-9b4a-486f-bd44-d2d03f35fc35-2014-09-17 09:29:45Z"
        ]
      },
      "ResponseBody": "{\r\n  \"properties\": {\r\n    \"isAuditingEnabled\": true,\r\n    \"retentionDays\": 90,\r\n    \"isEventTypeDataAccessEnabled\": true,\r\n    \"isEventTypeSchemaChangeEnabled\": true,\r\n    \"isEventTypeDataChangesEnabled\": true,\r\n    \"isEventTypeSecurityExceptionsEnabled\": true,\r\n    \"isEventTypeGrantRevokePermissionsEnabled\": true,\r\n    \"storageAccountName\": \"auditcmdlets110\",\r\n    \"storageAccountKey\": \"n0veLjiu1WdRkEkg/Q8MM2FRzPyUw/meZP9CQYQ/Ats0k6oi1j2nv5VwgvxTV2fyeCP+iTHIjlG6MPwoJN8KkA==\",\r\n    \"storageTableEndpoint\": \"https://auditcmdlets110.table.core.windows.net/\",\r\n    \"storageAccountResourceGroupName\": \"Default-Storage-WestUS\",\r\n    \"storageAccountSubscriptionId\": \"cca24ec8-99b5-4aa7-9ff6-486e886f304c\",\r\n    \"adoNetConnectionString\": null,\r\n    \"odbcConnectionString\": null,\r\n    \"phpConnectionString\": null,\r\n    \"jdbcConnectionString\": null,\r\n    \"proxyDnsName\": null,\r\n    \"useServerDefault\": false\r\n  },\r\n  \"id\": \"/subscriptions/cca24ec8-99b5-4aa7-9ff6-486e886f304c/resourceGroups/sql-audit-cmdlet-test-rg110/providers/Microsoft.Sql/servers/sql-audit-cmdlet-server110/databaseSecurityPolicies/c3d905bb-e460-48bb-884d-75fac8f63e11\",\r\n  \"name\": \"c3d905bb-e460-48bb-884d-75fac8f63e11\",\r\n  \"type\": \"Microsoft.Sql/servers/databaseSecurityPolicies\",\r\n  \"location\": null\r\n}",
      "ResponseHeaders": {
        "x-ms-request-id": [
          "9ee34001-f47f-45b6-9d78-57bb9ca0b1fd"
        ],
        "X-Content-Type-Options": [
          "nosniff"
        ],
        "Preference-Applied": [
          "return-content"
        ],
        "DataServiceVersion": [
          "3.0;"
        ],
        "x-ms-ratelimit-remaining-subscription-writes": [
          "1180"
        ],
        "x-ms-correlation-request-id": [
          "b3d67382-1a07-4629-a120-5d4b09d1cf0f"
        ],
        "x-ms-routing-request-id": [
          "WESTEUROPE:20140917T092954Z:b3d67382-1a07-4629-a120-5d4b09d1cf0f"
        ],
        "Strict-Transport-Security": [
          "max-age=31536000; includeSubDomains"
        ],
        "Cache-Control": [
          "no-store, no-cache"
        ],
        "Date": [
          "Wed, 17 Sep 2014 09:29:54 GMT"
        ],
        "Server": [
          "Microsoft-HTTPAPI/2.0"
        ]
      },
      "StatusCode": 200
    },
    {
      "RequestUri": "/subscriptions/cca24ec8-99b5-4aa7-9ff6-486e886f304c/resourceGroups/sql-audit-cmdlet-test-rg110/providers/Microsoft.Sql/servers/sql-audit-cmdlet-server110/databaseSecurityPolicies/c3d905bb-e460-48bb-884d-75fac8f63e11?api-version=2014-04-01",
      "EncodedRequestUri": "L3N1YnNjcmlwdGlvbnMvY2NhMjRlYzgtOTliNS00YWE3LTlmZjYtNDg2ZTg4NmYzMDRjL3Jlc291cmNlR3JvdXBzL3NxbC1hdWRpdC1jbWRsZXQtdGVzdC1yZzExMC9wcm92aWRlcnMvTWljcm9zb2Z0LlNxbC9zZXJ2ZXJzL3NxbC1hdWRpdC1jbWRsZXQtc2VydmVyMTEwL2RhdGFiYXNlU2VjdXJpdHlQb2xpY2llcy9jM2Q5MDViYi1lNDYwLTQ4YmItODg0ZC03NWZhYzhmNjNlMTE/YXBpLXZlcnNpb249MjAxNC0wNC0wMQ==",
      "RequestMethod": "PUT",
      "RequestBody": "{\r\n  \"properties\": {\r\n    \"isAuditingEnabled\": false,\r\n    \"retentionDays\": 90,\r\n    \"isEventTypeDataAccessEnabled\": true,\r\n    \"isEventTypeSchemaChangeEnabled\": true,\r\n    \"isEventTypeDataChangesEnabled\": true,\r\n    \"isEventTypeSecurityExceptionsEnabled\": true,\r\n    \"isEventTypeGrantRevokePermissionsEnabled\": true,\r\n    \"storageAccountName\": \"auditcmdlets110\",\r\n    \"storageTableEndpoint\": \"https://auditcmdlets110.table.core.windows.net/\",\r\n    \"storageAccountResourceGroupName\": \"Default-Storage-WestUS\",\r\n    \"storageAccountSubscriptionId\": \"cca24ec8-99b5-4aa7-9ff6-486e886f304c\",\r\n    \"useServerDefault\": false\r\n  }\r\n}",
      "RequestHeaders": {
        "User-Agent": [
          "Microsoft.Azure.Management.Sql.SqlManagementClient/0.9.0.0"
        ],
        "x-ms-client-session-id": [
          "d871d316-70e8-41c1-981d-441328bff9a9-2014-09-17 09:29:45Z"
        ],
        "x-ms-client-request-id": [
          "7bcd3c8a-d535-48a5-825d-1ebfade7b673-2014-09-17 09:29:54Z"
        ]
      },
      "ResponseBody": "{\r\n  \"properties\": {\r\n    \"isAuditingEnabled\": false,\r\n    \"retentionDays\": 90,\r\n    \"isEventTypeDataAccessEnabled\": true,\r\n    \"isEventTypeSchemaChangeEnabled\": true,\r\n    \"isEventTypeDataChangesEnabled\": true,\r\n    \"isEventTypeSecurityExceptionsEnabled\": true,\r\n    \"isEventTypeGrantRevokePermissionsEnabled\": true,\r\n    \"storageAccountName\": \"auditcmdlets110\",\r\n    \"storageAccountKey\": null,\r\n    \"storageTableEndpoint\": \"https://auditcmdlets110.table.core.windows.net/\",\r\n    \"storageAccountResourceGroupName\": \"Default-Storage-WestUS\",\r\n    \"storageAccountSubscriptionId\": \"cca24ec8-99b5-4aa7-9ff6-486e886f304c\",\r\n    \"adoNetConnectionString\": null,\r\n    \"odbcConnectionString\": null,\r\n    \"phpConnectionString\": null,\r\n    \"jdbcConnectionString\": null,\r\n    \"proxyDnsName\": null,\r\n    \"useServerDefault\": false\r\n  },\r\n  \"id\": \"/subscriptions/cca24ec8-99b5-4aa7-9ff6-486e886f304c/resourceGroups/sql-audit-cmdlet-test-rg110/providers/Microsoft.Sql/servers/sql-audit-cmdlet-server110/databaseSecurityPolicies/c3d905bb-e460-48bb-884d-75fac8f63e11\",\r\n  \"name\": \"c3d905bb-e460-48bb-884d-75fac8f63e11\",\r\n  \"type\": \"Microsoft.Sql/servers/databaseSecurityPolicies\",\r\n  \"location\": null\r\n}",
      "ResponseHeaders": {
        "x-ms-request-id": [
          "0691c3e6-ade6-4045-a6b4-044fec3e2fd4"
        ],
        "X-Content-Type-Options": [
          "nosniff"
        ],
        "Preference-Applied": [
          "return-content"
        ],
        "DataServiceVersion": [
          "3.0;"
        ],
        "x-ms-ratelimit-remaining-subscription-writes": [
          "1179"
        ],
        "x-ms-correlation-request-id": [
          "62f87dd1-ebcd-40f3-8139-ea7b6b6364c1"
        ],
        "x-ms-routing-request-id": [
          "WESTEUROPE:20140917T092959Z:62f87dd1-ebcd-40f3-8139-ea7b6b6364c1"
        ],
        "Strict-Transport-Security": [
          "max-age=31536000; includeSubDomains"
        ],
        "Cache-Control": [
          "no-store, no-cache"
        ],
        "Date": [
          "Wed, 17 Sep 2014 09:29:59 GMT"
        ],
        "Server": [
          "Microsoft-HTTPAPI/2.0"
        ]
      },
      "StatusCode": 200
    },
    {
      "RequestUri": "/cca24ec8-99b5-4aa7-9ff6-486e886f304c/services/storageservices/auditcmdlets110",
      "EncodedRequestUri": "L2NjYTI0ZWM4LTk5YjUtNGFhNy05ZmY2LTQ4NmU4ODZmMzA0Yy9zZXJ2aWNlcy9zdG9yYWdlc2VydmljZXMvYXVkaXRjbWRsZXRzMTEw",
      "RequestMethod": "DELETE",
      "RequestBody": "",
      "RequestHeaders": {
        "x-ms-version": [
          "2014-06-01"
        ],
        "User-Agent": [
          "Microsoft.WindowsAzure.Management.Storage.StorageManagementClient/2.0.0.0"
        ]
      },
      "ResponseBody": "",
      "ResponseHeaders": {
        "x-ms-servedbyregion": [
          "ussouth2"
        ],
        "x-ms-request-id": [
          "cb44cca950271601a76936514afd7a9b"
        ],
        "Cache-Control": [
          "no-cache"
        ],
        "Date": [
          "Wed, 17 Sep 2014 09:30:05 GMT"
        ],
        "Server": [
          "1.0.6198.125",
          "(rd_rdfe_stable.140911-0949)",
          "Microsoft-HTTPAPI/2.0"
        ]
      },
      "StatusCode": 200
    },
    {
      "RequestUri": "/cca24ec8-99b5-4aa7-9ff6-486e886f304c/operations/cb44cca950271601a76936514afd7a9b",
      "EncodedRequestUri": "L2NjYTI0ZWM4LTk5YjUtNGFhNy05ZmY2LTQ4NmU4ODZmMzA0Yy9vcGVyYXRpb25zL2NiNDRjY2E5NTAyNzE2MDFhNzY5MzY1MTRhZmQ3YTli",
      "RequestMethod": "GET",
      "RequestBody": "",
      "RequestHeaders": {
        "x-ms-version": [
          "2014-05-01"
        ],
        "User-Agent": [
          "Microsoft.WindowsAzure.Management.ManagementClient/1.0.0.0",
          "AzurePowershell/v0.8.8"
        ]
      },
      "ResponseBody": "<Operation xmlns=\"http://schemas.microsoft.com/windowsazure\" xmlns:i=\"http://www.w3.org/2001/XMLSchema-instance\">\r\n  <ID>cb44cca9-5027-1601-a769-36514afd7a9b</ID>\r\n  <Status>Succeeded</Status>\r\n  <HttpStatusCode>200</HttpStatusCode>\r\n</Operation>",
      "ResponseHeaders": {
        "x-ms-servedbyregion": [
          "ussouth2"
        ],
        "x-ms-request-id": [
          "d2721b55175e165db810312b71a95fc9"
        ],
        "Cache-Control": [
          "no-cache"
        ],
        "Date": [
          "Wed, 17 Sep 2014 09:30:07 GMT"
        ],
        "Server": [
          "1.0.6198.125",
          "(rd_rdfe_stable.140911-0949)",
          "Microsoft-HTTPAPI/2.0"
        ]
      },
      "StatusCode": 200
    }
  ],
  "Names": {},
  "Variables": {
    "SubscriptionId": "cca24ec8-99b5-4aa7-9ff6-486e886f304c",
    "UserId": "yrubin@microsoft.com"
  }
}