{
  "Entries": [
    {
      "RequestUri": "/cca24ec8-99b5-4aa7-9ff6-486e886f304c/services/storageservices",
      "EncodedRequestUri": "L2NjYTI0ZWM4LTk5YjUtNGFhNy05ZmY2LTQ4NmU4ODZmMzA0Yy9zZXJ2aWNlcy9zdG9yYWdlc2VydmljZXM=",
      "RequestMethod": "POST",
      "RequestBody": "<CreateStorageServiceInput xmlns=\"http://schemas.microsoft.com/windowsazure\">\r\n  <ServiceName>auditcmdlets500</ServiceName>\r\n  <Description p2:nil=\"true\" xmlns:p2=\"http://www.w3.org/2001/XMLSchema-instance\" />\r\n  <Label>YXVkaXRjbWRsZXRzNTAw</Label>\r\n  <Location>West US</Location>\r\n  <AccountType>Standard_GRS</AccountType>\r\n</CreateStorageServiceInput>",
      "RequestHeaders": {
        "x-ms-version": [
          "2014-06-01"
        ],
        "User-Agent": [
          "Microsoft.WindowsAzure.Management.Storage.StorageManagementClient/2.0.0.0"
        ],
        "client-tracking-id": [
          "1"
        ]
      },
      "ResponseBody": "",
      "ResponseHeaders": {
        "x-ms-servedbyregion": [
          "ussouth2"
        ],
        "x-ms-request-id": [
          "68bbe69d25dc1a17a729ccf518f20480"
        ],
        "Cache-Control": [
          "no-cache"
        ],
        "Date": [
          "Wed, 17 Sep 2014 09:11:13 GMT"
        ],
        "Location": [
          "https://management.core.windows.net/subscriptions/cca24ec8-99b5-4aa7-9ff6-486e886f304c/storage/auditcmdlets500"
        ],
        "Server": [
          "1.0.6198.125",
          "(rd_rdfe_stable.140911-0949)",
          "Microsoft-HTTPAPI/2.0"
        ]
      },
      "StatusCode": 202
    },
    {
      "RequestUri": "/cca24ec8-99b5-4aa7-9ff6-486e886f304c/operations/68bbe69d25dc1a17a729ccf518f20480",
      "EncodedRequestUri": "L2NjYTI0ZWM4LTk5YjUtNGFhNy05ZmY2LTQ4NmU4ODZmMzA0Yy9vcGVyYXRpb25zLzY4YmJlNjlkMjVkYzFhMTdhNzI5Y2NmNTE4ZjIwNDgw",
      "RequestMethod": "GET",
      "RequestBody": "",
      "RequestHeaders": {
        "x-ms-version": [
          "2014-06-01"
        ],
        "User-Agent": [
          "Microsoft.WindowsAzure.Management.Storage.StorageManagementClient/2.0.0.0"
        ],
        "client-tracking-id": [
          "1"
        ]
      },
      "ResponseBody": "<Operation xmlns=\"http://schemas.microsoft.com/windowsazure\" xmlns:i=\"http://www.w3.org/2001/XMLSchema-instance\">\r\n  <ID>68bbe69d-25dc-1a17-a729-ccf518f20480</ID>\r\n  <Status>InProgress</Status>\r\n</Operation>",
      "ResponseHeaders": {
        "x-ms-servedbyregion": [
          "ussouth2"
        ],
        "x-ms-request-id": [
          "585b87384262184fae22125e15c41a99"
        ],
        "Cache-Control": [
          "no-cache"
        ],
        "Date": [
          "Wed, 17 Sep 2014 09:11:13 GMT"
        ],
        "Server": [
          "1.0.6198.125",
          "(rd_rdfe_stable.140911-0949)",
          "Microsoft-HTTPAPI/2.0"
        ]
      },
      "StatusCode": 200
    },
    {
      "RequestUri": "/cca24ec8-99b5-4aa7-9ff6-486e886f304c/operations/68bbe69d25dc1a17a729ccf518f20480",
      "EncodedRequestUri": "L2NjYTI0ZWM4LTk5YjUtNGFhNy05ZmY2LTQ4NmU4ODZmMzA0Yy9vcGVyYXRpb25zLzY4YmJlNjlkMjVkYzFhMTdhNzI5Y2NmNTE4ZjIwNDgw",
      "RequestMethod": "GET",
      "RequestBody": "",
      "RequestHeaders": {
        "x-ms-version": [
          "2014-06-01"
        ],
        "User-Agent": [
          "Microsoft.WindowsAzure.Management.Storage.StorageManagementClient/2.0.0.0"
        ],
        "client-tracking-id": [
          "1"
        ]
      },
      "ResponseBody": "<Operation xmlns=\"http://schemas.microsoft.com/windowsazure\" xmlns:i=\"http://www.w3.org/2001/XMLSchema-instance\">\r\n  <ID>68bbe69d-25dc-1a17-a729-ccf518f20480</ID>\r\n  <Status>Succeeded</Status>\r\n  <HttpStatusCode>200</HttpStatusCode>\r\n</Operation>",
      "ResponseHeaders": {
        "x-ms-servedbyregion": [
          "ussouth2"
        ],
        "x-ms-request-id": [
          "fbb627a45cfa17c5901d1c980c6fe4fb"
        ],
        "Cache-Control": [
          "no-cache"
        ],
        "Date": [
          "Wed, 17 Sep 2014 09:11:44 GMT"
        ],
        "Server": [
          "1.0.6198.125",
          "(rd_rdfe_stable.140911-0949)",
          "Microsoft-HTTPAPI/2.0"
        ]
      },
      "StatusCode": 200
    },
    {
      "RequestUri": "/subscriptions/cca24ec8-99b5-4aa7-9ff6-486e886f304c/resourcegroups/sql-audit-cmdlet-test-rg500?api-version=2014-04-01-preview",
      "EncodedRequestUri": "L3N1YnNjcmlwdGlvbnMvY2NhMjRlYzgtOTliNS00YWE3LTlmZjYtNDg2ZTg4NmYzMDRjL3Jlc291cmNlZ3JvdXBzL3NxbC1hdWRpdC1jbWRsZXQtdGVzdC1yZzUwMD9hcGktdmVyc2lvbj0yMDE0LTA0LTAxLXByZXZpZXc=",
      "RequestMethod": "HEAD",
      "RequestBody": "",
      "RequestHeaders": {
        "User-Agent": [
          "Microsoft.Azure.Management.Resources.ResourceManagementClient/2.0.0.0"
        ]
      },
      "ResponseBody": "",
      "ResponseHeaders": {
        "Pragma": [
          "no-cache"
        ],
        "x-ms-ratelimit-remaining-subscription-reads": [
          "31965"
        ],
        "x-ms-request-id": [
          "e351c1a4-b8fd-4992-b785-2e7228293f1a"
        ],
        "x-ms-correlation-request-id": [
          "e351c1a4-b8fd-4992-b785-2e7228293f1a"
        ],
        "x-ms-routing-request-id": [
          "WESTEUROPE:20140917T091145Z:e351c1a4-b8fd-4992-b785-2e7228293f1a"
        ],
        "Strict-Transport-Security": [
          "max-age=31536000; includeSubDomains"
        ],
        "Cache-Control": [
          "no-cache"
        ],
        "Date": [
          "Wed, 17 Sep 2014 09:11:45 GMT"
        ]
      },
      "StatusCode": 404
    },
    {
      "RequestUri": "/subscriptions/cca24ec8-99b5-4aa7-9ff6-486e886f304c/resourcegroups/sql-audit-cmdlet-test-rg500?api-version=2014-04-01-preview",
      "EncodedRequestUri": "L3N1YnNjcmlwdGlvbnMvY2NhMjRlYzgtOTliNS00YWE3LTlmZjYtNDg2ZTg4NmYzMDRjL3Jlc291cmNlZ3JvdXBzL3NxbC1hdWRpdC1jbWRsZXQtdGVzdC1yZzUwMD9hcGktdmVyc2lvbj0yMDE0LTA0LTAxLXByZXZpZXc=",
      "RequestMethod": "PUT",
      "RequestBody": "{\r\n  \"location\": \"West US\",\r\n  \"tags\": {}\r\n}",
      "RequestHeaders": {
        "User-Agent": [
          "Microsoft.Azure.Management.Resources.ResourceManagementClient/2.0.0.0"
        ]
      },
      "ResponseBody": "{\r\n  \"id\": \"/subscriptions/cca24ec8-99b5-4aa7-9ff6-486e886f304c/resourceGroups/sql-audit-cmdlet-test-rg500\",\r\n  \"name\": \"sql-audit-cmdlet-test-rg500\",\r\n  \"location\": \"westus\",\r\n  \"tags\": {},\r\n  \"properties\": {\r\n    \"provisioningState\": \"Succeeded\"\r\n  }\r\n}",
      "ResponseHeaders": {
        "Pragma": [
          "no-cache"
        ],
        "x-ms-ratelimit-remaining-subscription-writes": [
          "1197"
        ],
        "x-ms-request-id": [
          "c4887ee9-ba20-4ce0-ad36-3a4b8ddfb4f1"
        ],
        "x-ms-correlation-request-id": [
          "c4887ee9-ba20-4ce0-ad36-3a4b8ddfb4f1"
        ],
        "x-ms-routing-request-id": [
          "WESTEUROPE:20140917T091147Z:c4887ee9-ba20-4ce0-ad36-3a4b8ddfb4f1"
        ],
        "Strict-Transport-Security": [
          "max-age=31536000; includeSubDomains"
        ],
        "Cache-Control": [
          "no-cache"
        ],
        "Date": [
          "Wed, 17 Sep 2014 09:11:47 GMT"
        ]
      },
      "StatusCode": 201
    },
    {
      "RequestUri": "/subscriptions/cca24ec8-99b5-4aa7-9ff6-486e886f304c/resourcegroups/sql-audit-cmdlet-test-rg500/deployments/sql-audit-test-env-setup/validate?&api-version=2014-04-01-preview",
      "EncodedRequestUri": "L3N1YnNjcmlwdGlvbnMvY2NhMjRlYzgtOTliNS00YWE3LTlmZjYtNDg2ZTg4NmYzMDRjL3Jlc291cmNlZ3JvdXBzL3NxbC1hdWRpdC1jbWRsZXQtdGVzdC1yZzUwMC9kZXBsb3ltZW50cy9zcWwtYXVkaXQtdGVzdC1lbnYtc2V0dXAvdmFsaWRhdGU/JmFwaS12ZXJzaW9uPTIwMTQtMDQtMDEtcHJldmlldw==",
      "RequestMethod": "POST",
      "RequestBody": "{\r\n  \"properties\": {\r\n    \"template\": {\r\n      \"$schema\": \"http://schemas.management.azure.com/deploymentTemplate?api-version=2014-04-01-preview\",\r\n      \"contentVersion\": \"1.0.0.0\",\r\n      \"parameters\": {\r\n        \"administratorLogin\": {\r\n          \"type\": \"string\",\r\n          \"defaultValue\": \"testlogin\"\r\n        },\r\n        \"administratorLoginPassword\": {\r\n          \"type\": \"securestring\",\r\n          \"defaultValue\": \"testp@ssMakingIt1007Longer\"\r\n        },\r\n        \"collation\": {\r\n          \"type\": \"string\",\r\n          \"defaultValue\": \"SQL_Latin1_General_CP1_CI_AS\"\r\n        },\r\n        \"databaseName\": {\r\n          \"type\": \"string\"\r\n        },\r\n        \"edition\": {\r\n          \"type\": \"string\",\r\n          \"defaultValue\": \"Basic\"\r\n        },\r\n        \"configuredServiceLevelObjectiveId\": {\r\n          \"type\": \"string\",\r\n          \"defaultValue\": \"910b4fcb-8a29-4c3e-958f-f7ba794388b2\"\r\n        },\r\n        \"EnvLocation\": {\r\n          \"type\": \"string\"\r\n        },\r\n        \"serverName\": {\r\n          \"type\": \"string\"\r\n        }\r\n      },\r\n      \"resources\": [\r\n        {\r\n          \"apiVersion\": \"2.0\",\r\n          \"location\": \"[parameters('EnvLocation')]\",\r\n          \"name\": \"[parameters('serverName')]\",\r\n          \"properties\": {\r\n            \"administratorLogin\": \"[parameters('administratorLogin')]\",\r\n            \"administratorLoginPassword\": \"[parameters('administratorLoginPassword')]\"\r\n          },\r\n          \"resources\": [\r\n            {\r\n              \"apiVersion\": \"2.0\",\r\n              \"dependsOn\": [\r\n                \"[concat('Microsoft.Sql/servers/', parameters('serverName'))]\"\r\n              ],\r\n              \"location\": \"[parameters('EnvLocation')]\",\r\n              \"name\": \"[parameters('databaseName')]\",\r\n              \"properties\": {\r\n                \"collation\": \"[parameters('collation')]\",\r\n                \"edition\": \"[parameters('edition')]\",\r\n                \"maxSizeBytes\": \"1073741824\"\r\n              },\r\n              \"type\": \"databases\"\r\n            }\r\n          ],\r\n          \"type\": \"Microsoft.Sql/servers\"\r\n        }\r\n      ]\r\n    },\r\n    \"parameters\": {\r\n      \"databaseName\": {\r\n        \"value\": \"sql-audit-cmdlet-db500\"\r\n      },\r\n      \"serverName\": {\r\n        \"value\": \"sql-audit-cmdlet-server500\"\r\n      },\r\n      \"EnvLocation\": {\r\n        \"value\": \"West US\"\r\n      }\r\n    },\r\n    \"mode\": \"Incremental\"\r\n  }\r\n}",
      "RequestHeaders": {
        "User-Agent": [
          "Microsoft.Azure.Management.Resources.ResourceManagementClient/2.0.0.0"
        ]
      },
      "ResponseBody": "{\r\n  \"id\": \"/subscriptions/cca24ec8-99b5-4aa7-9ff6-486e886f304c/resourceGroups/sql-audit-cmdlet-test-rg500/deployments/sql-audit-test-env-setup\",\r\n  \"name\": \"sql-audit-test-env-setup\",\r\n  \"properties\": {\r\n    \"parameters\": {\r\n      \"administratorLogin\": {\r\n        \"type\": \"String\",\r\n        \"value\": \"testlogin\"\r\n      },\r\n      \"administratorLoginPassword\": {\r\n        \"type\": \"SecureString\"\r\n      },\r\n      \"collation\": {\r\n        \"type\": \"String\",\r\n        \"value\": \"SQL_Latin1_General_CP1_CI_AS\"\r\n      },\r\n      \"databaseName\": {\r\n        \"type\": \"String\",\r\n        \"value\": \"sql-audit-cmdlet-db500\"\r\n      },\r\n      \"edition\": {\r\n        \"type\": \"String\",\r\n        \"value\": \"Basic\"\r\n      },\r\n      \"configuredServiceLevelObjectiveId\": {\r\n        \"type\": \"String\",\r\n        \"value\": \"910b4fcb-8a29-4c3e-958f-f7ba794388b2\"\r\n      },\r\n      \"envLocation\": {\r\n        \"type\": \"String\",\r\n        \"value\": \"West US\"\r\n      },\r\n      \"serverName\": {\r\n        \"type\": \"String\",\r\n        \"value\": \"sql-audit-cmdlet-server500\"\r\n      }\r\n    },\r\n    \"mode\": \"Incremental\",\r\n    \"provisioningState\": \"Accepted\",\r\n    \"timestamp\": \"2014-09-17T09:11:49.193963Z\",\r\n    \"correlationId\": \"67fd18bd-9a8d-4023-8a30-b01947b7875e\",\r\n    \"providers\": [\r\n      {\r\n        \"namespace\": \"Microsoft.Sql\",\r\n        \"resourceTypes\": [\r\n          {\r\n            \"resourceType\": \"servers\",\r\n            \"locations\": [\r\n              \"westus\"\r\n            ]\r\n          },\r\n          {\r\n            \"resourceType\": \"servers/databases\",\r\n            \"locations\": [\r\n              \"westus\"\r\n            ]\r\n          }\r\n        ]\r\n      }\r\n    ],\r\n    \"dependencies\": [\r\n      {\r\n        \"dependsOn\": [\r\n          {\r\n            \"id\": \"/subscriptions/cca24ec8-99b5-4aa7-9ff6-486e886f304c/resourceGroups/sql-audit-cmdlet-test-rg500/providers/Microsoft.Sql/servers/sql-audit-cmdlet-server500\",\r\n            \"resourceType\": \"Microsoft.Sql/servers\",\r\n            \"resourceName\": \"sql-audit-cmdlet-server500\"\r\n          }\r\n        ],\r\n        \"id\": \"/subscriptions/cca24ec8-99b5-4aa7-9ff6-486e886f304c/resourceGroups/sql-audit-cmdlet-test-rg500/providers/Microsoft.Sql/servers/sql-audit-cmdlet-server500/databases/sql-audit-cmdlet-db500\",\r\n        \"resourceType\": \"Microsoft.Sql/servers/databases\",\r\n        \"resourceName\": \"sql-audit-cmdlet-server500/sql-audit-cmdlet-db500\"\r\n      }\r\n    ]\r\n  }\r\n}",
      "ResponseHeaders": {
        "Pragma": [
          "no-cache"
        ],
        "x-ms-ratelimit-remaining-subscription-writes": [
          "1196"
        ],
        "x-ms-request-id": [
          "67fd18bd-9a8d-4023-8a30-b01947b7875e"
        ],
        "x-ms-correlation-request-id": [
          "67fd18bd-9a8d-4023-8a30-b01947b7875e"
        ],
        "x-ms-routing-request-id": [
          "WESTEUROPE:20140917T091149Z:67fd18bd-9a8d-4023-8a30-b01947b7875e"
        ],
        "Strict-Transport-Security": [
          "max-age=31536000; includeSubDomains"
        ],
        "Cache-Control": [
          "no-cache"
        ],
        "Date": [
          "Wed, 17 Sep 2014 09:11:48 GMT"
        ]
      },
      "StatusCode": 200
    },
    {
      "RequestUri": "/subscriptions/cca24ec8-99b5-4aa7-9ff6-486e886f304c/resourcegroups/sql-audit-cmdlet-test-rg500/deployments/sql-audit-test-env-setup?api-version=2014-04-01-preview",
      "EncodedRequestUri": "L3N1YnNjcmlwdGlvbnMvY2NhMjRlYzgtOTliNS00YWE3LTlmZjYtNDg2ZTg4NmYzMDRjL3Jlc291cmNlZ3JvdXBzL3NxbC1hdWRpdC1jbWRsZXQtdGVzdC1yZzUwMC9kZXBsb3ltZW50cy9zcWwtYXVkaXQtdGVzdC1lbnYtc2V0dXA/YXBpLXZlcnNpb249MjAxNC0wNC0wMS1wcmV2aWV3",
      "RequestMethod": "PUT",
      "RequestBody": "{\r\n  \"properties\": {\r\n    \"template\": {\r\n      \"$schema\": \"http://schemas.management.azure.com/deploymentTemplate?api-version=2014-04-01-preview\",\r\n      \"contentVersion\": \"1.0.0.0\",\r\n      \"parameters\": {\r\n        \"administratorLogin\": {\r\n          \"type\": \"string\",\r\n          \"defaultValue\": \"testlogin\"\r\n        },\r\n        \"administratorLoginPassword\": {\r\n          \"type\": \"securestring\",\r\n          \"defaultValue\": \"testp@ssMakingIt1007Longer\"\r\n        },\r\n        \"collation\": {\r\n          \"type\": \"string\",\r\n          \"defaultValue\": \"SQL_Latin1_General_CP1_CI_AS\"\r\n        },\r\n        \"databaseName\": {\r\n          \"type\": \"string\"\r\n        },\r\n        \"edition\": {\r\n          \"type\": \"string\",\r\n          \"defaultValue\": \"Basic\"\r\n        },\r\n        \"configuredServiceLevelObjectiveId\": {\r\n          \"type\": \"string\",\r\n          \"defaultValue\": \"910b4fcb-8a29-4c3e-958f-f7ba794388b2\"\r\n        },\r\n        \"EnvLocation\": {\r\n          \"type\": \"string\"\r\n        },\r\n        \"serverName\": {\r\n          \"type\": \"string\"\r\n        }\r\n      },\r\n      \"resources\": [\r\n        {\r\n          \"apiVersion\": \"2.0\",\r\n          \"location\": \"[parameters('EnvLocation')]\",\r\n          \"name\": \"[parameters('serverName')]\",\r\n          \"properties\": {\r\n            \"administratorLogin\": \"[parameters('administratorLogin')]\",\r\n            \"administratorLoginPassword\": \"[parameters('administratorLoginPassword')]\"\r\n          },\r\n          \"resources\": [\r\n            {\r\n              \"apiVersion\": \"2.0\",\r\n              \"dependsOn\": [\r\n                \"[concat('Microsoft.Sql/servers/', parameters('serverName'))]\"\r\n              ],\r\n              \"location\": \"[parameters('EnvLocation')]\",\r\n              \"name\": \"[parameters('databaseName')]\",\r\n              \"properties\": {\r\n                \"collation\": \"[parameters('collation')]\",\r\n                \"edition\": \"[parameters('edition')]\",\r\n                \"maxSizeBytes\": \"1073741824\"\r\n              },\r\n              \"type\": \"databases\"\r\n            }\r\n          ],\r\n          \"type\": \"Microsoft.Sql/servers\"\r\n        }\r\n      ]\r\n    },\r\n    \"parameters\": {\r\n      \"databaseName\": {\r\n        \"value\": \"sql-audit-cmdlet-db500\"\r\n      },\r\n      \"serverName\": {\r\n        \"value\": \"sql-audit-cmdlet-server500\"\r\n      },\r\n      \"EnvLocation\": {\r\n        \"value\": \"West US\"\r\n      }\r\n    },\r\n    \"mode\": \"Incremental\"\r\n  }\r\n}",
      "RequestHeaders": {
        "User-Agent": [
          "Microsoft.Azure.Management.Resources.ResourceManagementClient/2.0.0.0"
        ]
      },
      "ResponseBody": "{\r\n  \"id\": \"/subscriptions/cca24ec8-99b5-4aa7-9ff6-486e886f304c/resourceGroups/sql-audit-cmdlet-test-rg500/deployments/sql-audit-test-env-setup\",\r\n  \"name\": \"sql-audit-test-env-setup\",\r\n  \"properties\": {\r\n    \"parameters\": {\r\n      \"administratorLogin\": {\r\n        \"type\": \"String\",\r\n        \"value\": \"testlogin\"\r\n      },\r\n      \"administratorLoginPassword\": {\r\n        \"type\": \"SecureString\"\r\n      },\r\n      \"collation\": {\r\n        \"type\": \"String\",\r\n        \"value\": \"SQL_Latin1_General_CP1_CI_AS\"\r\n      },\r\n      \"databaseName\": {\r\n        \"type\": \"String\",\r\n        \"value\": \"sql-audit-cmdlet-db500\"\r\n      },\r\n      \"edition\": {\r\n        \"type\": \"String\",\r\n        \"value\": \"Basic\"\r\n      },\r\n      \"configuredServiceLevelObjectiveId\": {\r\n        \"type\": \"String\",\r\n        \"value\": \"910b4fcb-8a29-4c3e-958f-f7ba794388b2\"\r\n      },\r\n      \"envLocation\": {\r\n        \"type\": \"String\",\r\n        \"value\": \"West US\"\r\n      },\r\n      \"serverName\": {\r\n        \"type\": \"String\",\r\n        \"value\": \"sql-audit-cmdlet-server500\"\r\n      }\r\n    },\r\n    \"mode\": \"Incremental\",\r\n    \"provisioningState\": \"Accepted\",\r\n    \"timestamp\": \"2014-09-17T09:11:51.4344482Z\",\r\n    \"correlationId\": \"e2729039-f661-4b43-94b8-b32cc1084165\",\r\n    \"providers\": [\r\n      {\r\n        \"namespace\": \"Microsoft.Sql\",\r\n        \"resourceTypes\": [\r\n          {\r\n            \"resourceType\": \"servers\",\r\n            \"locations\": [\r\n              \"westus\"\r\n            ]\r\n          },\r\n          {\r\n            \"resourceType\": \"servers/databases\",\r\n            \"locations\": [\r\n              \"westus\"\r\n            ]\r\n          }\r\n        ]\r\n      }\r\n    ],\r\n    \"dependencies\": [\r\n      {\r\n        \"dependsOn\": [\r\n          {\r\n            \"id\": \"/subscriptions/cca24ec8-99b5-4aa7-9ff6-486e886f304c/resourceGroups/sql-audit-cmdlet-test-rg500/providers/Microsoft.Sql/servers/sql-audit-cmdlet-server500\",\r\n            \"resourceType\": \"Microsoft.Sql/servers\",\r\n            \"resourceName\": \"sql-audit-cmdlet-server500\"\r\n          }\r\n        ],\r\n        \"id\": \"/subscriptions/cca24ec8-99b5-4aa7-9ff6-486e886f304c/resourceGroups/sql-audit-cmdlet-test-rg500/providers/Microsoft.Sql/servers/sql-audit-cmdlet-server500/databases/sql-audit-cmdlet-db500\",\r\n        \"resourceType\": \"Microsoft.Sql/servers/databases\",\r\n        \"resourceName\": \"sql-audit-cmdlet-server500/sql-audit-cmdlet-db500\"\r\n      }\r\n    ]\r\n  }\r\n}",
      "ResponseHeaders": {
        "Pragma": [
          "no-cache"
        ],
        "x-ms-ratelimit-remaining-subscription-writes": [
          "1195"
        ],
        "x-ms-request-id": [
          "e2729039-f661-4b43-94b8-b32cc1084165"
        ],
        "x-ms-correlation-request-id": [
          "e2729039-f661-4b43-94b8-b32cc1084165"
        ],
        "x-ms-routing-request-id": [
          "WESTEUROPE:20140917T091151Z:e2729039-f661-4b43-94b8-b32cc1084165"
        ],
        "Strict-Transport-Security": [
          "max-age=31536000; includeSubDomains"
        ],
        "Cache-Control": [
          "no-cache"
        ],
        "Date": [
          "Wed, 17 Sep 2014 09:11:51 GMT"
        ]
      },
      "StatusCode": 201
    },
    {
      "RequestUri": "/subscriptions/cca24ec8-99b5-4aa7-9ff6-486e886f304c/resourcegroups/sql-audit-cmdlet-test-rg500/deployments/sql-audit-test-env-setup/operations?&api-version=2014-04-01-preview",
      "EncodedRequestUri": "L3N1YnNjcmlwdGlvbnMvY2NhMjRlYzgtOTliNS00YWE3LTlmZjYtNDg2ZTg4NmYzMDRjL3Jlc291cmNlZ3JvdXBzL3NxbC1hdWRpdC1jbWRsZXQtdGVzdC1yZzUwMC9kZXBsb3ltZW50cy9zcWwtYXVkaXQtdGVzdC1lbnYtc2V0dXAvb3BlcmF0aW9ucz8mYXBpLXZlcnNpb249MjAxNC0wNC0wMS1wcmV2aWV3",
      "RequestMethod": "GET",
      "RequestBody": "",
      "RequestHeaders": {
        "User-Agent": [
          "Microsoft.Azure.Management.Resources.ResourceManagementClient/2.0.0.0"
        ]
      },
      "ResponseBody": "{\r\n  \"value\": []\r\n}",
      "ResponseHeaders": {
        "Pragma": [
          "no-cache"
        ],
        "x-ms-ratelimit-remaining-subscription-reads": [
          "31964"
        ],
        "x-ms-request-id": [
          "349204b1-bbd6-4d10-b8c2-eefaaa579ec2"
        ],
        "x-ms-correlation-request-id": [
          "349204b1-bbd6-4d10-b8c2-eefaaa579ec2"
        ],
        "x-ms-routing-request-id": [
          "WESTEUROPE:20140917T091152Z:349204b1-bbd6-4d10-b8c2-eefaaa579ec2"
        ],
        "Strict-Transport-Security": [
          "max-age=31536000; includeSubDomains"
        ],
        "Cache-Control": [
          "no-cache"
        ],
        "Date": [
          "Wed, 17 Sep 2014 09:11:52 GMT"
        ]
      },
      "StatusCode": 200
    },
    {
      "RequestUri": "/subscriptions/cca24ec8-99b5-4aa7-9ff6-486e886f304c/resourcegroups/sql-audit-cmdlet-test-rg500/deployments/sql-audit-test-env-setup/operations?&api-version=2014-04-01-preview",
      "EncodedRequestUri": "L3N1YnNjcmlwdGlvbnMvY2NhMjRlYzgtOTliNS00YWE3LTlmZjYtNDg2ZTg4NmYzMDRjL3Jlc291cmNlZ3JvdXBzL3NxbC1hdWRpdC1jbWRsZXQtdGVzdC1yZzUwMC9kZXBsb3ltZW50cy9zcWwtYXVkaXQtdGVzdC1lbnYtc2V0dXAvb3BlcmF0aW9ucz8mYXBpLXZlcnNpb249MjAxNC0wNC0wMS1wcmV2aWV3",
      "RequestMethod": "GET",
      "RequestBody": "",
      "RequestHeaders": {
        "User-Agent": [
          "Microsoft.Azure.Management.Resources.ResourceManagementClient/2.0.0.0"
        ]
      },
      "ResponseBody": "{\r\n  \"value\": []\r\n}",
      "ResponseHeaders": {
        "Pragma": [
          "no-cache"
        ],
        "x-ms-ratelimit-remaining-subscription-reads": [
          "31962"
        ],
        "x-ms-request-id": [
          "e7440cf7-81f3-4b77-8bae-0b5419dac6de"
        ],
        "x-ms-correlation-request-id": [
          "e7440cf7-81f3-4b77-8bae-0b5419dac6de"
        ],
        "x-ms-routing-request-id": [
          "WESTEUROPE:20140917T091156Z:e7440cf7-81f3-4b77-8bae-0b5419dac6de"
        ],
        "Strict-Transport-Security": [
          "max-age=31536000; includeSubDomains"
        ],
        "Cache-Control": [
          "no-cache"
        ],
        "Date": [
          "Wed, 17 Sep 2014 09:11:55 GMT"
        ]
      },
      "StatusCode": 200
    },
    {
      "RequestUri": "/subscriptions/cca24ec8-99b5-4aa7-9ff6-486e886f304c/resourcegroups/sql-audit-cmdlet-test-rg500/deployments/sql-audit-test-env-setup/operations?&api-version=2014-04-01-preview",
      "EncodedRequestUri": "L3N1YnNjcmlwdGlvbnMvY2NhMjRlYzgtOTliNS00YWE3LTlmZjYtNDg2ZTg4NmYzMDRjL3Jlc291cmNlZ3JvdXBzL3NxbC1hdWRpdC1jbWRsZXQtdGVzdC1yZzUwMC9kZXBsb3ltZW50cy9zcWwtYXVkaXQtdGVzdC1lbnYtc2V0dXAvb3BlcmF0aW9ucz8mYXBpLXZlcnNpb249MjAxNC0wNC0wMS1wcmV2aWV3",
      "RequestMethod": "GET",
      "RequestBody": "",
      "RequestHeaders": {
        "User-Agent": [
          "Microsoft.Azure.Management.Resources.ResourceManagementClient/2.0.0.0"
        ]
      },
      "ResponseBody": "{\r\n  \"value\": []\r\n}",
      "ResponseHeaders": {
        "Pragma": [
          "no-cache"
        ],
        "x-ms-ratelimit-remaining-subscription-reads": [
          "31960"
        ],
        "x-ms-request-id": [
          "b34b6b5b-d484-485c-bbf6-d503fca08535"
        ],
        "x-ms-correlation-request-id": [
          "b34b6b5b-d484-485c-bbf6-d503fca08535"
        ],
        "x-ms-routing-request-id": [
          "WESTEUROPE:20140917T091200Z:b34b6b5b-d484-485c-bbf6-d503fca08535"
        ],
        "Strict-Transport-Security": [
          "max-age=31536000; includeSubDomains"
        ],
        "Cache-Control": [
          "no-cache"
        ],
        "Date": [
          "Wed, 17 Sep 2014 09:12:00 GMT"
        ]
      },
      "StatusCode": 200
    },
    {
      "RequestUri": "/subscriptions/cca24ec8-99b5-4aa7-9ff6-486e886f304c/resourcegroups/sql-audit-cmdlet-test-rg500/deployments/sql-audit-test-env-setup/operations?&api-version=2014-04-01-preview",
      "EncodedRequestUri": "L3N1YnNjcmlwdGlvbnMvY2NhMjRlYzgtOTliNS00YWE3LTlmZjYtNDg2ZTg4NmYzMDRjL3Jlc291cmNlZ3JvdXBzL3NxbC1hdWRpdC1jbWRsZXQtdGVzdC1yZzUwMC9kZXBsb3ltZW50cy9zcWwtYXVkaXQtdGVzdC1lbnYtc2V0dXAvb3BlcmF0aW9ucz8mYXBpLXZlcnNpb249MjAxNC0wNC0wMS1wcmV2aWV3",
      "RequestMethod": "GET",
      "RequestBody": "",
      "RequestHeaders": {
        "User-Agent": [
          "Microsoft.Azure.Management.Resources.ResourceManagementClient/2.0.0.0"
        ]
      },
      "ResponseBody": "{\r\n  \"value\": []\r\n}",
      "ResponseHeaders": {
        "Pragma": [
          "no-cache"
        ],
        "x-ms-ratelimit-remaining-subscription-reads": [
          "31958"
        ],
        "x-ms-request-id": [
          "7c900ce8-2323-443b-8567-42881931baf6"
        ],
        "x-ms-correlation-request-id": [
          "7c900ce8-2323-443b-8567-42881931baf6"
        ],
        "x-ms-routing-request-id": [
          "WESTEUROPE:20140917T091204Z:7c900ce8-2323-443b-8567-42881931baf6"
        ],
        "Strict-Transport-Security": [
          "max-age=31536000; includeSubDomains"
        ],
        "Cache-Control": [
          "no-cache"
        ],
        "Date": [
          "Wed, 17 Sep 2014 09:12:03 GMT"
        ]
      },
      "StatusCode": 200
    },
    {
      "RequestUri": "/subscriptions/cca24ec8-99b5-4aa7-9ff6-486e886f304c/resourcegroups/sql-audit-cmdlet-test-rg500/deployments/sql-audit-test-env-setup/operations?&api-version=2014-04-01-preview",
      "EncodedRequestUri": "L3N1YnNjcmlwdGlvbnMvY2NhMjRlYzgtOTliNS00YWE3LTlmZjYtNDg2ZTg4NmYzMDRjL3Jlc291cmNlZ3JvdXBzL3NxbC1hdWRpdC1jbWRsZXQtdGVzdC1yZzUwMC9kZXBsb3ltZW50cy9zcWwtYXVkaXQtdGVzdC1lbnYtc2V0dXAvb3BlcmF0aW9ucz8mYXBpLXZlcnNpb249MjAxNC0wNC0wMS1wcmV2aWV3",
      "RequestMethod": "GET",
      "RequestBody": "",
      "RequestHeaders": {
        "User-Agent": [
          "Microsoft.Azure.Management.Resources.ResourceManagementClient/2.0.0.0"
        ]
      },
      "ResponseBody": "{\r\n  \"value\": []\r\n}",
      "ResponseHeaders": {
        "Pragma": [
          "no-cache"
        ],
        "x-ms-ratelimit-remaining-subscription-reads": [
          "31956"
        ],
        "x-ms-request-id": [
          "931fd45a-f5b0-42fb-a689-6e44a7127e61"
        ],
        "x-ms-correlation-request-id": [
          "931fd45a-f5b0-42fb-a689-6e44a7127e61"
        ],
        "x-ms-routing-request-id": [
          "WESTEUROPE:20140917T091208Z:931fd45a-f5b0-42fb-a689-6e44a7127e61"
        ],
        "Strict-Transport-Security": [
          "max-age=31536000; includeSubDomains"
        ],
        "Cache-Control": [
          "no-cache"
        ],
        "Date": [
          "Wed, 17 Sep 2014 09:12:08 GMT"
        ]
      },
      "StatusCode": 200
    },
    {
      "RequestUri": "/subscriptions/cca24ec8-99b5-4aa7-9ff6-486e886f304c/resourcegroups/sql-audit-cmdlet-test-rg500/deployments/sql-audit-test-env-setup/operations?&api-version=2014-04-01-preview",
      "EncodedRequestUri": "L3N1YnNjcmlwdGlvbnMvY2NhMjRlYzgtOTliNS00YWE3LTlmZjYtNDg2ZTg4NmYzMDRjL3Jlc291cmNlZ3JvdXBzL3NxbC1hdWRpdC1jbWRsZXQtdGVzdC1yZzUwMC9kZXBsb3ltZW50cy9zcWwtYXVkaXQtdGVzdC1lbnYtc2V0dXAvb3BlcmF0aW9ucz8mYXBpLXZlcnNpb249MjAxNC0wNC0wMS1wcmV2aWV3",
      "RequestMethod": "GET",
      "RequestBody": "",
      "RequestHeaders": {
        "User-Agent": [
          "Microsoft.Azure.Management.Resources.ResourceManagementClient/2.0.0.0"
        ]
      },
      "ResponseBody": "{\r\n  \"value\": []\r\n}",
      "ResponseHeaders": {
        "Pragma": [
          "no-cache"
        ],
        "x-ms-ratelimit-remaining-subscription-reads": [
          "31954"
        ],
        "x-ms-request-id": [
          "3255ad1b-a819-4e44-8421-21c5aac44a0c"
        ],
        "x-ms-correlation-request-id": [
          "3255ad1b-a819-4e44-8421-21c5aac44a0c"
        ],
        "x-ms-routing-request-id": [
          "WESTEUROPE:20140917T091212Z:3255ad1b-a819-4e44-8421-21c5aac44a0c"
        ],
        "Strict-Transport-Security": [
          "max-age=31536000; includeSubDomains"
        ],
        "Cache-Control": [
          "no-cache"
        ],
        "Date": [
          "Wed, 17 Sep 2014 09:12:11 GMT"
        ]
      },
      "StatusCode": 200
    },
    {
      "RequestUri": "/subscriptions/cca24ec8-99b5-4aa7-9ff6-486e886f304c/resourcegroups/sql-audit-cmdlet-test-rg500/deployments/sql-audit-test-env-setup/operations?&api-version=2014-04-01-preview",
      "EncodedRequestUri": "L3N1YnNjcmlwdGlvbnMvY2NhMjRlYzgtOTliNS00YWE3LTlmZjYtNDg2ZTg4NmYzMDRjL3Jlc291cmNlZ3JvdXBzL3NxbC1hdWRpdC1jbWRsZXQtdGVzdC1yZzUwMC9kZXBsb3ltZW50cy9zcWwtYXVkaXQtdGVzdC1lbnYtc2V0dXAvb3BlcmF0aW9ucz8mYXBpLXZlcnNpb249MjAxNC0wNC0wMS1wcmV2aWV3",
      "RequestMethod": "GET",
      "RequestBody": "",
      "RequestHeaders": {
        "User-Agent": [
          "Microsoft.Azure.Management.Resources.ResourceManagementClient/2.0.0.0"
        ]
      },
      "ResponseBody": "{\r\n  \"value\": []\r\n}",
      "ResponseHeaders": {
        "Pragma": [
          "no-cache"
        ],
        "x-ms-ratelimit-remaining-subscription-reads": [
          "31952"
        ],
        "x-ms-request-id": [
          "fdceaeed-e788-438d-95cd-b8efa58cdd99"
        ],
        "x-ms-correlation-request-id": [
          "fdceaeed-e788-438d-95cd-b8efa58cdd99"
        ],
        "x-ms-routing-request-id": [
          "WESTEUROPE:20140917T091217Z:fdceaeed-e788-438d-95cd-b8efa58cdd99"
        ],
        "Strict-Transport-Security": [
          "max-age=31536000; includeSubDomains"
        ],
        "Cache-Control": [
          "no-cache"
        ],
        "Date": [
          "Wed, 17 Sep 2014 09:12:17 GMT"
        ]
      },
      "StatusCode": 200
    },
    {
      "RequestUri": "/subscriptions/cca24ec8-99b5-4aa7-9ff6-486e886f304c/resourcegroups/sql-audit-cmdlet-test-rg500/deployments/sql-audit-test-env-setup/operations?&api-version=2014-04-01-preview",
      "EncodedRequestUri": "L3N1YnNjcmlwdGlvbnMvY2NhMjRlYzgtOTliNS00YWE3LTlmZjYtNDg2ZTg4NmYzMDRjL3Jlc291cmNlZ3JvdXBzL3NxbC1hdWRpdC1jbWRsZXQtdGVzdC1yZzUwMC9kZXBsb3ltZW50cy9zcWwtYXVkaXQtdGVzdC1lbnYtc2V0dXAvb3BlcmF0aW9ucz8mYXBpLXZlcnNpb249MjAxNC0wNC0wMS1wcmV2aWV3",
      "RequestMethod": "GET",
      "RequestBody": "",
      "RequestHeaders": {
        "User-Agent": [
          "Microsoft.Azure.Management.Resources.ResourceManagementClient/2.0.0.0"
        ]
      },
      "ResponseBody": "{\r\n  \"value\": []\r\n}",
      "ResponseHeaders": {
        "Pragma": [
          "no-cache"
        ],
        "x-ms-ratelimit-remaining-subscription-reads": [
          "31950"
        ],
        "x-ms-request-id": [
          "9bb5d80e-867a-490d-9d24-f80ae567a2a1"
        ],
        "x-ms-correlation-request-id": [
          "9bb5d80e-867a-490d-9d24-f80ae567a2a1"
        ],
        "x-ms-routing-request-id": [
          "WESTEUROPE:20140917T091221Z:9bb5d80e-867a-490d-9d24-f80ae567a2a1"
        ],
        "Strict-Transport-Security": [
          "max-age=31536000; includeSubDomains"
        ],
        "Cache-Control": [
          "no-cache"
        ],
        "Date": [
          "Wed, 17 Sep 2014 09:12:21 GMT"
        ]
      },
      "StatusCode": 200
    },
    {
      "RequestUri": "/subscriptions/cca24ec8-99b5-4aa7-9ff6-486e886f304c/resourcegroups/sql-audit-cmdlet-test-rg500/deployments/sql-audit-test-env-setup/operations?&api-version=2014-04-01-preview",
      "EncodedRequestUri": "L3N1YnNjcmlwdGlvbnMvY2NhMjRlYzgtOTliNS00YWE3LTlmZjYtNDg2ZTg4NmYzMDRjL3Jlc291cmNlZ3JvdXBzL3NxbC1hdWRpdC1jbWRsZXQtdGVzdC1yZzUwMC9kZXBsb3ltZW50cy9zcWwtYXVkaXQtdGVzdC1lbnYtc2V0dXAvb3BlcmF0aW9ucz8mYXBpLXZlcnNpb249MjAxNC0wNC0wMS1wcmV2aWV3",
      "RequestMethod": "GET",
      "RequestBody": "",
      "RequestHeaders": {
        "User-Agent": [
          "Microsoft.Azure.Management.Resources.ResourceManagementClient/2.0.0.0"
        ]
      },
      "ResponseBody": "{\r\n  \"value\": []\r\n}",
      "ResponseHeaders": {
        "Pragma": [
          "no-cache"
        ],
        "x-ms-ratelimit-remaining-subscription-reads": [
          "31948"
        ],
        "x-ms-request-id": [
          "1dc81dd9-fa83-4024-ac91-9ebcf27a30fa"
        ],
        "x-ms-correlation-request-id": [
          "1dc81dd9-fa83-4024-ac91-9ebcf27a30fa"
        ],
        "x-ms-routing-request-id": [
          "WESTEUROPE:20140917T091225Z:1dc81dd9-fa83-4024-ac91-9ebcf27a30fa"
        ],
        "Strict-Transport-Security": [
          "max-age=31536000; includeSubDomains"
        ],
        "Cache-Control": [
          "no-cache"
        ],
        "Date": [
          "Wed, 17 Sep 2014 09:12:24 GMT"
        ]
      },
      "StatusCode": 200
    },
    {
      "RequestUri": "/subscriptions/cca24ec8-99b5-4aa7-9ff6-486e886f304c/resourcegroups/sql-audit-cmdlet-test-rg500/deployments/sql-audit-test-env-setup/operations?&api-version=2014-04-01-preview",
      "EncodedRequestUri": "L3N1YnNjcmlwdGlvbnMvY2NhMjRlYzgtOTliNS00YWE3LTlmZjYtNDg2ZTg4NmYzMDRjL3Jlc291cmNlZ3JvdXBzL3NxbC1hdWRpdC1jbWRsZXQtdGVzdC1yZzUwMC9kZXBsb3ltZW50cy9zcWwtYXVkaXQtdGVzdC1lbnYtc2V0dXAvb3BlcmF0aW9ucz8mYXBpLXZlcnNpb249MjAxNC0wNC0wMS1wcmV2aWV3",
      "RequestMethod": "GET",
      "RequestBody": "",
      "RequestHeaders": {
        "User-Agent": [
          "Microsoft.Azure.Management.Resources.ResourceManagementClient/2.0.0.0"
        ]
      },
      "ResponseBody": "{\r\n  \"value\": []\r\n}",
      "ResponseHeaders": {
        "Pragma": [
          "no-cache"
        ],
        "x-ms-ratelimit-remaining-subscription-reads": [
          "31946"
        ],
        "x-ms-request-id": [
          "00b353d8-57ff-4a72-b8f2-181631ef148f"
        ],
        "x-ms-correlation-request-id": [
          "00b353d8-57ff-4a72-b8f2-181631ef148f"
        ],
        "x-ms-routing-request-id": [
          "WESTEUROPE:20140917T091230Z:00b353d8-57ff-4a72-b8f2-181631ef148f"
        ],
        "Strict-Transport-Security": [
          "max-age=31536000; includeSubDomains"
        ],
        "Cache-Control": [
          "no-cache"
        ],
        "Date": [
          "Wed, 17 Sep 2014 09:12:29 GMT"
        ]
      },
      "StatusCode": 200
    },
    {
      "RequestUri": "/subscriptions/cca24ec8-99b5-4aa7-9ff6-486e886f304c/resourcegroups/sql-audit-cmdlet-test-rg500/deployments/sql-audit-test-env-setup/operations?&api-version=2014-04-01-preview",
      "EncodedRequestUri": "L3N1YnNjcmlwdGlvbnMvY2NhMjRlYzgtOTliNS00YWE3LTlmZjYtNDg2ZTg4NmYzMDRjL3Jlc291cmNlZ3JvdXBzL3NxbC1hdWRpdC1jbWRsZXQtdGVzdC1yZzUwMC9kZXBsb3ltZW50cy9zcWwtYXVkaXQtdGVzdC1lbnYtc2V0dXAvb3BlcmF0aW9ucz8mYXBpLXZlcnNpb249MjAxNC0wNC0wMS1wcmV2aWV3",
      "RequestMethod": "GET",
      "RequestBody": "",
      "RequestHeaders": {
        "User-Agent": [
          "Microsoft.Azure.Management.Resources.ResourceManagementClient/2.0.0.0"
        ]
      },
      "ResponseBody": "{\r\n  \"value\": []\r\n}",
      "ResponseHeaders": {
        "Pragma": [
          "no-cache"
        ],
        "x-ms-ratelimit-remaining-subscription-reads": [
          "31944"
        ],
        "x-ms-request-id": [
          "4aec43db-99a5-4f97-8e9f-ca23a6724ddc"
        ],
        "x-ms-correlation-request-id": [
          "4aec43db-99a5-4f97-8e9f-ca23a6724ddc"
        ],
        "x-ms-routing-request-id": [
          "WESTEUROPE:20140917T091234Z:4aec43db-99a5-4f97-8e9f-ca23a6724ddc"
        ],
        "Strict-Transport-Security": [
          "max-age=31536000; includeSubDomains"
        ],
        "Cache-Control": [
          "no-cache"
        ],
        "Date": [
          "Wed, 17 Sep 2014 09:12:33 GMT"
        ]
      },
      "StatusCode": 200
    },
    {
      "RequestUri": "/subscriptions/cca24ec8-99b5-4aa7-9ff6-486e886f304c/resourcegroups/sql-audit-cmdlet-test-rg500/deployments/sql-audit-test-env-setup/operations?&api-version=2014-04-01-preview",
      "EncodedRequestUri": "L3N1YnNjcmlwdGlvbnMvY2NhMjRlYzgtOTliNS00YWE3LTlmZjYtNDg2ZTg4NmYzMDRjL3Jlc291cmNlZ3JvdXBzL3NxbC1hdWRpdC1jbWRsZXQtdGVzdC1yZzUwMC9kZXBsb3ltZW50cy9zcWwtYXVkaXQtdGVzdC1lbnYtc2V0dXAvb3BlcmF0aW9ucz8mYXBpLXZlcnNpb249MjAxNC0wNC0wMS1wcmV2aWV3",
      "RequestMethod": "GET",
      "RequestBody": "",
      "RequestHeaders": {
        "User-Agent": [
          "Microsoft.Azure.Management.Resources.ResourceManagementClient/2.0.0.0"
        ]
      },
      "ResponseBody": "{\r\n  \"value\": []\r\n}",
      "ResponseHeaders": {
        "Pragma": [
          "no-cache"
        ],
        "x-ms-ratelimit-remaining-subscription-reads": [
          "31942"
        ],
        "x-ms-request-id": [
          "e8d4f797-a888-4115-a6bb-38af87871c38"
        ],
        "x-ms-correlation-request-id": [
          "e8d4f797-a888-4115-a6bb-38af87871c38"
        ],
        "x-ms-routing-request-id": [
          "WESTEUROPE:20140917T091237Z:e8d4f797-a888-4115-a6bb-38af87871c38"
        ],
        "Strict-Transport-Security": [
          "max-age=31536000; includeSubDomains"
        ],
        "Cache-Control": [
          "no-cache"
        ],
        "Date": [
          "Wed, 17 Sep 2014 09:12:37 GMT"
        ]
      },
      "StatusCode": 200
    },
    {
      "RequestUri": "/subscriptions/cca24ec8-99b5-4aa7-9ff6-486e886f304c/resourcegroups/sql-audit-cmdlet-test-rg500/deployments/sql-audit-test-env-setup/operations?&api-version=2014-04-01-preview",
      "EncodedRequestUri": "L3N1YnNjcmlwdGlvbnMvY2NhMjRlYzgtOTliNS00YWE3LTlmZjYtNDg2ZTg4NmYzMDRjL3Jlc291cmNlZ3JvdXBzL3NxbC1hdWRpdC1jbWRsZXQtdGVzdC1yZzUwMC9kZXBsb3ltZW50cy9zcWwtYXVkaXQtdGVzdC1lbnYtc2V0dXAvb3BlcmF0aW9ucz8mYXBpLXZlcnNpb249MjAxNC0wNC0wMS1wcmV2aWV3",
      "RequestMethod": "GET",
      "RequestBody": "",
      "RequestHeaders": {
        "User-Agent": [
          "Microsoft.Azure.Management.Resources.ResourceManagementClient/2.0.0.0"
        ]
      },
      "ResponseBody": "{\r\n  \"value\": []\r\n}",
      "ResponseHeaders": {
        "Pragma": [
          "no-cache"
        ],
        "x-ms-ratelimit-remaining-subscription-reads": [
          "31940"
        ],
        "x-ms-request-id": [
          "bd7de4f4-23f3-44f7-bc36-4a827cadddcf"
        ],
        "x-ms-correlation-request-id": [
          "bd7de4f4-23f3-44f7-bc36-4a827cadddcf"
        ],
        "x-ms-routing-request-id": [
          "WESTEUROPE:20140917T091241Z:bd7de4f4-23f3-44f7-bc36-4a827cadddcf"
        ],
        "Strict-Transport-Security": [
          "max-age=31536000; includeSubDomains"
        ],
        "Cache-Control": [
          "no-cache"
        ],
        "Date": [
          "Wed, 17 Sep 2014 09:12:41 GMT"
        ]
      },
      "StatusCode": 200
    },
    {
      "RequestUri": "/subscriptions/cca24ec8-99b5-4aa7-9ff6-486e886f304c/resourcegroups/sql-audit-cmdlet-test-rg500/deployments/sql-audit-test-env-setup/operations?&api-version=2014-04-01-preview",
      "EncodedRequestUri": "L3N1YnNjcmlwdGlvbnMvY2NhMjRlYzgtOTliNS00YWE3LTlmZjYtNDg2ZTg4NmYzMDRjL3Jlc291cmNlZ3JvdXBzL3NxbC1hdWRpdC1jbWRsZXQtdGVzdC1yZzUwMC9kZXBsb3ltZW50cy9zcWwtYXVkaXQtdGVzdC1lbnYtc2V0dXAvb3BlcmF0aW9ucz8mYXBpLXZlcnNpb249MjAxNC0wNC0wMS1wcmV2aWV3",
      "RequestMethod": "GET",
      "RequestBody": "",
      "RequestHeaders": {
        "User-Agent": [
          "Microsoft.Azure.Management.Resources.ResourceManagementClient/2.0.0.0"
        ]
      },
      "ResponseBody": "{\r\n  \"value\": []\r\n}",
      "ResponseHeaders": {
        "Pragma": [
          "no-cache"
        ],
        "x-ms-ratelimit-remaining-subscription-reads": [
          "31938"
        ],
        "x-ms-request-id": [
          "c688b0b5-c61a-487a-b8af-dfe7d3b9065d"
        ],
        "x-ms-correlation-request-id": [
          "c688b0b5-c61a-487a-b8af-dfe7d3b9065d"
        ],
        "x-ms-routing-request-id": [
          "WESTEUROPE:20140917T091245Z:c688b0b5-c61a-487a-b8af-dfe7d3b9065d"
        ],
        "Strict-Transport-Security": [
          "max-age=31536000; includeSubDomains"
        ],
        "Cache-Control": [
          "no-cache"
        ],
        "Date": [
          "Wed, 17 Sep 2014 09:12:45 GMT"
        ]
      },
      "StatusCode": 200
    },
    {
      "RequestUri": "/subscriptions/cca24ec8-99b5-4aa7-9ff6-486e886f304c/resourcegroups/sql-audit-cmdlet-test-rg500/deployments/sql-audit-test-env-setup/operations?&api-version=2014-04-01-preview",
      "EncodedRequestUri": "L3N1YnNjcmlwdGlvbnMvY2NhMjRlYzgtOTliNS00YWE3LTlmZjYtNDg2ZTg4NmYzMDRjL3Jlc291cmNlZ3JvdXBzL3NxbC1hdWRpdC1jbWRsZXQtdGVzdC1yZzUwMC9kZXBsb3ltZW50cy9zcWwtYXVkaXQtdGVzdC1lbnYtc2V0dXAvb3BlcmF0aW9ucz8mYXBpLXZlcnNpb249MjAxNC0wNC0wMS1wcmV2aWV3",
      "RequestMethod": "GET",
      "RequestBody": "",
      "RequestHeaders": {
        "User-Agent": [
          "Microsoft.Azure.Management.Resources.ResourceManagementClient/2.0.0.0"
        ]
      },
      "ResponseBody": "{\r\n  \"value\": [\r\n    {\r\n      \"id\": \"/subscriptions/cca24ec8-99b5-4aa7-9ff6-486e886f304c/resourceGroups/sql-audit-cmdlet-test-rg500/deployments/sql-audit-test-env-setup/operations/9019E1A0EDB376C7\",\r\n      \"operationId\": \"9019E1A0EDB376C7\",\r\n      \"properties\": {\r\n        \"provisioningState\": \"Succeeded\",\r\n        \"timestamp\": \"2014-09-17T09:12:47.4575707Z\",\r\n        \"trackingId\": \"1972a362-2c90-447a-b3b9-08a3142f3dc8\",\r\n        \"statusCode\": \"Created\",\r\n        \"targetResource\": {\r\n          \"id\": \"/subscriptions/cca24ec8-99b5-4aa7-9ff6-486e886f304c/resourceGroups/sql-audit-cmdlet-test-rg500/providers/Microsoft.Sql/servers/sql-audit-cmdlet-server500\",\r\n          \"resourceType\": \"Microsoft.Sql/servers\",\r\n          \"resourceName\": \"sql-audit-cmdlet-server500\"\r\n        }\r\n      }\r\n    }\r\n  ]\r\n}",
      "ResponseHeaders": {
        "Pragma": [
          "no-cache"
        ],
        "x-ms-ratelimit-remaining-subscription-reads": [
          "31936"
        ],
        "x-ms-request-id": [
          "df0d302f-7e04-49a1-b5a8-6b364375dd67"
        ],
        "x-ms-correlation-request-id": [
          "df0d302f-7e04-49a1-b5a8-6b364375dd67"
        ],
        "x-ms-routing-request-id": [
          "WESTEUROPE:20140917T091249Z:df0d302f-7e04-49a1-b5a8-6b364375dd67"
        ],
        "Strict-Transport-Security": [
          "max-age=31536000; includeSubDomains"
        ],
        "Cache-Control": [
          "no-cache"
        ],
        "Date": [
          "Wed, 17 Sep 2014 09:12:48 GMT"
        ]
      },
      "StatusCode": 200
    },
    {
      "RequestUri": "/subscriptions/cca24ec8-99b5-4aa7-9ff6-486e886f304c/resourcegroups/sql-audit-cmdlet-test-rg500/deployments/sql-audit-test-env-setup/operations?&api-version=2014-04-01-preview",
      "EncodedRequestUri": "L3N1YnNjcmlwdGlvbnMvY2NhMjRlYzgtOTliNS00YWE3LTlmZjYtNDg2ZTg4NmYzMDRjL3Jlc291cmNlZ3JvdXBzL3NxbC1hdWRpdC1jbWRsZXQtdGVzdC1yZzUwMC9kZXBsb3ltZW50cy9zcWwtYXVkaXQtdGVzdC1lbnYtc2V0dXAvb3BlcmF0aW9ucz8mYXBpLXZlcnNpb249MjAxNC0wNC0wMS1wcmV2aWV3",
      "RequestMethod": "GET",
      "RequestBody": "",
      "RequestHeaders": {
        "User-Agent": [
          "Microsoft.Azure.Management.Resources.ResourceManagementClient/2.0.0.0"
        ]
      },
      "ResponseBody": "{\r\n  \"value\": [\r\n    {\r\n      \"id\": \"/subscriptions/cca24ec8-99b5-4aa7-9ff6-486e886f304c/resourceGroups/sql-audit-cmdlet-test-rg500/deployments/sql-audit-test-env-setup/operations/AFD366A72F649171\",\r\n      \"operationId\": \"AFD366A72F649171\",\r\n      \"properties\": {\r\n        \"provisioningState\": \"Succeeded\",\r\n        \"timestamp\": \"2014-09-17T09:12:52.9143398Z\",\r\n        \"trackingId\": \"c57955a7-dcad-4d5f-b551-b58edbd98d6c\",\r\n        \"statusCode\": \"Created\",\r\n        \"targetResource\": {\r\n          \"id\": \"/subscriptions/cca24ec8-99b5-4aa7-9ff6-486e886f304c/resourceGroups/sql-audit-cmdlet-test-rg500/providers/Microsoft.Sql/servers/sql-audit-cmdlet-server500/databases/sql-audit-cmdlet-db500\",\r\n          \"resourceType\": \"Microsoft.Sql/servers/databases\",\r\n          \"resourceName\": \"sql-audit-cmdlet-server500/sql-audit-cmdlet-db500\"\r\n        }\r\n      }\r\n    },\r\n    {\r\n      \"id\": \"/subscriptions/cca24ec8-99b5-4aa7-9ff6-486e886f304c/resourceGroups/sql-audit-cmdlet-test-rg500/deployments/sql-audit-test-env-setup/operations/9019E1A0EDB376C7\",\r\n      \"operationId\": \"9019E1A0EDB376C7\",\r\n      \"properties\": {\r\n        \"provisioningState\": \"Succeeded\",\r\n        \"timestamp\": \"2014-09-17T09:12:47.4575707Z\",\r\n        \"trackingId\": \"1972a362-2c90-447a-b3b9-08a3142f3dc8\",\r\n        \"statusCode\": \"Created\",\r\n        \"targetResource\": {\r\n          \"id\": \"/subscriptions/cca24ec8-99b5-4aa7-9ff6-486e886f304c/resourceGroups/sql-audit-cmdlet-test-rg500/providers/Microsoft.Sql/servers/sql-audit-cmdlet-server500\",\r\n          \"resourceType\": \"Microsoft.Sql/servers\",\r\n          \"resourceName\": \"sql-audit-cmdlet-server500\"\r\n        }\r\n      }\r\n    }\r\n  ]\r\n}",
      "ResponseHeaders": {
        "Pragma": [
          "no-cache"
        ],
        "x-ms-ratelimit-remaining-subscription-reads": [
          "31934"
        ],
        "x-ms-request-id": [
          "391b721a-8f11-4376-9b37-1fb069a264ec"
        ],
        "x-ms-correlation-request-id": [
          "391b721a-8f11-4376-9b37-1fb069a264ec"
        ],
        "x-ms-routing-request-id": [
          "WESTEUROPE:20140917T091253Z:391b721a-8f11-4376-9b37-1fb069a264ec"
        ],
        "Strict-Transport-Security": [
          "max-age=31536000; includeSubDomains"
        ],
        "Cache-Control": [
          "no-cache"
        ],
        "Date": [
          "Wed, 17 Sep 2014 09:12:52 GMT"
        ]
      },
      "StatusCode": 200
    },
    {
      "RequestUri": "/subscriptions/cca24ec8-99b5-4aa7-9ff6-486e886f304c/resourcegroups/sql-audit-cmdlet-test-rg500/deployments/sql-audit-test-env-setup/operations?&api-version=2014-04-01-preview",
      "EncodedRequestUri": "L3N1YnNjcmlwdGlvbnMvY2NhMjRlYzgtOTliNS00YWE3LTlmZjYtNDg2ZTg4NmYzMDRjL3Jlc291cmNlZ3JvdXBzL3NxbC1hdWRpdC1jbWRsZXQtdGVzdC1yZzUwMC9kZXBsb3ltZW50cy9zcWwtYXVkaXQtdGVzdC1lbnYtc2V0dXAvb3BlcmF0aW9ucz8mYXBpLXZlcnNpb249MjAxNC0wNC0wMS1wcmV2aWV3",
      "RequestMethod": "GET",
      "RequestBody": "",
      "RequestHeaders": {
        "User-Agent": [
          "Microsoft.Azure.Management.Resources.ResourceManagementClient/2.0.0.0"
        ]
      },
      "ResponseBody": "{\r\n  \"value\": [\r\n    {\r\n      \"id\": \"/subscriptions/cca24ec8-99b5-4aa7-9ff6-486e886f304c/resourceGroups/sql-audit-cmdlet-test-rg500/deployments/sql-audit-test-env-setup/operations/AFD366A72F649171\",\r\n      \"operationId\": \"AFD366A72F649171\",\r\n      \"properties\": {\r\n        \"provisioningState\": \"Succeeded\",\r\n        \"timestamp\": \"2014-09-17T09:12:52.9143398Z\",\r\n        \"trackingId\": \"c57955a7-dcad-4d5f-b551-b58edbd98d6c\",\r\n        \"statusCode\": \"Created\",\r\n        \"targetResource\": {\r\n          \"id\": \"/subscriptions/cca24ec8-99b5-4aa7-9ff6-486e886f304c/resourceGroups/sql-audit-cmdlet-test-rg500/providers/Microsoft.Sql/servers/sql-audit-cmdlet-server500/databases/sql-audit-cmdlet-db500\",\r\n          \"resourceType\": \"Microsoft.Sql/servers/databases\",\r\n          \"resourceName\": \"sql-audit-cmdlet-server500/sql-audit-cmdlet-db500\"\r\n        }\r\n      }\r\n    },\r\n    {\r\n      \"id\": \"/subscriptions/cca24ec8-99b5-4aa7-9ff6-486e886f304c/resourceGroups/sql-audit-cmdlet-test-rg500/deployments/sql-audit-test-env-setup/operations/9019E1A0EDB376C7\",\r\n      \"operationId\": \"9019E1A0EDB376C7\",\r\n      \"properties\": {\r\n        \"provisioningState\": \"Succeeded\",\r\n        \"timestamp\": \"2014-09-17T09:12:47.4575707Z\",\r\n        \"trackingId\": \"1972a362-2c90-447a-b3b9-08a3142f3dc8\",\r\n        \"statusCode\": \"Created\",\r\n        \"targetResource\": {\r\n          \"id\": \"/subscriptions/cca24ec8-99b5-4aa7-9ff6-486e886f304c/resourceGroups/sql-audit-cmdlet-test-rg500/providers/Microsoft.Sql/servers/sql-audit-cmdlet-server500\",\r\n          \"resourceType\": \"Microsoft.Sql/servers\",\r\n          \"resourceName\": \"sql-audit-cmdlet-server500\"\r\n        }\r\n      }\r\n    }\r\n  ]\r\n}",
      "ResponseHeaders": {
        "Pragma": [
          "no-cache"
        ],
        "x-ms-ratelimit-remaining-subscription-reads": [
          "31932"
        ],
        "x-ms-request-id": [
          "47ca9ee7-8e3a-4918-8758-dd5a3b01ea01"
        ],
        "x-ms-correlation-request-id": [
          "47ca9ee7-8e3a-4918-8758-dd5a3b01ea01"
        ],
        "x-ms-routing-request-id": [
          "WESTEUROPE:20140917T091257Z:47ca9ee7-8e3a-4918-8758-dd5a3b01ea01"
        ],
        "Strict-Transport-Security": [
          "max-age=31536000; includeSubDomains"
        ],
        "Cache-Control": [
          "no-cache"
        ],
        "Date": [
          "Wed, 17 Sep 2014 09:12:57 GMT"
        ]
      },
      "StatusCode": 200
    },
    {
      "RequestUri": "/subscriptions/cca24ec8-99b5-4aa7-9ff6-486e886f304c/resourcegroups/sql-audit-cmdlet-test-rg500/deployments/sql-audit-test-env-setup?api-version=2014-04-01-preview",
      "EncodedRequestUri": "L3N1YnNjcmlwdGlvbnMvY2NhMjRlYzgtOTliNS00YWE3LTlmZjYtNDg2ZTg4NmYzMDRjL3Jlc291cmNlZ3JvdXBzL3NxbC1hdWRpdC1jbWRsZXQtdGVzdC1yZzUwMC9kZXBsb3ltZW50cy9zcWwtYXVkaXQtdGVzdC1lbnYtc2V0dXA/YXBpLXZlcnNpb249MjAxNC0wNC0wMS1wcmV2aWV3",
      "RequestMethod": "GET",
      "RequestBody": "",
      "RequestHeaders": {
        "User-Agent": [
          "Microsoft.Azure.Management.Resources.ResourceManagementClient/2.0.0.0"
        ]
      },
      "ResponseBody": "{\r\n  \"id\": \"/subscriptions/cca24ec8-99b5-4aa7-9ff6-486e886f304c/resourceGroups/sql-audit-cmdlet-test-rg500/deployments/sql-audit-test-env-setup\",\r\n  \"name\": \"sql-audit-test-env-setup\",\r\n  \"properties\": {\r\n    \"parameters\": {\r\n      \"administratorLogin\": {\r\n        \"type\": \"String\",\r\n        \"value\": \"testlogin\"\r\n      },\r\n      \"administratorLoginPassword\": {\r\n        \"type\": \"SecureString\"\r\n      },\r\n      \"collation\": {\r\n        \"type\": \"String\",\r\n        \"value\": \"SQL_Latin1_General_CP1_CI_AS\"\r\n      },\r\n      \"databaseName\": {\r\n        \"type\": \"String\",\r\n        \"value\": \"sql-audit-cmdlet-db500\"\r\n      },\r\n      \"edition\": {\r\n        \"type\": \"String\",\r\n        \"value\": \"Basic\"\r\n      },\r\n      \"configuredServiceLevelObjectiveId\": {\r\n        \"type\": \"String\",\r\n        \"value\": \"910b4fcb-8a29-4c3e-958f-f7ba794388b2\"\r\n      },\r\n      \"envLocation\": {\r\n        \"type\": \"String\",\r\n        \"value\": \"West US\"\r\n      },\r\n      \"serverName\": {\r\n        \"type\": \"String\",\r\n        \"value\": \"sql-audit-cmdlet-server500\"\r\n      }\r\n    },\r\n    \"mode\": \"Incremental\",\r\n    \"provisioningState\": \"Accepted\",\r\n    \"timestamp\": \"2014-09-17T09:11:51.4344482Z\",\r\n    \"correlationId\": \"e2729039-f661-4b43-94b8-b32cc1084165\",\r\n    \"providers\": [\r\n      {\r\n        \"namespace\": \"Microsoft.Sql\",\r\n        \"resourceTypes\": [\r\n          {\r\n            \"resourceType\": \"servers\",\r\n            \"locations\": [\r\n              \"westus\"\r\n            ]\r\n          },\r\n          {\r\n            \"resourceType\": \"servers/databases\",\r\n            \"locations\": [\r\n              \"westus\"\r\n            ]\r\n          }\r\n        ]\r\n      }\r\n    ],\r\n    \"dependencies\": [\r\n      {\r\n        \"dependsOn\": [\r\n          {\r\n            \"id\": \"/subscriptions/cca24ec8-99b5-4aa7-9ff6-486e886f304c/resourceGroups/sql-audit-cmdlet-test-rg500/providers/Microsoft.Sql/servers/sql-audit-cmdlet-server500\",\r\n            \"resourceType\": \"Microsoft.Sql/servers\",\r\n            \"resourceName\": \"sql-audit-cmdlet-server500\"\r\n          }\r\n        ],\r\n        \"id\": \"/subscriptions/cca24ec8-99b5-4aa7-9ff6-486e886f304c/resourceGroups/sql-audit-cmdlet-test-rg500/providers/Microsoft.Sql/servers/sql-audit-cmdlet-server500/databases/sql-audit-cmdlet-db500\",\r\n        \"resourceType\": \"Microsoft.Sql/servers/databases\",\r\n        \"resourceName\": \"sql-audit-cmdlet-server500/sql-audit-cmdlet-db500\"\r\n      }\r\n    ]\r\n  }\r\n}",
      "ResponseHeaders": {
        "Pragma": [
          "no-cache"
        ],
        "x-ms-ratelimit-remaining-subscription-reads": [
          "31963"
        ],
        "x-ms-request-id": [
          "7b9e26de-382f-46cf-b67a-95bc7ec5a59f"
        ],
        "x-ms-correlation-request-id": [
          "7b9e26de-382f-46cf-b67a-95bc7ec5a59f"
        ],
        "x-ms-routing-request-id": [
          "WESTEUROPE:20140917T091153Z:7b9e26de-382f-46cf-b67a-95bc7ec5a59f"
        ],
        "Strict-Transport-Security": [
          "max-age=31536000; includeSubDomains"
        ],
        "Cache-Control": [
          "no-cache"
        ],
        "Date": [
          "Wed, 17 Sep 2014 09:11:53 GMT"
        ]
      },
      "StatusCode": 200
    },
    {
      "RequestUri": "/subscriptions/cca24ec8-99b5-4aa7-9ff6-486e886f304c/resourcegroups/sql-audit-cmdlet-test-rg500/deployments/sql-audit-test-env-setup?api-version=2014-04-01-preview",
      "EncodedRequestUri": "L3N1YnNjcmlwdGlvbnMvY2NhMjRlYzgtOTliNS00YWE3LTlmZjYtNDg2ZTg4NmYzMDRjL3Jlc291cmNlZ3JvdXBzL3NxbC1hdWRpdC1jbWRsZXQtdGVzdC1yZzUwMC9kZXBsb3ltZW50cy9zcWwtYXVkaXQtdGVzdC1lbnYtc2V0dXA/YXBpLXZlcnNpb249MjAxNC0wNC0wMS1wcmV2aWV3",
      "RequestMethod": "GET",
      "RequestBody": "",
      "RequestHeaders": {
        "User-Agent": [
          "Microsoft.Azure.Management.Resources.ResourceManagementClient/2.0.0.0"
        ]
      },
      "ResponseBody": "{\r\n  \"id\": \"/subscriptions/cca24ec8-99b5-4aa7-9ff6-486e886f304c/resourceGroups/sql-audit-cmdlet-test-rg500/deployments/sql-audit-test-env-setup\",\r\n  \"name\": \"sql-audit-test-env-setup\",\r\n  \"properties\": {\r\n    \"parameters\": {\r\n      \"administratorLogin\": {\r\n        \"type\": \"String\",\r\n        \"value\": \"testlogin\"\r\n      },\r\n      \"administratorLoginPassword\": {\r\n        \"type\": \"SecureString\"\r\n      },\r\n      \"collation\": {\r\n        \"type\": \"String\",\r\n        \"value\": \"SQL_Latin1_General_CP1_CI_AS\"\r\n      },\r\n      \"databaseName\": {\r\n        \"type\": \"String\",\r\n        \"value\": \"sql-audit-cmdlet-db500\"\r\n      },\r\n      \"edition\": {\r\n        \"type\": \"String\",\r\n        \"value\": \"Basic\"\r\n      },\r\n      \"configuredServiceLevelObjectiveId\": {\r\n        \"type\": \"String\",\r\n        \"value\": \"910b4fcb-8a29-4c3e-958f-f7ba794388b2\"\r\n      },\r\n      \"envLocation\": {\r\n        \"type\": \"String\",\r\n        \"value\": \"West US\"\r\n      },\r\n      \"serverName\": {\r\n        \"type\": \"String\",\r\n        \"value\": \"sql-audit-cmdlet-server500\"\r\n      }\r\n    },\r\n    \"mode\": \"Incremental\",\r\n    \"provisioningState\": \"Running\",\r\n    \"timestamp\": \"2014-09-17T09:11:54.1243052Z\",\r\n    \"correlationId\": \"e2729039-f661-4b43-94b8-b32cc1084165\",\r\n    \"providers\": [\r\n      {\r\n        \"namespace\": \"Microsoft.Sql\",\r\n        \"resourceTypes\": [\r\n          {\r\n            \"resourceType\": \"servers\",\r\n            \"locations\": [\r\n              \"westus\"\r\n            ]\r\n          },\r\n          {\r\n            \"resourceType\": \"servers/databases\",\r\n            \"locations\": [\r\n              \"westus\"\r\n            ]\r\n          }\r\n        ]\r\n      }\r\n    ],\r\n    \"dependencies\": [\r\n      {\r\n        \"dependsOn\": [\r\n          {\r\n            \"id\": \"/subscriptions/cca24ec8-99b5-4aa7-9ff6-486e886f304c/resourceGroups/sql-audit-cmdlet-test-rg500/providers/Microsoft.Sql/servers/sql-audit-cmdlet-server500\",\r\n            \"resourceType\": \"Microsoft.Sql/servers\",\r\n            \"resourceName\": \"sql-audit-cmdlet-server500\"\r\n          }\r\n        ],\r\n        \"id\": \"/subscriptions/cca24ec8-99b5-4aa7-9ff6-486e886f304c/resourceGroups/sql-audit-cmdlet-test-rg500/providers/Microsoft.Sql/servers/sql-audit-cmdlet-server500/databases/sql-audit-cmdlet-db500\",\r\n        \"resourceType\": \"Microsoft.Sql/servers/databases\",\r\n        \"resourceName\": \"sql-audit-cmdlet-server500/sql-audit-cmdlet-db500\"\r\n      }\r\n    ]\r\n  }\r\n}",
      "ResponseHeaders": {
        "Pragma": [
          "no-cache"
        ],
        "x-ms-ratelimit-remaining-subscription-reads": [
          "31961"
        ],
        "x-ms-request-id": [
          "06a1b582-44be-43cf-94ae-0a76c771a2f9"
        ],
        "x-ms-correlation-request-id": [
          "06a1b582-44be-43cf-94ae-0a76c771a2f9"
        ],
        "x-ms-routing-request-id": [
          "WESTEUROPE:20140917T091157Z:06a1b582-44be-43cf-94ae-0a76c771a2f9"
        ],
        "Strict-Transport-Security": [
          "max-age=31536000; includeSubDomains"
        ],
        "Cache-Control": [
          "no-cache"
        ],
        "Date": [
          "Wed, 17 Sep 2014 09:11:57 GMT"
        ]
      },
      "StatusCode": 200
    },
    {
      "RequestUri": "/subscriptions/cca24ec8-99b5-4aa7-9ff6-486e886f304c/resourcegroups/sql-audit-cmdlet-test-rg500/deployments/sql-audit-test-env-setup?api-version=2014-04-01-preview",
      "EncodedRequestUri": "L3N1YnNjcmlwdGlvbnMvY2NhMjRlYzgtOTliNS00YWE3LTlmZjYtNDg2ZTg4NmYzMDRjL3Jlc291cmNlZ3JvdXBzL3NxbC1hdWRpdC1jbWRsZXQtdGVzdC1yZzUwMC9kZXBsb3ltZW50cy9zcWwtYXVkaXQtdGVzdC1lbnYtc2V0dXA/YXBpLXZlcnNpb249MjAxNC0wNC0wMS1wcmV2aWV3",
      "RequestMethod": "GET",
      "RequestBody": "",
      "RequestHeaders": {
        "User-Agent": [
          "Microsoft.Azure.Management.Resources.ResourceManagementClient/2.0.0.0"
        ]
      },
      "ResponseBody": "{\r\n  \"id\": \"/subscriptions/cca24ec8-99b5-4aa7-9ff6-486e886f304c/resourceGroups/sql-audit-cmdlet-test-rg500/deployments/sql-audit-test-env-setup\",\r\n  \"name\": \"sql-audit-test-env-setup\",\r\n  \"properties\": {\r\n    \"parameters\": {\r\n      \"administratorLogin\": {\r\n        \"type\": \"String\",\r\n        \"value\": \"testlogin\"\r\n      },\r\n      \"administratorLoginPassword\": {\r\n        \"type\": \"SecureString\"\r\n      },\r\n      \"collation\": {\r\n        \"type\": \"String\",\r\n        \"value\": \"SQL_Latin1_General_CP1_CI_AS\"\r\n      },\r\n      \"databaseName\": {\r\n        \"type\": \"String\",\r\n        \"value\": \"sql-audit-cmdlet-db500\"\r\n      },\r\n      \"edition\": {\r\n        \"type\": \"String\",\r\n        \"value\": \"Basic\"\r\n      },\r\n      \"configuredServiceLevelObjectiveId\": {\r\n        \"type\": \"String\",\r\n        \"value\": \"910b4fcb-8a29-4c3e-958f-f7ba794388b2\"\r\n      },\r\n      \"envLocation\": {\r\n        \"type\": \"String\",\r\n        \"value\": \"West US\"\r\n      },\r\n      \"serverName\": {\r\n        \"type\": \"String\",\r\n        \"value\": \"sql-audit-cmdlet-server500\"\r\n      }\r\n    },\r\n    \"mode\": \"Incremental\",\r\n    \"provisioningState\": \"Running\",\r\n    \"timestamp\": \"2014-09-17T09:11:54.1243052Z\",\r\n    \"correlationId\": \"e2729039-f661-4b43-94b8-b32cc1084165\",\r\n    \"providers\": [\r\n      {\r\n        \"namespace\": \"Microsoft.Sql\",\r\n        \"resourceTypes\": [\r\n          {\r\n            \"resourceType\": \"servers\",\r\n            \"locations\": [\r\n              \"westus\"\r\n            ]\r\n          },\r\n          {\r\n            \"resourceType\": \"servers/databases\",\r\n            \"locations\": [\r\n              \"westus\"\r\n            ]\r\n          }\r\n        ]\r\n      }\r\n    ],\r\n    \"dependencies\": [\r\n      {\r\n        \"dependsOn\": [\r\n          {\r\n            \"id\": \"/subscriptions/cca24ec8-99b5-4aa7-9ff6-486e886f304c/resourceGroups/sql-audit-cmdlet-test-rg500/providers/Microsoft.Sql/servers/sql-audit-cmdlet-server500\",\r\n            \"resourceType\": \"Microsoft.Sql/servers\",\r\n            \"resourceName\": \"sql-audit-cmdlet-server500\"\r\n          }\r\n        ],\r\n        \"id\": \"/subscriptions/cca24ec8-99b5-4aa7-9ff6-486e886f304c/resourceGroups/sql-audit-cmdlet-test-rg500/providers/Microsoft.Sql/servers/sql-audit-cmdlet-server500/databases/sql-audit-cmdlet-db500\",\r\n        \"resourceType\": \"Microsoft.Sql/servers/databases\",\r\n        \"resourceName\": \"sql-audit-cmdlet-server500/sql-audit-cmdlet-db500\"\r\n      }\r\n    ]\r\n  }\r\n}",
      "ResponseHeaders": {
        "Pragma": [
          "no-cache"
        ],
        "x-ms-ratelimit-remaining-subscription-reads": [
          "31959"
        ],
        "x-ms-request-id": [
          "18e4c007-d30e-446e-8f57-12b2de3fc07d"
        ],
        "x-ms-correlation-request-id": [
          "18e4c007-d30e-446e-8f57-12b2de3fc07d"
        ],
        "x-ms-routing-request-id": [
          "WESTEUROPE:20140917T091201Z:18e4c007-d30e-446e-8f57-12b2de3fc07d"
        ],
        "Strict-Transport-Security": [
          "max-age=31536000; includeSubDomains"
        ],
        "Cache-Control": [
          "no-cache"
        ],
        "Date": [
          "Wed, 17 Sep 2014 09:12:01 GMT"
        ]
      },
      "StatusCode": 200
    },
    {
      "RequestUri": "/subscriptions/cca24ec8-99b5-4aa7-9ff6-486e886f304c/resourcegroups/sql-audit-cmdlet-test-rg500/deployments/sql-audit-test-env-setup?api-version=2014-04-01-preview",
      "EncodedRequestUri": "L3N1YnNjcmlwdGlvbnMvY2NhMjRlYzgtOTliNS00YWE3LTlmZjYtNDg2ZTg4NmYzMDRjL3Jlc291cmNlZ3JvdXBzL3NxbC1hdWRpdC1jbWRsZXQtdGVzdC1yZzUwMC9kZXBsb3ltZW50cy9zcWwtYXVkaXQtdGVzdC1lbnYtc2V0dXA/YXBpLXZlcnNpb249MjAxNC0wNC0wMS1wcmV2aWV3",
      "RequestMethod": "GET",
      "RequestBody": "",
      "RequestHeaders": {
        "User-Agent": [
          "Microsoft.Azure.Management.Resources.ResourceManagementClient/2.0.0.0"
        ]
      },
      "ResponseBody": "{\r\n  \"id\": \"/subscriptions/cca24ec8-99b5-4aa7-9ff6-486e886f304c/resourceGroups/sql-audit-cmdlet-test-rg500/deployments/sql-audit-test-env-setup\",\r\n  \"name\": \"sql-audit-test-env-setup\",\r\n  \"properties\": {\r\n    \"parameters\": {\r\n      \"administratorLogin\": {\r\n        \"type\": \"String\",\r\n        \"value\": \"testlogin\"\r\n      },\r\n      \"administratorLoginPassword\": {\r\n        \"type\": \"SecureString\"\r\n      },\r\n      \"collation\": {\r\n        \"type\": \"String\",\r\n        \"value\": \"SQL_Latin1_General_CP1_CI_AS\"\r\n      },\r\n      \"databaseName\": {\r\n        \"type\": \"String\",\r\n        \"value\": \"sql-audit-cmdlet-db500\"\r\n      },\r\n      \"edition\": {\r\n        \"type\": \"String\",\r\n        \"value\": \"Basic\"\r\n      },\r\n      \"configuredServiceLevelObjectiveId\": {\r\n        \"type\": \"String\",\r\n        \"value\": \"910b4fcb-8a29-4c3e-958f-f7ba794388b2\"\r\n      },\r\n      \"envLocation\": {\r\n        \"type\": \"String\",\r\n        \"value\": \"West US\"\r\n      },\r\n      \"serverName\": {\r\n        \"type\": \"String\",\r\n        \"value\": \"sql-audit-cmdlet-server500\"\r\n      }\r\n    },\r\n    \"mode\": \"Incremental\",\r\n    \"provisioningState\": \"Running\",\r\n    \"timestamp\": \"2014-09-17T09:11:54.1243052Z\",\r\n    \"correlationId\": \"e2729039-f661-4b43-94b8-b32cc1084165\",\r\n    \"providers\": [\r\n      {\r\n        \"namespace\": \"Microsoft.Sql\",\r\n        \"resourceTypes\": [\r\n          {\r\n            \"resourceType\": \"servers\",\r\n            \"locations\": [\r\n              \"westus\"\r\n            ]\r\n          },\r\n          {\r\n            \"resourceType\": \"servers/databases\",\r\n            \"locations\": [\r\n              \"westus\"\r\n            ]\r\n          }\r\n        ]\r\n      }\r\n    ],\r\n    \"dependencies\": [\r\n      {\r\n        \"dependsOn\": [\r\n          {\r\n            \"id\": \"/subscriptions/cca24ec8-99b5-4aa7-9ff6-486e886f304c/resourceGroups/sql-audit-cmdlet-test-rg500/providers/Microsoft.Sql/servers/sql-audit-cmdlet-server500\",\r\n            \"resourceType\": \"Microsoft.Sql/servers\",\r\n            \"resourceName\": \"sql-audit-cmdlet-server500\"\r\n          }\r\n        ],\r\n        \"id\": \"/subscriptions/cca24ec8-99b5-4aa7-9ff6-486e886f304c/resourceGroups/sql-audit-cmdlet-test-rg500/providers/Microsoft.Sql/servers/sql-audit-cmdlet-server500/databases/sql-audit-cmdlet-db500\",\r\n        \"resourceType\": \"Microsoft.Sql/servers/databases\",\r\n        \"resourceName\": \"sql-audit-cmdlet-server500/sql-audit-cmdlet-db500\"\r\n      }\r\n    ]\r\n  }\r\n}",
      "ResponseHeaders": {
        "Pragma": [
          "no-cache"
        ],
        "x-ms-ratelimit-remaining-subscription-reads": [
          "31957"
        ],
        "x-ms-request-id": [
          "e01cd9af-f3e3-4fe1-a953-65cdfa43a066"
        ],
        "x-ms-correlation-request-id": [
          "e01cd9af-f3e3-4fe1-a953-65cdfa43a066"
        ],
        "x-ms-routing-request-id": [
          "WESTEUROPE:20140917T091205Z:e01cd9af-f3e3-4fe1-a953-65cdfa43a066"
        ],
        "Strict-Transport-Security": [
          "max-age=31536000; includeSubDomains"
        ],
        "Cache-Control": [
          "no-cache"
        ],
        "Date": [
          "Wed, 17 Sep 2014 09:12:05 GMT"
        ]
      },
      "StatusCode": 200
    },
    {
      "RequestUri": "/subscriptions/cca24ec8-99b5-4aa7-9ff6-486e886f304c/resourcegroups/sql-audit-cmdlet-test-rg500/deployments/sql-audit-test-env-setup?api-version=2014-04-01-preview",
      "EncodedRequestUri": "L3N1YnNjcmlwdGlvbnMvY2NhMjRlYzgtOTliNS00YWE3LTlmZjYtNDg2ZTg4NmYzMDRjL3Jlc291cmNlZ3JvdXBzL3NxbC1hdWRpdC1jbWRsZXQtdGVzdC1yZzUwMC9kZXBsb3ltZW50cy9zcWwtYXVkaXQtdGVzdC1lbnYtc2V0dXA/YXBpLXZlcnNpb249MjAxNC0wNC0wMS1wcmV2aWV3",
      "RequestMethod": "GET",
      "RequestBody": "",
      "RequestHeaders": {
        "User-Agent": [
          "Microsoft.Azure.Management.Resources.ResourceManagementClient/2.0.0.0"
        ]
      },
      "ResponseBody": "{\r\n  \"id\": \"/subscriptions/cca24ec8-99b5-4aa7-9ff6-486e886f304c/resourceGroups/sql-audit-cmdlet-test-rg500/deployments/sql-audit-test-env-setup\",\r\n  \"name\": \"sql-audit-test-env-setup\",\r\n  \"properties\": {\r\n    \"parameters\": {\r\n      \"administratorLogin\": {\r\n        \"type\": \"String\",\r\n        \"value\": \"testlogin\"\r\n      },\r\n      \"administratorLoginPassword\": {\r\n        \"type\": \"SecureString\"\r\n      },\r\n      \"collation\": {\r\n        \"type\": \"String\",\r\n        \"value\": \"SQL_Latin1_General_CP1_CI_AS\"\r\n      },\r\n      \"databaseName\": {\r\n        \"type\": \"String\",\r\n        \"value\": \"sql-audit-cmdlet-db500\"\r\n      },\r\n      \"edition\": {\r\n        \"type\": \"String\",\r\n        \"value\": \"Basic\"\r\n      },\r\n      \"configuredServiceLevelObjectiveId\": {\r\n        \"type\": \"String\",\r\n        \"value\": \"910b4fcb-8a29-4c3e-958f-f7ba794388b2\"\r\n      },\r\n      \"envLocation\": {\r\n        \"type\": \"String\",\r\n        \"value\": \"West US\"\r\n      },\r\n      \"serverName\": {\r\n        \"type\": \"String\",\r\n        \"value\": \"sql-audit-cmdlet-server500\"\r\n      }\r\n    },\r\n    \"mode\": \"Incremental\",\r\n    \"provisioningState\": \"Running\",\r\n    \"timestamp\": \"2014-09-17T09:11:54.1243052Z\",\r\n    \"correlationId\": \"e2729039-f661-4b43-94b8-b32cc1084165\",\r\n    \"providers\": [\r\n      {\r\n        \"namespace\": \"Microsoft.Sql\",\r\n        \"resourceTypes\": [\r\n          {\r\n            \"resourceType\": \"servers\",\r\n            \"locations\": [\r\n              \"westus\"\r\n            ]\r\n          },\r\n          {\r\n            \"resourceType\": \"servers/databases\",\r\n            \"locations\": [\r\n              \"westus\"\r\n            ]\r\n          }\r\n        ]\r\n      }\r\n    ],\r\n    \"dependencies\": [\r\n      {\r\n        \"dependsOn\": [\r\n          {\r\n            \"id\": \"/subscriptions/cca24ec8-99b5-4aa7-9ff6-486e886f304c/resourceGroups/sql-audit-cmdlet-test-rg500/providers/Microsoft.Sql/servers/sql-audit-cmdlet-server500\",\r\n            \"resourceType\": \"Microsoft.Sql/servers\",\r\n            \"resourceName\": \"sql-audit-cmdlet-server500\"\r\n          }\r\n        ],\r\n        \"id\": \"/subscriptions/cca24ec8-99b5-4aa7-9ff6-486e886f304c/resourceGroups/sql-audit-cmdlet-test-rg500/providers/Microsoft.Sql/servers/sql-audit-cmdlet-server500/databases/sql-audit-cmdlet-db500\",\r\n        \"resourceType\": \"Microsoft.Sql/servers/databases\",\r\n        \"resourceName\": \"sql-audit-cmdlet-server500/sql-audit-cmdlet-db500\"\r\n      }\r\n    ]\r\n  }\r\n}",
      "ResponseHeaders": {
        "Pragma": [
          "no-cache"
        ],
        "x-ms-ratelimit-remaining-subscription-reads": [
          "31955"
        ],
        "x-ms-request-id": [
          "3ace1539-e995-4945-8b66-982e360fb437"
        ],
        "x-ms-correlation-request-id": [
          "3ace1539-e995-4945-8b66-982e360fb437"
        ],
        "x-ms-routing-request-id": [
          "WESTEUROPE:20140917T091209Z:3ace1539-e995-4945-8b66-982e360fb437"
        ],
        "Strict-Transport-Security": [
          "max-age=31536000; includeSubDomains"
        ],
        "Cache-Control": [
          "no-cache"
        ],
        "Date": [
          "Wed, 17 Sep 2014 09:12:08 GMT"
        ]
      },
      "StatusCode": 200
    },
    {
      "RequestUri": "/subscriptions/cca24ec8-99b5-4aa7-9ff6-486e886f304c/resourcegroups/sql-audit-cmdlet-test-rg500/deployments/sql-audit-test-env-setup?api-version=2014-04-01-preview",
      "EncodedRequestUri": "L3N1YnNjcmlwdGlvbnMvY2NhMjRlYzgtOTliNS00YWE3LTlmZjYtNDg2ZTg4NmYzMDRjL3Jlc291cmNlZ3JvdXBzL3NxbC1hdWRpdC1jbWRsZXQtdGVzdC1yZzUwMC9kZXBsb3ltZW50cy9zcWwtYXVkaXQtdGVzdC1lbnYtc2V0dXA/YXBpLXZlcnNpb249MjAxNC0wNC0wMS1wcmV2aWV3",
      "RequestMethod": "GET",
      "RequestBody": "",
      "RequestHeaders": {
        "User-Agent": [
          "Microsoft.Azure.Management.Resources.ResourceManagementClient/2.0.0.0"
        ]
      },
      "ResponseBody": "{\r\n  \"id\": \"/subscriptions/cca24ec8-99b5-4aa7-9ff6-486e886f304c/resourceGroups/sql-audit-cmdlet-test-rg500/deployments/sql-audit-test-env-setup\",\r\n  \"name\": \"sql-audit-test-env-setup\",\r\n  \"properties\": {\r\n    \"parameters\": {\r\n      \"administratorLogin\": {\r\n        \"type\": \"String\",\r\n        \"value\": \"testlogin\"\r\n      },\r\n      \"administratorLoginPassword\": {\r\n        \"type\": \"SecureString\"\r\n      },\r\n      \"collation\": {\r\n        \"type\": \"String\",\r\n        \"value\": \"SQL_Latin1_General_CP1_CI_AS\"\r\n      },\r\n      \"databaseName\": {\r\n        \"type\": \"String\",\r\n        \"value\": \"sql-audit-cmdlet-db500\"\r\n      },\r\n      \"edition\": {\r\n        \"type\": \"String\",\r\n        \"value\": \"Basic\"\r\n      },\r\n      \"configuredServiceLevelObjectiveId\": {\r\n        \"type\": \"String\",\r\n        \"value\": \"910b4fcb-8a29-4c3e-958f-f7ba794388b2\"\r\n      },\r\n      \"envLocation\": {\r\n        \"type\": \"String\",\r\n        \"value\": \"West US\"\r\n      },\r\n      \"serverName\": {\r\n        \"type\": \"String\",\r\n        \"value\": \"sql-audit-cmdlet-server500\"\r\n      }\r\n    },\r\n    \"mode\": \"Incremental\",\r\n    \"provisioningState\": \"Running\",\r\n    \"timestamp\": \"2014-09-17T09:11:54.1243052Z\",\r\n    \"correlationId\": \"e2729039-f661-4b43-94b8-b32cc1084165\",\r\n    \"providers\": [\r\n      {\r\n        \"namespace\": \"Microsoft.Sql\",\r\n        \"resourceTypes\": [\r\n          {\r\n            \"resourceType\": \"servers\",\r\n            \"locations\": [\r\n              \"westus\"\r\n            ]\r\n          },\r\n          {\r\n            \"resourceType\": \"servers/databases\",\r\n            \"locations\": [\r\n              \"westus\"\r\n            ]\r\n          }\r\n        ]\r\n      }\r\n    ],\r\n    \"dependencies\": [\r\n      {\r\n        \"dependsOn\": [\r\n          {\r\n            \"id\": \"/subscriptions/cca24ec8-99b5-4aa7-9ff6-486e886f304c/resourceGroups/sql-audit-cmdlet-test-rg500/providers/Microsoft.Sql/servers/sql-audit-cmdlet-server500\",\r\n            \"resourceType\": \"Microsoft.Sql/servers\",\r\n            \"resourceName\": \"sql-audit-cmdlet-server500\"\r\n          }\r\n        ],\r\n        \"id\": \"/subscriptions/cca24ec8-99b5-4aa7-9ff6-486e886f304c/resourceGroups/sql-audit-cmdlet-test-rg500/providers/Microsoft.Sql/servers/sql-audit-cmdlet-server500/databases/sql-audit-cmdlet-db500\",\r\n        \"resourceType\": \"Microsoft.Sql/servers/databases\",\r\n        \"resourceName\": \"sql-audit-cmdlet-server500/sql-audit-cmdlet-db500\"\r\n      }\r\n    ]\r\n  }\r\n}",
      "ResponseHeaders": {
        "Pragma": [
          "no-cache"
        ],
        "x-ms-ratelimit-remaining-subscription-reads": [
          "31953"
        ],
        "x-ms-request-id": [
          "82d72db1-8991-4d0d-b59b-bd88914be01b"
        ],
        "x-ms-correlation-request-id": [
          "82d72db1-8991-4d0d-b59b-bd88914be01b"
        ],
        "x-ms-routing-request-id": [
          "WESTEUROPE:20140917T091213Z:82d72db1-8991-4d0d-b59b-bd88914be01b"
        ],
        "Strict-Transport-Security": [
          "max-age=31536000; includeSubDomains"
        ],
        "Cache-Control": [
          "no-cache"
        ],
        "Date": [
          "Wed, 17 Sep 2014 09:12:13 GMT"
        ]
      },
      "StatusCode": 200
    },
    {
      "RequestUri": "/subscriptions/cca24ec8-99b5-4aa7-9ff6-486e886f304c/resourcegroups/sql-audit-cmdlet-test-rg500/deployments/sql-audit-test-env-setup?api-version=2014-04-01-preview",
      "EncodedRequestUri": "L3N1YnNjcmlwdGlvbnMvY2NhMjRlYzgtOTliNS00YWE3LTlmZjYtNDg2ZTg4NmYzMDRjL3Jlc291cmNlZ3JvdXBzL3NxbC1hdWRpdC1jbWRsZXQtdGVzdC1yZzUwMC9kZXBsb3ltZW50cy9zcWwtYXVkaXQtdGVzdC1lbnYtc2V0dXA/YXBpLXZlcnNpb249MjAxNC0wNC0wMS1wcmV2aWV3",
      "RequestMethod": "GET",
      "RequestBody": "",
      "RequestHeaders": {
        "User-Agent": [
          "Microsoft.Azure.Management.Resources.ResourceManagementClient/2.0.0.0"
        ]
      },
      "ResponseBody": "{\r\n  \"id\": \"/subscriptions/cca24ec8-99b5-4aa7-9ff6-486e886f304c/resourceGroups/sql-audit-cmdlet-test-rg500/deployments/sql-audit-test-env-setup\",\r\n  \"name\": \"sql-audit-test-env-setup\",\r\n  \"properties\": {\r\n    \"parameters\": {\r\n      \"administratorLogin\": {\r\n        \"type\": \"String\",\r\n        \"value\": \"testlogin\"\r\n      },\r\n      \"administratorLoginPassword\": {\r\n        \"type\": \"SecureString\"\r\n      },\r\n      \"collation\": {\r\n        \"type\": \"String\",\r\n        \"value\": \"SQL_Latin1_General_CP1_CI_AS\"\r\n      },\r\n      \"databaseName\": {\r\n        \"type\": \"String\",\r\n        \"value\": \"sql-audit-cmdlet-db500\"\r\n      },\r\n      \"edition\": {\r\n        \"type\": \"String\",\r\n        \"value\": \"Basic\"\r\n      },\r\n      \"configuredServiceLevelObjectiveId\": {\r\n        \"type\": \"String\",\r\n        \"value\": \"910b4fcb-8a29-4c3e-958f-f7ba794388b2\"\r\n      },\r\n      \"envLocation\": {\r\n        \"type\": \"String\",\r\n        \"value\": \"West US\"\r\n      },\r\n      \"serverName\": {\r\n        \"type\": \"String\",\r\n        \"value\": \"sql-audit-cmdlet-server500\"\r\n      }\r\n    },\r\n    \"mode\": \"Incremental\",\r\n    \"provisioningState\": \"Running\",\r\n    \"timestamp\": \"2014-09-17T09:11:54.1243052Z\",\r\n    \"correlationId\": \"e2729039-f661-4b43-94b8-b32cc1084165\",\r\n    \"providers\": [\r\n      {\r\n        \"namespace\": \"Microsoft.Sql\",\r\n        \"resourceTypes\": [\r\n          {\r\n            \"resourceType\": \"servers\",\r\n            \"locations\": [\r\n              \"westus\"\r\n            ]\r\n          },\r\n          {\r\n            \"resourceType\": \"servers/databases\",\r\n            \"locations\": [\r\n              \"westus\"\r\n            ]\r\n          }\r\n        ]\r\n      }\r\n    ],\r\n    \"dependencies\": [\r\n      {\r\n        \"dependsOn\": [\r\n          {\r\n            \"id\": \"/subscriptions/cca24ec8-99b5-4aa7-9ff6-486e886f304c/resourceGroups/sql-audit-cmdlet-test-rg500/providers/Microsoft.Sql/servers/sql-audit-cmdlet-server500\",\r\n            \"resourceType\": \"Microsoft.Sql/servers\",\r\n            \"resourceName\": \"sql-audit-cmdlet-server500\"\r\n          }\r\n        ],\r\n        \"id\": \"/subscriptions/cca24ec8-99b5-4aa7-9ff6-486e886f304c/resourceGroups/sql-audit-cmdlet-test-rg500/providers/Microsoft.Sql/servers/sql-audit-cmdlet-server500/databases/sql-audit-cmdlet-db500\",\r\n        \"resourceType\": \"Microsoft.Sql/servers/databases\",\r\n        \"resourceName\": \"sql-audit-cmdlet-server500/sql-audit-cmdlet-db500\"\r\n      }\r\n    ]\r\n  }\r\n}",
      "ResponseHeaders": {
        "Pragma": [
          "no-cache"
        ],
        "x-ms-ratelimit-remaining-subscription-reads": [
          "31951"
        ],
        "x-ms-request-id": [
          "be9d557b-a14f-4a26-8a69-73b963954dde"
        ],
        "x-ms-correlation-request-id": [
          "be9d557b-a14f-4a26-8a69-73b963954dde"
        ],
        "x-ms-routing-request-id": [
          "WESTEUROPE:20140917T091218Z:be9d557b-a14f-4a26-8a69-73b963954dde"
        ],
        "Strict-Transport-Security": [
          "max-age=31536000; includeSubDomains"
        ],
        "Cache-Control": [
          "no-cache"
        ],
        "Date": [
          "Wed, 17 Sep 2014 09:12:18 GMT"
        ]
      },
      "StatusCode": 200
    },
    {
      "RequestUri": "/subscriptions/cca24ec8-99b5-4aa7-9ff6-486e886f304c/resourcegroups/sql-audit-cmdlet-test-rg500/deployments/sql-audit-test-env-setup?api-version=2014-04-01-preview",
      "EncodedRequestUri": "L3N1YnNjcmlwdGlvbnMvY2NhMjRlYzgtOTliNS00YWE3LTlmZjYtNDg2ZTg4NmYzMDRjL3Jlc291cmNlZ3JvdXBzL3NxbC1hdWRpdC1jbWRsZXQtdGVzdC1yZzUwMC9kZXBsb3ltZW50cy9zcWwtYXVkaXQtdGVzdC1lbnYtc2V0dXA/YXBpLXZlcnNpb249MjAxNC0wNC0wMS1wcmV2aWV3",
      "RequestMethod": "GET",
      "RequestBody": "",
      "RequestHeaders": {
        "User-Agent": [
          "Microsoft.Azure.Management.Resources.ResourceManagementClient/2.0.0.0"
        ]
      },
      "ResponseBody": "{\r\n  \"id\": \"/subscriptions/cca24ec8-99b5-4aa7-9ff6-486e886f304c/resourceGroups/sql-audit-cmdlet-test-rg500/deployments/sql-audit-test-env-setup\",\r\n  \"name\": \"sql-audit-test-env-setup\",\r\n  \"properties\": {\r\n    \"parameters\": {\r\n      \"administratorLogin\": {\r\n        \"type\": \"String\",\r\n        \"value\": \"testlogin\"\r\n      },\r\n      \"administratorLoginPassword\": {\r\n        \"type\": \"SecureString\"\r\n      },\r\n      \"collation\": {\r\n        \"type\": \"String\",\r\n        \"value\": \"SQL_Latin1_General_CP1_CI_AS\"\r\n      },\r\n      \"databaseName\": {\r\n        \"type\": \"String\",\r\n        \"value\": \"sql-audit-cmdlet-db500\"\r\n      },\r\n      \"edition\": {\r\n        \"type\": \"String\",\r\n        \"value\": \"Basic\"\r\n      },\r\n      \"configuredServiceLevelObjectiveId\": {\r\n        \"type\": \"String\",\r\n        \"value\": \"910b4fcb-8a29-4c3e-958f-f7ba794388b2\"\r\n      },\r\n      \"envLocation\": {\r\n        \"type\": \"String\",\r\n        \"value\": \"West US\"\r\n      },\r\n      \"serverName\": {\r\n        \"type\": \"String\",\r\n        \"value\": \"sql-audit-cmdlet-server500\"\r\n      }\r\n    },\r\n    \"mode\": \"Incremental\",\r\n    \"provisioningState\": \"Running\",\r\n    \"timestamp\": \"2014-09-17T09:11:54.1243052Z\",\r\n    \"correlationId\": \"e2729039-f661-4b43-94b8-b32cc1084165\",\r\n    \"providers\": [\r\n      {\r\n        \"namespace\": \"Microsoft.Sql\",\r\n        \"resourceTypes\": [\r\n          {\r\n            \"resourceType\": \"servers\",\r\n            \"locations\": [\r\n              \"westus\"\r\n            ]\r\n          },\r\n          {\r\n            \"resourceType\": \"servers/databases\",\r\n            \"locations\": [\r\n              \"westus\"\r\n            ]\r\n          }\r\n        ]\r\n      }\r\n    ],\r\n    \"dependencies\": [\r\n      {\r\n        \"dependsOn\": [\r\n          {\r\n            \"id\": \"/subscriptions/cca24ec8-99b5-4aa7-9ff6-486e886f304c/resourceGroups/sql-audit-cmdlet-test-rg500/providers/Microsoft.Sql/servers/sql-audit-cmdlet-server500\",\r\n            \"resourceType\": \"Microsoft.Sql/servers\",\r\n            \"resourceName\": \"sql-audit-cmdlet-server500\"\r\n          }\r\n        ],\r\n        \"id\": \"/subscriptions/cca24ec8-99b5-4aa7-9ff6-486e886f304c/resourceGroups/sql-audit-cmdlet-test-rg500/providers/Microsoft.Sql/servers/sql-audit-cmdlet-server500/databases/sql-audit-cmdlet-db500\",\r\n        \"resourceType\": \"Microsoft.Sql/servers/databases\",\r\n        \"resourceName\": \"sql-audit-cmdlet-server500/sql-audit-cmdlet-db500\"\r\n      }\r\n    ]\r\n  }\r\n}",
      "ResponseHeaders": {
        "Pragma": [
          "no-cache"
        ],
        "x-ms-ratelimit-remaining-subscription-reads": [
          "31949"
        ],
        "x-ms-request-id": [
          "462a577a-297e-4bb4-94a7-59216149ef12"
        ],
        "x-ms-correlation-request-id": [
          "462a577a-297e-4bb4-94a7-59216149ef12"
        ],
        "x-ms-routing-request-id": [
          "WESTEUROPE:20140917T091222Z:462a577a-297e-4bb4-94a7-59216149ef12"
        ],
        "Strict-Transport-Security": [
          "max-age=31536000; includeSubDomains"
        ],
        "Cache-Control": [
          "no-cache"
        ],
        "Date": [
          "Wed, 17 Sep 2014 09:12:21 GMT"
        ]
      },
      "StatusCode": 200
    },
    {
      "RequestUri": "/subscriptions/cca24ec8-99b5-4aa7-9ff6-486e886f304c/resourcegroups/sql-audit-cmdlet-test-rg500/deployments/sql-audit-test-env-setup?api-version=2014-04-01-preview",
      "EncodedRequestUri": "L3N1YnNjcmlwdGlvbnMvY2NhMjRlYzgtOTliNS00YWE3LTlmZjYtNDg2ZTg4NmYzMDRjL3Jlc291cmNlZ3JvdXBzL3NxbC1hdWRpdC1jbWRsZXQtdGVzdC1yZzUwMC9kZXBsb3ltZW50cy9zcWwtYXVkaXQtdGVzdC1lbnYtc2V0dXA/YXBpLXZlcnNpb249MjAxNC0wNC0wMS1wcmV2aWV3",
      "RequestMethod": "GET",
      "RequestBody": "",
      "RequestHeaders": {
        "User-Agent": [
          "Microsoft.Azure.Management.Resources.ResourceManagementClient/2.0.0.0"
        ]
      },
      "ResponseBody": "{\r\n  \"id\": \"/subscriptions/cca24ec8-99b5-4aa7-9ff6-486e886f304c/resourceGroups/sql-audit-cmdlet-test-rg500/deployments/sql-audit-test-env-setup\",\r\n  \"name\": \"sql-audit-test-env-setup\",\r\n  \"properties\": {\r\n    \"parameters\": {\r\n      \"administratorLogin\": {\r\n        \"type\": \"String\",\r\n        \"value\": \"testlogin\"\r\n      },\r\n      \"administratorLoginPassword\": {\r\n        \"type\": \"SecureString\"\r\n      },\r\n      \"collation\": {\r\n        \"type\": \"String\",\r\n        \"value\": \"SQL_Latin1_General_CP1_CI_AS\"\r\n      },\r\n      \"databaseName\": {\r\n        \"type\": \"String\",\r\n        \"value\": \"sql-audit-cmdlet-db500\"\r\n      },\r\n      \"edition\": {\r\n        \"type\": \"String\",\r\n        \"value\": \"Basic\"\r\n      },\r\n      \"configuredServiceLevelObjectiveId\": {\r\n        \"type\": \"String\",\r\n        \"value\": \"910b4fcb-8a29-4c3e-958f-f7ba794388b2\"\r\n      },\r\n      \"envLocation\": {\r\n        \"type\": \"String\",\r\n        \"value\": \"West US\"\r\n      },\r\n      \"serverName\": {\r\n        \"type\": \"String\",\r\n        \"value\": \"sql-audit-cmdlet-server500\"\r\n      }\r\n    },\r\n    \"mode\": \"Incremental\",\r\n    \"provisioningState\": \"Running\",\r\n    \"timestamp\": \"2014-09-17T09:11:54.1243052Z\",\r\n    \"correlationId\": \"e2729039-f661-4b43-94b8-b32cc1084165\",\r\n    \"providers\": [\r\n      {\r\n        \"namespace\": \"Microsoft.Sql\",\r\n        \"resourceTypes\": [\r\n          {\r\n            \"resourceType\": \"servers\",\r\n            \"locations\": [\r\n              \"westus\"\r\n            ]\r\n          },\r\n          {\r\n            \"resourceType\": \"servers/databases\",\r\n            \"locations\": [\r\n              \"westus\"\r\n            ]\r\n          }\r\n        ]\r\n      }\r\n    ],\r\n    \"dependencies\": [\r\n      {\r\n        \"dependsOn\": [\r\n          {\r\n            \"id\": \"/subscriptions/cca24ec8-99b5-4aa7-9ff6-486e886f304c/resourceGroups/sql-audit-cmdlet-test-rg500/providers/Microsoft.Sql/servers/sql-audit-cmdlet-server500\",\r\n            \"resourceType\": \"Microsoft.Sql/servers\",\r\n            \"resourceName\": \"sql-audit-cmdlet-server500\"\r\n          }\r\n        ],\r\n        \"id\": \"/subscriptions/cca24ec8-99b5-4aa7-9ff6-486e886f304c/resourceGroups/sql-audit-cmdlet-test-rg500/providers/Microsoft.Sql/servers/sql-audit-cmdlet-server500/databases/sql-audit-cmdlet-db500\",\r\n        \"resourceType\": \"Microsoft.Sql/servers/databases\",\r\n        \"resourceName\": \"sql-audit-cmdlet-server500/sql-audit-cmdlet-db500\"\r\n      }\r\n    ]\r\n  }\r\n}",
      "ResponseHeaders": {
        "Pragma": [
          "no-cache"
        ],
        "x-ms-ratelimit-remaining-subscription-reads": [
          "31947"
        ],
        "x-ms-request-id": [
          "faf37075-2483-41bd-b1c4-fab979ce199d"
        ],
        "x-ms-correlation-request-id": [
          "faf37075-2483-41bd-b1c4-fab979ce199d"
        ],
        "x-ms-routing-request-id": [
          "WESTEUROPE:20140917T091226Z:faf37075-2483-41bd-b1c4-fab979ce199d"
        ],
        "Strict-Transport-Security": [
          "max-age=31536000; includeSubDomains"
        ],
        "Cache-Control": [
          "no-cache"
        ],
        "Date": [
          "Wed, 17 Sep 2014 09:12:26 GMT"
        ]
      },
      "StatusCode": 200
    },
    {
      "RequestUri": "/subscriptions/cca24ec8-99b5-4aa7-9ff6-486e886f304c/resourcegroups/sql-audit-cmdlet-test-rg500/deployments/sql-audit-test-env-setup?api-version=2014-04-01-preview",
      "EncodedRequestUri": "L3N1YnNjcmlwdGlvbnMvY2NhMjRlYzgtOTliNS00YWE3LTlmZjYtNDg2ZTg4NmYzMDRjL3Jlc291cmNlZ3JvdXBzL3NxbC1hdWRpdC1jbWRsZXQtdGVzdC1yZzUwMC9kZXBsb3ltZW50cy9zcWwtYXVkaXQtdGVzdC1lbnYtc2V0dXA/YXBpLXZlcnNpb249MjAxNC0wNC0wMS1wcmV2aWV3",
      "RequestMethod": "GET",
      "RequestBody": "",
      "RequestHeaders": {
        "User-Agent": [
          "Microsoft.Azure.Management.Resources.ResourceManagementClient/2.0.0.0"
        ]
      },
      "ResponseBody": "{\r\n  \"id\": \"/subscriptions/cca24ec8-99b5-4aa7-9ff6-486e886f304c/resourceGroups/sql-audit-cmdlet-test-rg500/deployments/sql-audit-test-env-setup\",\r\n  \"name\": \"sql-audit-test-env-setup\",\r\n  \"properties\": {\r\n    \"parameters\": {\r\n      \"administratorLogin\": {\r\n        \"type\": \"String\",\r\n        \"value\": \"testlogin\"\r\n      },\r\n      \"administratorLoginPassword\": {\r\n        \"type\": \"SecureString\"\r\n      },\r\n      \"collation\": {\r\n        \"type\": \"String\",\r\n        \"value\": \"SQL_Latin1_General_CP1_CI_AS\"\r\n      },\r\n      \"databaseName\": {\r\n        \"type\": \"String\",\r\n        \"value\": \"sql-audit-cmdlet-db500\"\r\n      },\r\n      \"edition\": {\r\n        \"type\": \"String\",\r\n        \"value\": \"Basic\"\r\n      },\r\n      \"configuredServiceLevelObjectiveId\": {\r\n        \"type\": \"String\",\r\n        \"value\": \"910b4fcb-8a29-4c3e-958f-f7ba794388b2\"\r\n      },\r\n      \"envLocation\": {\r\n        \"type\": \"String\",\r\n        \"value\": \"West US\"\r\n      },\r\n      \"serverName\": {\r\n        \"type\": \"String\",\r\n        \"value\": \"sql-audit-cmdlet-server500\"\r\n      }\r\n    },\r\n    \"mode\": \"Incremental\",\r\n    \"provisioningState\": \"Running\",\r\n    \"timestamp\": \"2014-09-17T09:11:54.1243052Z\",\r\n    \"correlationId\": \"e2729039-f661-4b43-94b8-b32cc1084165\",\r\n    \"providers\": [\r\n      {\r\n        \"namespace\": \"Microsoft.Sql\",\r\n        \"resourceTypes\": [\r\n          {\r\n            \"resourceType\": \"servers\",\r\n            \"locations\": [\r\n              \"westus\"\r\n            ]\r\n          },\r\n          {\r\n            \"resourceType\": \"servers/databases\",\r\n            \"locations\": [\r\n              \"westus\"\r\n            ]\r\n          }\r\n        ]\r\n      }\r\n    ],\r\n    \"dependencies\": [\r\n      {\r\n        \"dependsOn\": [\r\n          {\r\n            \"id\": \"/subscriptions/cca24ec8-99b5-4aa7-9ff6-486e886f304c/resourceGroups/sql-audit-cmdlet-test-rg500/providers/Microsoft.Sql/servers/sql-audit-cmdlet-server500\",\r\n            \"resourceType\": \"Microsoft.Sql/servers\",\r\n            \"resourceName\": \"sql-audit-cmdlet-server500\"\r\n          }\r\n        ],\r\n        \"id\": \"/subscriptions/cca24ec8-99b5-4aa7-9ff6-486e886f304c/resourceGroups/sql-audit-cmdlet-test-rg500/providers/Microsoft.Sql/servers/sql-audit-cmdlet-server500/databases/sql-audit-cmdlet-db500\",\r\n        \"resourceType\": \"Microsoft.Sql/servers/databases\",\r\n        \"resourceName\": \"sql-audit-cmdlet-server500/sql-audit-cmdlet-db500\"\r\n      }\r\n    ]\r\n  }\r\n}",
      "ResponseHeaders": {
        "Pragma": [
          "no-cache"
        ],
        "x-ms-ratelimit-remaining-subscription-reads": [
          "31945"
        ],
        "x-ms-request-id": [
          "c7918b93-efd7-4152-9ef1-a300ebbbe26f"
        ],
        "x-ms-correlation-request-id": [
          "c7918b93-efd7-4152-9ef1-a300ebbbe26f"
        ],
        "x-ms-routing-request-id": [
          "WESTEUROPE:20140917T091231Z:c7918b93-efd7-4152-9ef1-a300ebbbe26f"
        ],
        "Strict-Transport-Security": [
          "max-age=31536000; includeSubDomains"
        ],
        "Cache-Control": [
          "no-cache"
        ],
        "Date": [
          "Wed, 17 Sep 2014 09:12:30 GMT"
        ]
      },
      "StatusCode": 200
    },
    {
      "RequestUri": "/subscriptions/cca24ec8-99b5-4aa7-9ff6-486e886f304c/resourcegroups/sql-audit-cmdlet-test-rg500/deployments/sql-audit-test-env-setup?api-version=2014-04-01-preview",
      "EncodedRequestUri": "L3N1YnNjcmlwdGlvbnMvY2NhMjRlYzgtOTliNS00YWE3LTlmZjYtNDg2ZTg4NmYzMDRjL3Jlc291cmNlZ3JvdXBzL3NxbC1hdWRpdC1jbWRsZXQtdGVzdC1yZzUwMC9kZXBsb3ltZW50cy9zcWwtYXVkaXQtdGVzdC1lbnYtc2V0dXA/YXBpLXZlcnNpb249MjAxNC0wNC0wMS1wcmV2aWV3",
      "RequestMethod": "GET",
      "RequestBody": "",
      "RequestHeaders": {
        "User-Agent": [
          "Microsoft.Azure.Management.Resources.ResourceManagementClient/2.0.0.0"
        ]
      },
      "ResponseBody": "{\r\n  \"id\": \"/subscriptions/cca24ec8-99b5-4aa7-9ff6-486e886f304c/resourceGroups/sql-audit-cmdlet-test-rg500/deployments/sql-audit-test-env-setup\",\r\n  \"name\": \"sql-audit-test-env-setup\",\r\n  \"properties\": {\r\n    \"parameters\": {\r\n      \"administratorLogin\": {\r\n        \"type\": \"String\",\r\n        \"value\": \"testlogin\"\r\n      },\r\n      \"administratorLoginPassword\": {\r\n        \"type\": \"SecureString\"\r\n      },\r\n      \"collation\": {\r\n        \"type\": \"String\",\r\n        \"value\": \"SQL_Latin1_General_CP1_CI_AS\"\r\n      },\r\n      \"databaseName\": {\r\n        \"type\": \"String\",\r\n        \"value\": \"sql-audit-cmdlet-db500\"\r\n      },\r\n      \"edition\": {\r\n        \"type\": \"String\",\r\n        \"value\": \"Basic\"\r\n      },\r\n      \"configuredServiceLevelObjectiveId\": {\r\n        \"type\": \"String\",\r\n        \"value\": \"910b4fcb-8a29-4c3e-958f-f7ba794388b2\"\r\n      },\r\n      \"envLocation\": {\r\n        \"type\": \"String\",\r\n        \"value\": \"West US\"\r\n      },\r\n      \"serverName\": {\r\n        \"type\": \"String\",\r\n        \"value\": \"sql-audit-cmdlet-server500\"\r\n      }\r\n    },\r\n    \"mode\": \"Incremental\",\r\n    \"provisioningState\": \"Running\",\r\n    \"timestamp\": \"2014-09-17T09:11:54.1243052Z\",\r\n    \"correlationId\": \"e2729039-f661-4b43-94b8-b32cc1084165\",\r\n    \"providers\": [\r\n      {\r\n        \"namespace\": \"Microsoft.Sql\",\r\n        \"resourceTypes\": [\r\n          {\r\n            \"resourceType\": \"servers\",\r\n            \"locations\": [\r\n              \"westus\"\r\n            ]\r\n          },\r\n          {\r\n            \"resourceType\": \"servers/databases\",\r\n            \"locations\": [\r\n              \"westus\"\r\n            ]\r\n          }\r\n        ]\r\n      }\r\n    ],\r\n    \"dependencies\": [\r\n      {\r\n        \"dependsOn\": [\r\n          {\r\n            \"id\": \"/subscriptions/cca24ec8-99b5-4aa7-9ff6-486e886f304c/resourceGroups/sql-audit-cmdlet-test-rg500/providers/Microsoft.Sql/servers/sql-audit-cmdlet-server500\",\r\n            \"resourceType\": \"Microsoft.Sql/servers\",\r\n            \"resourceName\": \"sql-audit-cmdlet-server500\"\r\n          }\r\n        ],\r\n        \"id\": \"/subscriptions/cca24ec8-99b5-4aa7-9ff6-486e886f304c/resourceGroups/sql-audit-cmdlet-test-rg500/providers/Microsoft.Sql/servers/sql-audit-cmdlet-server500/databases/sql-audit-cmdlet-db500\",\r\n        \"resourceType\": \"Microsoft.Sql/servers/databases\",\r\n        \"resourceName\": \"sql-audit-cmdlet-server500/sql-audit-cmdlet-db500\"\r\n      }\r\n    ]\r\n  }\r\n}",
      "ResponseHeaders": {
        "Pragma": [
          "no-cache"
        ],
        "x-ms-ratelimit-remaining-subscription-reads": [
          "31943"
        ],
        "x-ms-request-id": [
          "6dc9aec1-3fea-4859-af23-303a5b40bf1d"
        ],
        "x-ms-correlation-request-id": [
          "6dc9aec1-3fea-4859-af23-303a5b40bf1d"
        ],
        "x-ms-routing-request-id": [
          "WESTEUROPE:20140917T091234Z:6dc9aec1-3fea-4859-af23-303a5b40bf1d"
        ],
        "Strict-Transport-Security": [
          "max-age=31536000; includeSubDomains"
        ],
        "Cache-Control": [
          "no-cache"
        ],
        "Date": [
          "Wed, 17 Sep 2014 09:12:34 GMT"
        ]
      },
      "StatusCode": 200
    },
    {
      "RequestUri": "/subscriptions/cca24ec8-99b5-4aa7-9ff6-486e886f304c/resourcegroups/sql-audit-cmdlet-test-rg500/deployments/sql-audit-test-env-setup?api-version=2014-04-01-preview",
      "EncodedRequestUri": "L3N1YnNjcmlwdGlvbnMvY2NhMjRlYzgtOTliNS00YWE3LTlmZjYtNDg2ZTg4NmYzMDRjL3Jlc291cmNlZ3JvdXBzL3NxbC1hdWRpdC1jbWRsZXQtdGVzdC1yZzUwMC9kZXBsb3ltZW50cy9zcWwtYXVkaXQtdGVzdC1lbnYtc2V0dXA/YXBpLXZlcnNpb249MjAxNC0wNC0wMS1wcmV2aWV3",
      "RequestMethod": "GET",
      "RequestBody": "",
      "RequestHeaders": {
        "User-Agent": [
          "Microsoft.Azure.Management.Resources.ResourceManagementClient/2.0.0.0"
        ]
      },
      "ResponseBody": "{\r\n  \"id\": \"/subscriptions/cca24ec8-99b5-4aa7-9ff6-486e886f304c/resourceGroups/sql-audit-cmdlet-test-rg500/deployments/sql-audit-test-env-setup\",\r\n  \"name\": \"sql-audit-test-env-setup\",\r\n  \"properties\": {\r\n    \"parameters\": {\r\n      \"administratorLogin\": {\r\n        \"type\": \"String\",\r\n        \"value\": \"testlogin\"\r\n      },\r\n      \"administratorLoginPassword\": {\r\n        \"type\": \"SecureString\"\r\n      },\r\n      \"collation\": {\r\n        \"type\": \"String\",\r\n        \"value\": \"SQL_Latin1_General_CP1_CI_AS\"\r\n      },\r\n      \"databaseName\": {\r\n        \"type\": \"String\",\r\n        \"value\": \"sql-audit-cmdlet-db500\"\r\n      },\r\n      \"edition\": {\r\n        \"type\": \"String\",\r\n        \"value\": \"Basic\"\r\n      },\r\n      \"configuredServiceLevelObjectiveId\": {\r\n        \"type\": \"String\",\r\n        \"value\": \"910b4fcb-8a29-4c3e-958f-f7ba794388b2\"\r\n      },\r\n      \"envLocation\": {\r\n        \"type\": \"String\",\r\n        \"value\": \"West US\"\r\n      },\r\n      \"serverName\": {\r\n        \"type\": \"String\",\r\n        \"value\": \"sql-audit-cmdlet-server500\"\r\n      }\r\n    },\r\n    \"mode\": \"Incremental\",\r\n    \"provisioningState\": \"Running\",\r\n    \"timestamp\": \"2014-09-17T09:11:54.1243052Z\",\r\n    \"correlationId\": \"e2729039-f661-4b43-94b8-b32cc1084165\",\r\n    \"providers\": [\r\n      {\r\n        \"namespace\": \"Microsoft.Sql\",\r\n        \"resourceTypes\": [\r\n          {\r\n            \"resourceType\": \"servers\",\r\n            \"locations\": [\r\n              \"westus\"\r\n            ]\r\n          },\r\n          {\r\n            \"resourceType\": \"servers/databases\",\r\n            \"locations\": [\r\n              \"westus\"\r\n            ]\r\n          }\r\n        ]\r\n      }\r\n    ],\r\n    \"dependencies\": [\r\n      {\r\n        \"dependsOn\": [\r\n          {\r\n            \"id\": \"/subscriptions/cca24ec8-99b5-4aa7-9ff6-486e886f304c/resourceGroups/sql-audit-cmdlet-test-rg500/providers/Microsoft.Sql/servers/sql-audit-cmdlet-server500\",\r\n            \"resourceType\": \"Microsoft.Sql/servers\",\r\n            \"resourceName\": \"sql-audit-cmdlet-server500\"\r\n          }\r\n        ],\r\n        \"id\": \"/subscriptions/cca24ec8-99b5-4aa7-9ff6-486e886f304c/resourceGroups/sql-audit-cmdlet-test-rg500/providers/Microsoft.Sql/servers/sql-audit-cmdlet-server500/databases/sql-audit-cmdlet-db500\",\r\n        \"resourceType\": \"Microsoft.Sql/servers/databases\",\r\n        \"resourceName\": \"sql-audit-cmdlet-server500/sql-audit-cmdlet-db500\"\r\n      }\r\n    ]\r\n  }\r\n}",
      "ResponseHeaders": {
        "Pragma": [
          "no-cache"
        ],
        "x-ms-ratelimit-remaining-subscription-reads": [
          "31941"
        ],
        "x-ms-request-id": [
          "207e17dc-5053-49f6-ad9e-0dfbff333076"
        ],
        "x-ms-correlation-request-id": [
          "207e17dc-5053-49f6-ad9e-0dfbff333076"
        ],
        "x-ms-routing-request-id": [
          "WESTEUROPE:20140917T091238Z:207e17dc-5053-49f6-ad9e-0dfbff333076"
        ],
        "Strict-Transport-Security": [
          "max-age=31536000; includeSubDomains"
        ],
        "Cache-Control": [
          "no-cache"
        ],
        "Date": [
          "Wed, 17 Sep 2014 09:12:38 GMT"
        ]
      },
      "StatusCode": 200
    },
    {
      "RequestUri": "/subscriptions/cca24ec8-99b5-4aa7-9ff6-486e886f304c/resourcegroups/sql-audit-cmdlet-test-rg500/deployments/sql-audit-test-env-setup?api-version=2014-04-01-preview",
      "EncodedRequestUri": "L3N1YnNjcmlwdGlvbnMvY2NhMjRlYzgtOTliNS00YWE3LTlmZjYtNDg2ZTg4NmYzMDRjL3Jlc291cmNlZ3JvdXBzL3NxbC1hdWRpdC1jbWRsZXQtdGVzdC1yZzUwMC9kZXBsb3ltZW50cy9zcWwtYXVkaXQtdGVzdC1lbnYtc2V0dXA/YXBpLXZlcnNpb249MjAxNC0wNC0wMS1wcmV2aWV3",
      "RequestMethod": "GET",
      "RequestBody": "",
      "RequestHeaders": {
        "User-Agent": [
          "Microsoft.Azure.Management.Resources.ResourceManagementClient/2.0.0.0"
        ]
      },
      "ResponseBody": "{\r\n  \"id\": \"/subscriptions/cca24ec8-99b5-4aa7-9ff6-486e886f304c/resourceGroups/sql-audit-cmdlet-test-rg500/deployments/sql-audit-test-env-setup\",\r\n  \"name\": \"sql-audit-test-env-setup\",\r\n  \"properties\": {\r\n    \"parameters\": {\r\n      \"administratorLogin\": {\r\n        \"type\": \"String\",\r\n        \"value\": \"testlogin\"\r\n      },\r\n      \"administratorLoginPassword\": {\r\n        \"type\": \"SecureString\"\r\n      },\r\n      \"collation\": {\r\n        \"type\": \"String\",\r\n        \"value\": \"SQL_Latin1_General_CP1_CI_AS\"\r\n      },\r\n      \"databaseName\": {\r\n        \"type\": \"String\",\r\n        \"value\": \"sql-audit-cmdlet-db500\"\r\n      },\r\n      \"edition\": {\r\n        \"type\": \"String\",\r\n        \"value\": \"Basic\"\r\n      },\r\n      \"configuredServiceLevelObjectiveId\": {\r\n        \"type\": \"String\",\r\n        \"value\": \"910b4fcb-8a29-4c3e-958f-f7ba794388b2\"\r\n      },\r\n      \"envLocation\": {\r\n        \"type\": \"String\",\r\n        \"value\": \"West US\"\r\n      },\r\n      \"serverName\": {\r\n        \"type\": \"String\",\r\n        \"value\": \"sql-audit-cmdlet-server500\"\r\n      }\r\n    },\r\n    \"mode\": \"Incremental\",\r\n    \"provisioningState\": \"Running\",\r\n    \"timestamp\": \"2014-09-17T09:11:54.1243052Z\",\r\n    \"correlationId\": \"e2729039-f661-4b43-94b8-b32cc1084165\",\r\n    \"providers\": [\r\n      {\r\n        \"namespace\": \"Microsoft.Sql\",\r\n        \"resourceTypes\": [\r\n          {\r\n            \"resourceType\": \"servers\",\r\n            \"locations\": [\r\n              \"westus\"\r\n            ]\r\n          },\r\n          {\r\n            \"resourceType\": \"servers/databases\",\r\n            \"locations\": [\r\n              \"westus\"\r\n            ]\r\n          }\r\n        ]\r\n      }\r\n    ],\r\n    \"dependencies\": [\r\n      {\r\n        \"dependsOn\": [\r\n          {\r\n            \"id\": \"/subscriptions/cca24ec8-99b5-4aa7-9ff6-486e886f304c/resourceGroups/sql-audit-cmdlet-test-rg500/providers/Microsoft.Sql/servers/sql-audit-cmdlet-server500\",\r\n            \"resourceType\": \"Microsoft.Sql/servers\",\r\n            \"resourceName\": \"sql-audit-cmdlet-server500\"\r\n          }\r\n        ],\r\n        \"id\": \"/subscriptions/cca24ec8-99b5-4aa7-9ff6-486e886f304c/resourceGroups/sql-audit-cmdlet-test-rg500/providers/Microsoft.Sql/servers/sql-audit-cmdlet-server500/databases/sql-audit-cmdlet-db500\",\r\n        \"resourceType\": \"Microsoft.Sql/servers/databases\",\r\n        \"resourceName\": \"sql-audit-cmdlet-server500/sql-audit-cmdlet-db500\"\r\n      }\r\n    ]\r\n  }\r\n}",
      "ResponseHeaders": {
        "Pragma": [
          "no-cache"
        ],
        "x-ms-ratelimit-remaining-subscription-reads": [
          "31939"
        ],
        "x-ms-request-id": [
          "d43892f5-76d9-459a-bc42-a1a4ab5f4ea6"
        ],
        "x-ms-correlation-request-id": [
          "d43892f5-76d9-459a-bc42-a1a4ab5f4ea6"
        ],
        "x-ms-routing-request-id": [
          "WESTEUROPE:20140917T091242Z:d43892f5-76d9-459a-bc42-a1a4ab5f4ea6"
        ],
        "Strict-Transport-Security": [
          "max-age=31536000; includeSubDomains"
        ],
        "Cache-Control": [
          "no-cache"
        ],
        "Date": [
          "Wed, 17 Sep 2014 09:12:42 GMT"
        ]
      },
      "StatusCode": 200
    },
    {
      "RequestUri": "/subscriptions/cca24ec8-99b5-4aa7-9ff6-486e886f304c/resourcegroups/sql-audit-cmdlet-test-rg500/deployments/sql-audit-test-env-setup?api-version=2014-04-01-preview",
      "EncodedRequestUri": "L3N1YnNjcmlwdGlvbnMvY2NhMjRlYzgtOTliNS00YWE3LTlmZjYtNDg2ZTg4NmYzMDRjL3Jlc291cmNlZ3JvdXBzL3NxbC1hdWRpdC1jbWRsZXQtdGVzdC1yZzUwMC9kZXBsb3ltZW50cy9zcWwtYXVkaXQtdGVzdC1lbnYtc2V0dXA/YXBpLXZlcnNpb249MjAxNC0wNC0wMS1wcmV2aWV3",
      "RequestMethod": "GET",
      "RequestBody": "",
      "RequestHeaders": {
        "User-Agent": [
          "Microsoft.Azure.Management.Resources.ResourceManagementClient/2.0.0.0"
        ]
      },
      "ResponseBody": "{\r\n  \"id\": \"/subscriptions/cca24ec8-99b5-4aa7-9ff6-486e886f304c/resourceGroups/sql-audit-cmdlet-test-rg500/deployments/sql-audit-test-env-setup\",\r\n  \"name\": \"sql-audit-test-env-setup\",\r\n  \"properties\": {\r\n    \"parameters\": {\r\n      \"administratorLogin\": {\r\n        \"type\": \"String\",\r\n        \"value\": \"testlogin\"\r\n      },\r\n      \"administratorLoginPassword\": {\r\n        \"type\": \"SecureString\"\r\n      },\r\n      \"collation\": {\r\n        \"type\": \"String\",\r\n        \"value\": \"SQL_Latin1_General_CP1_CI_AS\"\r\n      },\r\n      \"databaseName\": {\r\n        \"type\": \"String\",\r\n        \"value\": \"sql-audit-cmdlet-db500\"\r\n      },\r\n      \"edition\": {\r\n        \"type\": \"String\",\r\n        \"value\": \"Basic\"\r\n      },\r\n      \"configuredServiceLevelObjectiveId\": {\r\n        \"type\": \"String\",\r\n        \"value\": \"910b4fcb-8a29-4c3e-958f-f7ba794388b2\"\r\n      },\r\n      \"envLocation\": {\r\n        \"type\": \"String\",\r\n        \"value\": \"West US\"\r\n      },\r\n      \"serverName\": {\r\n        \"type\": \"String\",\r\n        \"value\": \"sql-audit-cmdlet-server500\"\r\n      }\r\n    },\r\n    \"mode\": \"Incremental\",\r\n    \"provisioningState\": \"Running\",\r\n    \"timestamp\": \"2014-09-17T09:11:54.1243052Z\",\r\n    \"correlationId\": \"e2729039-f661-4b43-94b8-b32cc1084165\",\r\n    \"providers\": [\r\n      {\r\n        \"namespace\": \"Microsoft.Sql\",\r\n        \"resourceTypes\": [\r\n          {\r\n            \"resourceType\": \"servers\",\r\n            \"locations\": [\r\n              \"westus\"\r\n            ]\r\n          },\r\n          {\r\n            \"resourceType\": \"servers/databases\",\r\n            \"locations\": [\r\n              \"westus\"\r\n            ]\r\n          }\r\n        ]\r\n      }\r\n    ],\r\n    \"dependencies\": [\r\n      {\r\n        \"dependsOn\": [\r\n          {\r\n            \"id\": \"/subscriptions/cca24ec8-99b5-4aa7-9ff6-486e886f304c/resourceGroups/sql-audit-cmdlet-test-rg500/providers/Microsoft.Sql/servers/sql-audit-cmdlet-server500\",\r\n            \"resourceType\": \"Microsoft.Sql/servers\",\r\n            \"resourceName\": \"sql-audit-cmdlet-server500\"\r\n          }\r\n        ],\r\n        \"id\": \"/subscriptions/cca24ec8-99b5-4aa7-9ff6-486e886f304c/resourceGroups/sql-audit-cmdlet-test-rg500/providers/Microsoft.Sql/servers/sql-audit-cmdlet-server500/databases/sql-audit-cmdlet-db500\",\r\n        \"resourceType\": \"Microsoft.Sql/servers/databases\",\r\n        \"resourceName\": \"sql-audit-cmdlet-server500/sql-audit-cmdlet-db500\"\r\n      }\r\n    ]\r\n  }\r\n}",
      "ResponseHeaders": {
        "Pragma": [
          "no-cache"
        ],
        "x-ms-ratelimit-remaining-subscription-reads": [
          "31937"
        ],
        "x-ms-request-id": [
          "6bef2242-1103-4317-b008-2fb575518dc1"
        ],
        "x-ms-correlation-request-id": [
          "6bef2242-1103-4317-b008-2fb575518dc1"
        ],
        "x-ms-routing-request-id": [
          "WESTEUROPE:20140917T091246Z:6bef2242-1103-4317-b008-2fb575518dc1"
        ],
        "Strict-Transport-Security": [
          "max-age=31536000; includeSubDomains"
        ],
        "Cache-Control": [
          "no-cache"
        ],
        "Date": [
          "Wed, 17 Sep 2014 09:12:45 GMT"
        ]
      },
      "StatusCode": 200
    },
    {
      "RequestUri": "/subscriptions/cca24ec8-99b5-4aa7-9ff6-486e886f304c/resourcegroups/sql-audit-cmdlet-test-rg500/deployments/sql-audit-test-env-setup?api-version=2014-04-01-preview",
      "EncodedRequestUri": "L3N1YnNjcmlwdGlvbnMvY2NhMjRlYzgtOTliNS00YWE3LTlmZjYtNDg2ZTg4NmYzMDRjL3Jlc291cmNlZ3JvdXBzL3NxbC1hdWRpdC1jbWRsZXQtdGVzdC1yZzUwMC9kZXBsb3ltZW50cy9zcWwtYXVkaXQtdGVzdC1lbnYtc2V0dXA/YXBpLXZlcnNpb249MjAxNC0wNC0wMS1wcmV2aWV3",
      "RequestMethod": "GET",
      "RequestBody": "",
      "RequestHeaders": {
        "User-Agent": [
          "Microsoft.Azure.Management.Resources.ResourceManagementClient/2.0.0.0"
        ]
      },
      "ResponseBody": "{\r\n  \"id\": \"/subscriptions/cca24ec8-99b5-4aa7-9ff6-486e886f304c/resourceGroups/sql-audit-cmdlet-test-rg500/deployments/sql-audit-test-env-setup\",\r\n  \"name\": \"sql-audit-test-env-setup\",\r\n  \"properties\": {\r\n    \"parameters\": {\r\n      \"administratorLogin\": {\r\n        \"type\": \"String\",\r\n        \"value\": \"testlogin\"\r\n      },\r\n      \"administratorLoginPassword\": {\r\n        \"type\": \"SecureString\"\r\n      },\r\n      \"collation\": {\r\n        \"type\": \"String\",\r\n        \"value\": \"SQL_Latin1_General_CP1_CI_AS\"\r\n      },\r\n      \"databaseName\": {\r\n        \"type\": \"String\",\r\n        \"value\": \"sql-audit-cmdlet-db500\"\r\n      },\r\n      \"edition\": {\r\n        \"type\": \"String\",\r\n        \"value\": \"Basic\"\r\n      },\r\n      \"configuredServiceLevelObjectiveId\": {\r\n        \"type\": \"String\",\r\n        \"value\": \"910b4fcb-8a29-4c3e-958f-f7ba794388b2\"\r\n      },\r\n      \"envLocation\": {\r\n        \"type\": \"String\",\r\n        \"value\": \"West US\"\r\n      },\r\n      \"serverName\": {\r\n        \"type\": \"String\",\r\n        \"value\": \"sql-audit-cmdlet-server500\"\r\n      }\r\n    },\r\n    \"mode\": \"Incremental\",\r\n    \"provisioningState\": \"Running\",\r\n    \"timestamp\": \"2014-09-17T09:11:54.1243052Z\",\r\n    \"correlationId\": \"e2729039-f661-4b43-94b8-b32cc1084165\",\r\n    \"providers\": [\r\n      {\r\n        \"namespace\": \"Microsoft.Sql\",\r\n        \"resourceTypes\": [\r\n          {\r\n            \"resourceType\": \"servers\",\r\n            \"locations\": [\r\n              \"westus\"\r\n            ]\r\n          },\r\n          {\r\n            \"resourceType\": \"servers/databases\",\r\n            \"locations\": [\r\n              \"westus\"\r\n            ]\r\n          }\r\n        ]\r\n      }\r\n    ],\r\n    \"dependencies\": [\r\n      {\r\n        \"dependsOn\": [\r\n          {\r\n            \"id\": \"/subscriptions/cca24ec8-99b5-4aa7-9ff6-486e886f304c/resourceGroups/sql-audit-cmdlet-test-rg500/providers/Microsoft.Sql/servers/sql-audit-cmdlet-server500\",\r\n            \"resourceType\": \"Microsoft.Sql/servers\",\r\n            \"resourceName\": \"sql-audit-cmdlet-server500\"\r\n          }\r\n        ],\r\n        \"id\": \"/subscriptions/cca24ec8-99b5-4aa7-9ff6-486e886f304c/resourceGroups/sql-audit-cmdlet-test-rg500/providers/Microsoft.Sql/servers/sql-audit-cmdlet-server500/databases/sql-audit-cmdlet-db500\",\r\n        \"resourceType\": \"Microsoft.Sql/servers/databases\",\r\n        \"resourceName\": \"sql-audit-cmdlet-server500/sql-audit-cmdlet-db500\"\r\n      }\r\n    ]\r\n  }\r\n}",
      "ResponseHeaders": {
        "Pragma": [
          "no-cache"
        ],
        "x-ms-ratelimit-remaining-subscription-reads": [
          "31935"
        ],
        "x-ms-request-id": [
          "9a5aecdc-8aa1-4085-ae79-3f9583869d3e"
        ],
        "x-ms-correlation-request-id": [
          "9a5aecdc-8aa1-4085-ae79-3f9583869d3e"
        ],
        "x-ms-routing-request-id": [
          "WESTEUROPE:20140917T091250Z:9a5aecdc-8aa1-4085-ae79-3f9583869d3e"
        ],
        "Strict-Transport-Security": [
          "max-age=31536000; includeSubDomains"
        ],
        "Cache-Control": [
          "no-cache"
        ],
        "Date": [
          "Wed, 17 Sep 2014 09:12:49 GMT"
        ]
      },
      "StatusCode": 200
    },
    {
      "RequestUri": "/subscriptions/cca24ec8-99b5-4aa7-9ff6-486e886f304c/resourcegroups/sql-audit-cmdlet-test-rg500/deployments/sql-audit-test-env-setup?api-version=2014-04-01-preview",
      "EncodedRequestUri": "L3N1YnNjcmlwdGlvbnMvY2NhMjRlYzgtOTliNS00YWE3LTlmZjYtNDg2ZTg4NmYzMDRjL3Jlc291cmNlZ3JvdXBzL3NxbC1hdWRpdC1jbWRsZXQtdGVzdC1yZzUwMC9kZXBsb3ltZW50cy9zcWwtYXVkaXQtdGVzdC1lbnYtc2V0dXA/YXBpLXZlcnNpb249MjAxNC0wNC0wMS1wcmV2aWV3",
      "RequestMethod": "GET",
      "RequestBody": "",
      "RequestHeaders": {
        "User-Agent": [
          "Microsoft.Azure.Management.Resources.ResourceManagementClient/2.0.0.0"
        ]
      },
      "ResponseBody": "{\r\n  \"id\": \"/subscriptions/cca24ec8-99b5-4aa7-9ff6-486e886f304c/resourceGroups/sql-audit-cmdlet-test-rg500/deployments/sql-audit-test-env-setup\",\r\n  \"name\": \"sql-audit-test-env-setup\",\r\n  \"properties\": {\r\n    \"parameters\": {\r\n      \"administratorLogin\": {\r\n        \"type\": \"String\",\r\n        \"value\": \"testlogin\"\r\n      },\r\n      \"administratorLoginPassword\": {\r\n        \"type\": \"SecureString\"\r\n      },\r\n      \"collation\": {\r\n        \"type\": \"String\",\r\n        \"value\": \"SQL_Latin1_General_CP1_CI_AS\"\r\n      },\r\n      \"databaseName\": {\r\n        \"type\": \"String\",\r\n        \"value\": \"sql-audit-cmdlet-db500\"\r\n      },\r\n      \"edition\": {\r\n        \"type\": \"String\",\r\n        \"value\": \"Basic\"\r\n      },\r\n      \"configuredServiceLevelObjectiveId\": {\r\n        \"type\": \"String\",\r\n        \"value\": \"910b4fcb-8a29-4c3e-958f-f7ba794388b2\"\r\n      },\r\n      \"envLocation\": {\r\n        \"type\": \"String\",\r\n        \"value\": \"West US\"\r\n      },\r\n      \"serverName\": {\r\n        \"type\": \"String\",\r\n        \"value\": \"sql-audit-cmdlet-server500\"\r\n      }\r\n    },\r\n    \"mode\": \"Incremental\",\r\n    \"provisioningState\": \"Running\",\r\n    \"timestamp\": \"2014-09-17T09:11:54.1243052Z\",\r\n    \"correlationId\": \"e2729039-f661-4b43-94b8-b32cc1084165\",\r\n    \"providers\": [\r\n      {\r\n        \"namespace\": \"Microsoft.Sql\",\r\n        \"resourceTypes\": [\r\n          {\r\n            \"resourceType\": \"servers\",\r\n            \"locations\": [\r\n              \"westus\"\r\n            ]\r\n          },\r\n          {\r\n            \"resourceType\": \"servers/databases\",\r\n            \"locations\": [\r\n              \"westus\"\r\n            ]\r\n          }\r\n        ]\r\n      }\r\n    ],\r\n    \"dependencies\": [\r\n      {\r\n        \"dependsOn\": [\r\n          {\r\n            \"id\": \"/subscriptions/cca24ec8-99b5-4aa7-9ff6-486e886f304c/resourceGroups/sql-audit-cmdlet-test-rg500/providers/Microsoft.Sql/servers/sql-audit-cmdlet-server500\",\r\n            \"resourceType\": \"Microsoft.Sql/servers\",\r\n            \"resourceName\": \"sql-audit-cmdlet-server500\"\r\n          }\r\n        ],\r\n        \"id\": \"/subscriptions/cca24ec8-99b5-4aa7-9ff6-486e886f304c/resourceGroups/sql-audit-cmdlet-test-rg500/providers/Microsoft.Sql/servers/sql-audit-cmdlet-server500/databases/sql-audit-cmdlet-db500\",\r\n        \"resourceType\": \"Microsoft.Sql/servers/databases\",\r\n        \"resourceName\": \"sql-audit-cmdlet-server500/sql-audit-cmdlet-db500\"\r\n      }\r\n    ]\r\n  }\r\n}",
      "ResponseHeaders": {
        "Pragma": [
          "no-cache"
        ],
        "x-ms-ratelimit-remaining-subscription-reads": [
          "31933"
        ],
        "x-ms-request-id": [
          "c06a1ee3-86bb-4430-a9bb-944f810f4ca1"
        ],
        "x-ms-correlation-request-id": [
          "c06a1ee3-86bb-4430-a9bb-944f810f4ca1"
        ],
        "x-ms-routing-request-id": [
          "WESTEUROPE:20140917T091254Z:c06a1ee3-86bb-4430-a9bb-944f810f4ca1"
        ],
        "Strict-Transport-Security": [
          "max-age=31536000; includeSubDomains"
        ],
        "Cache-Control": [
          "no-cache"
        ],
        "Date": [
          "Wed, 17 Sep 2014 09:12:53 GMT"
        ]
      },
      "StatusCode": 200
    },
    {
      "RequestUri": "/subscriptions/cca24ec8-99b5-4aa7-9ff6-486e886f304c/resourcegroups/sql-audit-cmdlet-test-rg500/deployments/sql-audit-test-env-setup?api-version=2014-04-01-preview",
      "EncodedRequestUri": "L3N1YnNjcmlwdGlvbnMvY2NhMjRlYzgtOTliNS00YWE3LTlmZjYtNDg2ZTg4NmYzMDRjL3Jlc291cmNlZ3JvdXBzL3NxbC1hdWRpdC1jbWRsZXQtdGVzdC1yZzUwMC9kZXBsb3ltZW50cy9zcWwtYXVkaXQtdGVzdC1lbnYtc2V0dXA/YXBpLXZlcnNpb249MjAxNC0wNC0wMS1wcmV2aWV3",
      "RequestMethod": "GET",
      "RequestBody": "",
      "RequestHeaders": {
        "User-Agent": [
          "Microsoft.Azure.Management.Resources.ResourceManagementClient/2.0.0.0"
        ]
      },
      "ResponseBody": "{\r\n  \"id\": \"/subscriptions/cca24ec8-99b5-4aa7-9ff6-486e886f304c/resourceGroups/sql-audit-cmdlet-test-rg500/deployments/sql-audit-test-env-setup\",\r\n  \"name\": \"sql-audit-test-env-setup\",\r\n  \"properties\": {\r\n    \"parameters\": {\r\n      \"administratorLogin\": {\r\n        \"type\": \"String\",\r\n        \"value\": \"testlogin\"\r\n      },\r\n      \"administratorLoginPassword\": {\r\n        \"type\": \"SecureString\"\r\n      },\r\n      \"collation\": {\r\n        \"type\": \"String\",\r\n        \"value\": \"SQL_Latin1_General_CP1_CI_AS\"\r\n      },\r\n      \"databaseName\": {\r\n        \"type\": \"String\",\r\n        \"value\": \"sql-audit-cmdlet-db500\"\r\n      },\r\n      \"edition\": {\r\n        \"type\": \"String\",\r\n        \"value\": \"Basic\"\r\n      },\r\n      \"configuredServiceLevelObjectiveId\": {\r\n        \"type\": \"String\",\r\n        \"value\": \"910b4fcb-8a29-4c3e-958f-f7ba794388b2\"\r\n      },\r\n      \"envLocation\": {\r\n        \"type\": \"String\",\r\n        \"value\": \"West US\"\r\n      },\r\n      \"serverName\": {\r\n        \"type\": \"String\",\r\n        \"value\": \"sql-audit-cmdlet-server500\"\r\n      }\r\n    },\r\n    \"mode\": \"Incremental\",\r\n    \"provisioningState\": \"Succeeded\",\r\n    \"timestamp\": \"2014-09-17T09:12:56.2484232Z\",\r\n    \"correlationId\": \"e2729039-f661-4b43-94b8-b32cc1084165\",\r\n    \"providers\": [\r\n      {\r\n        \"namespace\": \"Microsoft.Sql\",\r\n        \"resourceTypes\": [\r\n          {\r\n            \"resourceType\": \"servers\",\r\n            \"locations\": [\r\n              \"westus\"\r\n            ]\r\n          },\r\n          {\r\n            \"resourceType\": \"servers/databases\",\r\n            \"locations\": [\r\n              \"westus\"\r\n            ]\r\n          }\r\n        ]\r\n      }\r\n    ],\r\n    \"dependencies\": [\r\n      {\r\n        \"dependsOn\": [\r\n          {\r\n            \"id\": \"/subscriptions/cca24ec8-99b5-4aa7-9ff6-486e886f304c/resourceGroups/sql-audit-cmdlet-test-rg500/providers/Microsoft.Sql/servers/sql-audit-cmdlet-server500\",\r\n            \"resourceType\": \"Microsoft.Sql/servers\",\r\n            \"resourceName\": \"sql-audit-cmdlet-server500\"\r\n          }\r\n        ],\r\n        \"id\": \"/subscriptions/cca24ec8-99b5-4aa7-9ff6-486e886f304c/resourceGroups/sql-audit-cmdlet-test-rg500/providers/Microsoft.Sql/servers/sql-audit-cmdlet-server500/databases/sql-audit-cmdlet-db500\",\r\n        \"resourceType\": \"Microsoft.Sql/servers/databases\",\r\n        \"resourceName\": \"sql-audit-cmdlet-server500/sql-audit-cmdlet-db500\"\r\n      }\r\n    ]\r\n  }\r\n}",
      "ResponseHeaders": {
        "Pragma": [
          "no-cache"
        ],
        "x-ms-ratelimit-remaining-subscription-reads": [
          "31931"
        ],
        "x-ms-request-id": [
          "ec5fcea5-681d-4e14-a4c4-9021b75f2e5a"
        ],
        "x-ms-correlation-request-id": [
          "ec5fcea5-681d-4e14-a4c4-9021b75f2e5a"
        ],
        "x-ms-routing-request-id": [
          "WESTEUROPE:20140917T091258Z:ec5fcea5-681d-4e14-a4c4-9021b75f2e5a"
        ],
        "Strict-Transport-Security": [
          "max-age=31536000; includeSubDomains"
        ],
        "Cache-Control": [
          "no-cache"
        ],
        "Date": [
          "Wed, 17 Sep 2014 09:12:58 GMT"
        ]
      },
      "StatusCode": 200
    },
    {
      "RequestUri": "/subscriptions/cca24ec8-99b5-4aa7-9ff6-486e886f304c/resourceGroups/sql-audit-cmdlet-test-rg500/resources?&api-version=2014-04-01-preview",
      "EncodedRequestUri": "L3N1YnNjcmlwdGlvbnMvY2NhMjRlYzgtOTliNS00YWE3LTlmZjYtNDg2ZTg4NmYzMDRjL3Jlc291cmNlR3JvdXBzL3NxbC1hdWRpdC1jbWRsZXQtdGVzdC1yZzUwMC9yZXNvdXJjZXM/JmFwaS12ZXJzaW9uPTIwMTQtMDQtMDEtcHJldmlldw==",
      "RequestMethod": "GET",
      "RequestBody": "",
      "RequestHeaders": {
        "User-Agent": [
          "Microsoft.Azure.Management.Resources.ResourceManagementClient/2.0.0.0"
        ]
      },
      "ResponseBody": "{\r\n  \"value\": [\r\n    {\r\n      \"id\": \"/subscriptions/cca24ec8-99b5-4aa7-9ff6-486e886f304c/resourceGroups/sql-audit-cmdlet-test-rg500/providers/Microsoft.Sql/servers/sql-audit-cmdlet-server500\",\r\n      \"name\": \"sql-audit-cmdlet-server500\",\r\n      \"type\": \"Microsoft.Sql/servers\",\r\n      \"location\": \"westus\"\r\n    },\r\n    {\r\n      \"id\": \"/subscriptions/cca24ec8-99b5-4aa7-9ff6-486e886f304c/resourceGroups/sql-audit-cmdlet-test-rg500/providers/Microsoft.Sql/servers/sql-audit-cmdlet-server500/databases/sql-audit-cmdlet-db500\",\r\n      \"name\": \"sql-audit-cmdlet-server500/sql-audit-cmdlet-db500\",\r\n      \"type\": \"Microsoft.Sql/servers/databases\",\r\n      \"location\": \"westus\"\r\n    }\r\n  ]\r\n}",
      "ResponseHeaders": {
        "Pragma": [
          "no-cache"
        ],
        "x-ms-ratelimit-remaining-subscription-reads": [
          "31930"
        ],
        "x-ms-request-id": [
          "c0696753-b57a-435d-b2b8-7592b1086eeb"
        ],
        "x-ms-correlation-request-id": [
          "c0696753-b57a-435d-b2b8-7592b1086eeb"
        ],
        "x-ms-routing-request-id": [
          "WESTEUROPE:20140917T091300Z:c0696753-b57a-435d-b2b8-7592b1086eeb"
        ],
        "Strict-Transport-Security": [
          "max-age=31536000; includeSubDomains"
        ],
        "Cache-Control": [
          "no-cache"
        ],
        "Date": [
          "Wed, 17 Sep 2014 09:13:00 GMT"
        ]
      },
      "StatusCode": 200
    },
    {
      "RequestUri": "/subscriptions/cca24ec8-99b5-4aa7-9ff6-486e886f304c/resourcegroups/sql-audit-cmdlet-test-rg500/providers/Microsoft.Authorization/permissions?api-version=2014-07-01-preview",
      "EncodedRequestUri": "L3N1YnNjcmlwdGlvbnMvY2NhMjRlYzgtOTliNS00YWE3LTlmZjYtNDg2ZTg4NmYzMDRjL3Jlc291cmNlZ3JvdXBzL3NxbC1hdWRpdC1jbWRsZXQtdGVzdC1yZzUwMC9wcm92aWRlcnMvTWljcm9zb2Z0LkF1dGhvcml6YXRpb24vcGVybWlzc2lvbnM/YXBpLXZlcnNpb249MjAxNC0wNy0wMS1wcmV2aWV3",
      "RequestMethod": "GET",
      "RequestBody": "",
      "RequestHeaders": {
        "User-Agent": [
          "Microsoft.Azure.Management.Authorization.AuthorizationManagementClient/0.9.0.0",
          "AzurePowershell/v0.8.8"
        ]
      },
      "ResponseBody": "{\r\n  \"value\": [\r\n    {\r\n      \"actions\": [\r\n        \"*\"\r\n      ],\r\n      \"notActions\": []\r\n    }\r\n  ]\r\n}",
      "ResponseHeaders": {
        "Pragma": [
          "no-cache"
        ],
        "x-ms-ratelimit-remaining-subscription-reads": [
          "31959"
        ],
        "x-ms-request-id": [
          "4f221453-0a89-48b9-a133-e24c31ea70f1"
        ],
        "x-ms-correlation-request-id": [
          "4f221453-0a89-48b9-a133-e24c31ea70f1"
        ],
        "x-ms-routing-request-id": [
          "WESTEUROPE:20140917T091301Z:4f221453-0a89-48b9-a133-e24c31ea70f1"
        ],
        "Strict-Transport-Security": [
          "max-age=31536000; includeSubDomains"
        ],
        "Cache-Control": [
          "no-cache"
        ],
        "Date": [
          "Wed, 17 Sep 2014 09:13:01 GMT"
        ]
      },
      "StatusCode": 200
    },
    {
      "RequestUri": "/subscriptions/cca24ec8-99b5-4aa7-9ff6-486e886f304c/resourceGroups/sql-audit-cmdlet-test-rg500/providers/Microsoft.Sql/servers/sql-audit-cmdlet-server500/databaseSecurityPolicies/sql-audit-cmdlet-db500?api-version=2014-04-01",
      "EncodedRequestUri": "L3N1YnNjcmlwdGlvbnMvY2NhMjRlYzgtOTliNS00YWE3LTlmZjYtNDg2ZTg4NmYzMDRjL3Jlc291cmNlR3JvdXBzL3NxbC1hdWRpdC1jbWRsZXQtdGVzdC1yZzUwMC9wcm92aWRlcnMvTWljcm9zb2Z0LlNxbC9zZXJ2ZXJzL3NxbC1hdWRpdC1jbWRsZXQtc2VydmVyNTAwL2RhdGFiYXNlU2VjdXJpdHlQb2xpY2llcy9zcWwtYXVkaXQtY21kbGV0LWRiNTAwP2FwaS12ZXJzaW9uPTIwMTQtMDQtMDE=",
      "RequestMethod": "GET",
      "RequestBody": "",
      "RequestHeaders": {
        "User-Agent": [
          "Microsoft.Azure.Management.Sql.SqlManagementClient/0.9.0.0"
        ],
        "x-ms-client-session-id": [
          "329c7852-59d1-4b15-9967-12c6b4746c67-2014-09-17 09:13:01Z"
        ],
        "x-ms-client-request-id": [
          "03163215-45f3-4b4b-8196-bfb94d78528b-2014-09-17 09:13:01Z"
        ]
      },
      "ResponseBody": "{\r\n  \"properties\": {\r\n    \"isAuditingEnabled\": false,\r\n    \"retentionDays\": 90,\r\n    \"isEventTypeDataAccessEnabled\": true,\r\n    \"isEventTypeSchemaChangeEnabled\": true,\r\n    \"isEventTypeDataChangesEnabled\": true,\r\n    \"isEventTypeSecurityExceptionsEnabled\": true,\r\n    \"isEventTypeGrantRevokePermissionsEnabled\": true,\r\n    \"storageAccountName\": null,\r\n    \"storageAccountKey\": null,\r\n    \"storageTableEndpoint\": null,\r\n    \"storageAccountResourceGroupName\": null,\r\n    \"storageAccountSubscriptionId\": null,\r\n    \"adoNetConnectionString\": \"Server=tcp:sql-audit-cmdlet-server500.database.secure.windows.net,1433;Database=sql-audit-cmdlet-db500;User ID={0}@sql-audit-cmdlet-server500;Password={your_password_here};Trusted_Connection=False;Encrypt=True;Connection Timeout=30;\",\r\n    \"odbcConnectionString\": \"Driver={SQL Server Native Client 11.0};Server=tcp:sql-audit-cmdlet-server500.database.secure.windows.net,1433;Database=sql-audit-cmdlet-db500;Uid={0}@sql-audit-cmdlet-server500;Pwd={your_password_here};Encrypt=yes;Connection Timeout=30;\",\r\n    \"phpConnectionString\": \"Server: sql-audit-cmdlet-server500.database.secure.windows.net,1433 \\r\\nSQL Database: sql-audit-cmdlet-db500\\r\\nUser Name: {0}\\r\\n\\r\\nPHP Data Objects(PDO) Sample Code:\\r\\n\\r\\ntry {\\r\\n  $conn = new PDO ( \\\"sqlsrv:server = tcp:sql-audit-cmdlet-server500.database.secure.windows.net,1433; Database = sql-audit-cmdlet-db500\\\", \\\"{0}\\\", \\\"{your_password_here}\\\");\\r\\n    $conn->setAttribute( PDO::ATTR_ERRMODE, PDO::ERRMODE_EXCEPTION );\\r\\n}\\r\\ncatch ( PDOException $e ) {\\r\\n   print( \\\"Error connecting to SQL Server.\\\" );\\r\\n   die(print_r($e));\\r\\n}\\r\\n\\rSQL Server Extension Sample Code:\\r\\n\\r\\n$connectionInfo = array(\\\"UID\\\" => \\\"{0}@sql-audit-cmdlet-server500\\\", \\\"pwd\\\" => \\\"{your_password_here}\\\", \\\"Database\\\" => \\\"sql-audit-cmdlet-db500\\\", \\\"LoginTimeout\\\" => 30, \\\"Encrypt\\\" => 1);\\r\\n$serverName = \\\"tcp:sql-audit-cmdlet-server500.database.secure.windows.net,1433\\\";\\r\\n$conn = sqlsrv_connect($serverName, $connectionInfo);\",\r\n    \"jdbcConnectionString\": \"jdbc:sqlserver://sql-audit-cmdlet-server500.database.secure.windows.net:1433;database=sql-audit-cmdlet-db500;user={0}@sql-audit-cmdlet-server500;password={your_password_here};encrypt=true;hostNameInCertificate=*.database.secure.windows.net;loginTimeout=30;\",\r\n    \"proxyDnsName\": \"sql-audit-cmdlet-server500.database.secure.windows.net\",\r\n    \"useServerDefault\": false\r\n  },\r\n  \"id\": \"/subscriptions/cca24ec8-99b5-4aa7-9ff6-486e886f304c/resourceGroups/sql-audit-cmdlet-test-rg500/providers/Microsoft.Sql/servers/sql-audit-cmdlet-server500/databaseSecurityPolicies/sql-audit-cmdlet-db500\",\r\n  \"name\": \"sql-audit-cmdlet-db500\",\r\n  \"type\": \"Microsoft.Sql/servers/databaseSecurityPolicies\",\r\n  \"location\": \"West US\"\r\n}",
      "ResponseHeaders": {
        "x-ms-request-id": [
          "64da92e9-59a4-4021-af2a-30f7f8fe3c1a"
        ],
        "X-Content-Type-Options": [
          "nosniff"
        ],
        "DataServiceVersion": [
          "3.0;"
        ],
        "x-ms-ratelimit-remaining-subscription-reads": [
          "31854"
        ],
        "x-ms-correlation-request-id": [
          "6ed66459-778f-4ada-b319-58d2c370d8ea"
        ],
        "x-ms-routing-request-id": [
          "WESTEUROPE:20140917T091304Z:6ed66459-778f-4ada-b319-58d2c370d8ea"
        ],
        "Strict-Transport-Security": [
          "max-age=31536000; includeSubDomains"
        ],
        "Cache-Control": [
          "no-store, no-cache"
        ],
        "Date": [
          "Wed, 17 Sep 2014 09:13:03 GMT"
        ],
        "Server": [
          "Microsoft-HTTPAPI/2.0"
        ]
      },
      "StatusCode": 200
    },
    {
      "RequestUri": "/subscriptions/cca24ec8-99b5-4aa7-9ff6-486e886f304c/resourceGroups/sql-audit-cmdlet-test-rg500/providers/Microsoft.Sql/servers/sql-audit-cmdlet-server500/databaseSecurityPolicies/sql-audit-cmdlet-db500?api-version=2014-04-01",
      "EncodedRequestUri": "L3N1YnNjcmlwdGlvbnMvY2NhMjRlYzgtOTliNS00YWE3LTlmZjYtNDg2ZTg4NmYzMDRjL3Jlc291cmNlR3JvdXBzL3NxbC1hdWRpdC1jbWRsZXQtdGVzdC1yZzUwMC9wcm92aWRlcnMvTWljcm9zb2Z0LlNxbC9zZXJ2ZXJzL3NxbC1hdWRpdC1jbWRsZXQtc2VydmVyNTAwL2RhdGFiYXNlU2VjdXJpdHlQb2xpY2llcy9zcWwtYXVkaXQtY21kbGV0LWRiNTAwP2FwaS12ZXJzaW9uPTIwMTQtMDQtMDE=",
      "RequestMethod": "GET",
      "RequestBody": "",
      "RequestHeaders": {
        "User-Agent": [
          "Microsoft.Azure.Management.Sql.SqlManagementClient/0.9.0.0"
        ],
        "x-ms-client-session-id": [
          "329c7852-59d1-4b15-9967-12c6b4746c67-2014-09-17 09:13:01Z"
        ],
        "x-ms-client-request-id": [
          "5b27cdc3-8c64-4f7c-a8a7-eaec2d317ec5-2014-09-17 09:13:12Z"
        ]
      },
      "ResponseBody": "{\r\n  \"properties\": {\r\n    \"isAuditingEnabled\": true,\r\n    \"retentionDays\": 90,\r\n    \"isEventTypeDataAccessEnabled\": true,\r\n    \"isEventTypeSchemaChangeEnabled\": true,\r\n    \"isEventTypeDataChangesEnabled\": true,\r\n    \"isEventTypeSecurityExceptionsEnabled\": true,\r\n    \"isEventTypeGrantRevokePermissionsEnabled\": true,\r\n    \"storageAccountName\": \"auditcmdlets500\",\r\n    \"storageAccountKey\": null,\r\n    \"storageTableEndpoint\": \"https://auditcmdlets500.table.core.windows.net/\",\r\n    \"storageAccountResourceGroupName\": \"Default-Storage-WestUS\",\r\n    \"storageAccountSubscriptionId\": \"cca24ec8-99b5-4aa7-9ff6-486e886f304c\",\r\n    \"adoNetConnectionString\": \"Server=tcp:sql-audit-cmdlet-server500.database.secure.windows.net,1433;Database=sql-audit-cmdlet-db500;User ID={0}@sql-audit-cmdlet-server500;Password={your_password_here};Trusted_Connection=False;Encrypt=True;Connection Timeout=30;\",\r\n    \"odbcConnectionString\": \"Driver={SQL Server Native Client 11.0};Server=tcp:sql-audit-cmdlet-server500.database.secure.windows.net,1433;Database=sql-audit-cmdlet-db500;Uid={0}@sql-audit-cmdlet-server500;Pwd={your_password_here};Encrypt=yes;Connection Timeout=30;\",\r\n    \"phpConnectionString\": \"Server: sql-audit-cmdlet-server500.database.secure.windows.net,1433 \\r\\nSQL Database: sql-audit-cmdlet-db500\\r\\nUser Name: {0}\\r\\n\\r\\nPHP Data Objects(PDO) Sample Code:\\r\\n\\r\\ntry {\\r\\n  $conn = new PDO ( \\\"sqlsrv:server = tcp:sql-audit-cmdlet-server500.database.secure.windows.net,1433; Database = sql-audit-cmdlet-db500\\\", \\\"{0}\\\", \\\"{your_password_here}\\\");\\r\\n    $conn->setAttribute( PDO::ATTR_ERRMODE, PDO::ERRMODE_EXCEPTION );\\r\\n}\\r\\ncatch ( PDOException $e ) {\\r\\n   print( \\\"Error connecting to SQL Server.\\\" );\\r\\n   die(print_r($e));\\r\\n}\\r\\n\\rSQL Server Extension Sample Code:\\r\\n\\r\\n$connectionInfo = array(\\\"UID\\\" => \\\"{0}@sql-audit-cmdlet-server500\\\", \\\"pwd\\\" => \\\"{your_password_here}\\\", \\\"Database\\\" => \\\"sql-audit-cmdlet-db500\\\", \\\"LoginTimeout\\\" => 30, \\\"Encrypt\\\" => 1);\\r\\n$serverName = \\\"tcp:sql-audit-cmdlet-server500.database.secure.windows.net,1433\\\";\\r\\n$conn = sqlsrv_connect($serverName, $connectionInfo);\",\r\n    \"jdbcConnectionString\": \"jdbc:sqlserver://sql-audit-cmdlet-server500.database.secure.windows.net:1433;database=sql-audit-cmdlet-db500;user={0}@sql-audit-cmdlet-server500;password={your_password_here};encrypt=true;hostNameInCertificate=*.database.secure.windows.net;loginTimeout=30;\",\r\n    \"proxyDnsName\": \"sql-audit-cmdlet-server500.database.secure.windows.net\",\r\n    \"useServerDefault\": false\r\n  },\r\n  \"id\": \"/subscriptions/cca24ec8-99b5-4aa7-9ff6-486e886f304c/resourceGroups/sql-audit-cmdlet-test-rg500/providers/Microsoft.Sql/servers/sql-audit-cmdlet-server500/databaseSecurityPolicies/sql-audit-cmdlet-db500\",\r\n  \"name\": \"sql-audit-cmdlet-db500\",\r\n  \"type\": \"Microsoft.Sql/servers/databaseSecurityPolicies\",\r\n  \"location\": \"West US\"\r\n}",
      "ResponseHeaders": {
        "x-ms-request-id": [
          "1789bdc2-73c5-47a3-8334-f31bfee525d6"
        ],
        "X-Content-Type-Options": [
          "nosniff"
        ],
        "DataServiceVersion": [
          "3.0;"
        ],
        "x-ms-ratelimit-remaining-subscription-reads": [
          "31853"
        ],
        "x-ms-correlation-request-id": [
          "fb89b83b-46f3-4478-a692-3bfbc8f43fc5"
        ],
        "x-ms-routing-request-id": [
          "WESTEUROPE:20140917T091316Z:fb89b83b-46f3-4478-a692-3bfbc8f43fc5"
        ],
        "Strict-Transport-Security": [
          "max-age=31536000; includeSubDomains"
        ],
        "Cache-Control": [
          "no-store, no-cache"
        ],
        "Date": [
          "Wed, 17 Sep 2014 09:13:16 GMT"
        ],
        "Server": [
          "Microsoft-HTTPAPI/2.0"
        ]
      },
      "StatusCode": 200
    },
    {
      "RequestUri": "/subscriptions/cca24ec8-99b5-4aa7-9ff6-486e886f304c/resourceGroups/sql-audit-cmdlet-test-rg500/providers/Microsoft.Sql/servers/sql-audit-cmdlet-server500/databaseSecurityPolicies/sql-audit-cmdlet-db500?api-version=2014-04-01",
      "EncodedRequestUri": "L3N1YnNjcmlwdGlvbnMvY2NhMjRlYzgtOTliNS00YWE3LTlmZjYtNDg2ZTg4NmYzMDRjL3Jlc291cmNlR3JvdXBzL3NxbC1hdWRpdC1jbWRsZXQtdGVzdC1yZzUwMC9wcm92aWRlcnMvTWljcm9zb2Z0LlNxbC9zZXJ2ZXJzL3NxbC1hdWRpdC1jbWRsZXQtc2VydmVyNTAwL2RhdGFiYXNlU2VjdXJpdHlQb2xpY2llcy9zcWwtYXVkaXQtY21kbGV0LWRiNTAwP2FwaS12ZXJzaW9uPTIwMTQtMDQtMDE=",
      "RequestMethod": "GET",
      "RequestBody": "",
      "RequestHeaders": {
        "User-Agent": [
          "Microsoft.Azure.Management.Sql.SqlManagementClient/0.9.0.0"
        ],
        "x-ms-client-session-id": [
          "329c7852-59d1-4b15-9967-12c6b4746c67-2014-09-17 09:13:01Z"
        ],
        "x-ms-client-request-id": [
          "5f9f5b5c-18a9-4bf1-be15-ab84ab00e930-2014-09-17 09:13:16Z"
        ]
      },
      "ResponseBody": "{\r\n  \"properties\": {\r\n    \"isAuditingEnabled\": true,\r\n    \"retentionDays\": 90,\r\n    \"isEventTypeDataAccessEnabled\": true,\r\n    \"isEventTypeSchemaChangeEnabled\": true,\r\n    \"isEventTypeDataChangesEnabled\": true,\r\n    \"isEventTypeSecurityExceptionsEnabled\": true,\r\n    \"isEventTypeGrantRevokePermissionsEnabled\": true,\r\n    \"storageAccountName\": \"auditcmdlets500\",\r\n    \"storageAccountKey\": null,\r\n    \"storageTableEndpoint\": \"https://auditcmdlets500.table.core.windows.net/\",\r\n    \"storageAccountResourceGroupName\": \"Default-Storage-WestUS\",\r\n    \"storageAccountSubscriptionId\": \"cca24ec8-99b5-4aa7-9ff6-486e886f304c\",\r\n    \"adoNetConnectionString\": \"Server=tcp:sql-audit-cmdlet-server500.database.secure.windows.net,1433;Database=sql-audit-cmdlet-db500;User ID={0}@sql-audit-cmdlet-server500;Password={your_password_here};Trusted_Connection=False;Encrypt=True;Connection Timeout=30;\",\r\n    \"odbcConnectionString\": \"Driver={SQL Server Native Client 11.0};Server=tcp:sql-audit-cmdlet-server500.database.secure.windows.net,1433;Database=sql-audit-cmdlet-db500;Uid={0}@sql-audit-cmdlet-server500;Pwd={your_password_here};Encrypt=yes;Connection Timeout=30;\",\r\n    \"phpConnectionString\": \"Server: sql-audit-cmdlet-server500.database.secure.windows.net,1433 \\r\\nSQL Database: sql-audit-cmdlet-db500\\r\\nUser Name: {0}\\r\\n\\r\\nPHP Data Objects(PDO) Sample Code:\\r\\n\\r\\ntry {\\r\\n  $conn = new PDO ( \\\"sqlsrv:server = tcp:sql-audit-cmdlet-server500.database.secure.windows.net,1433; Database = sql-audit-cmdlet-db500\\\", \\\"{0}\\\", \\\"{your_password_here}\\\");\\r\\n    $conn->setAttribute( PDO::ATTR_ERRMODE, PDO::ERRMODE_EXCEPTION );\\r\\n}\\r\\ncatch ( PDOException $e ) {\\r\\n   print( \\\"Error connecting to SQL Server.\\\" );\\r\\n   die(print_r($e));\\r\\n}\\r\\n\\rSQL Server Extension Sample Code:\\r\\n\\r\\n$connectionInfo = array(\\\"UID\\\" => \\\"{0}@sql-audit-cmdlet-server500\\\", \\\"pwd\\\" => \\\"{your_password_here}\\\", \\\"Database\\\" => \\\"sql-audit-cmdlet-db500\\\", \\\"LoginTimeout\\\" => 30, \\\"Encrypt\\\" => 1);\\r\\n$serverName = \\\"tcp:sql-audit-cmdlet-server500.database.secure.windows.net,1433\\\";\\r\\n$conn = sqlsrv_connect($serverName, $connectionInfo);\",\r\n    \"jdbcConnectionString\": \"jdbc:sqlserver://sql-audit-cmdlet-server500.database.secure.windows.net:1433;database=sql-audit-cmdlet-db500;user={0}@sql-audit-cmdlet-server500;password={your_password_here};encrypt=true;hostNameInCertificate=*.database.secure.windows.net;loginTimeout=30;\",\r\n    \"proxyDnsName\": \"sql-audit-cmdlet-server500.database.secure.windows.net\",\r\n    \"useServerDefault\": false\r\n  },\r\n  \"id\": \"/subscriptions/cca24ec8-99b5-4aa7-9ff6-486e886f304c/resourceGroups/sql-audit-cmdlet-test-rg500/providers/Microsoft.Sql/servers/sql-audit-cmdlet-server500/databaseSecurityPolicies/sql-audit-cmdlet-db500\",\r\n  \"name\": \"sql-audit-cmdlet-db500\",\r\n  \"type\": \"Microsoft.Sql/servers/databaseSecurityPolicies\",\r\n  \"location\": \"West US\"\r\n}",
      "ResponseHeaders": {
        "x-ms-request-id": [
          "4a38edce-9664-4363-a349-9ea7de4dac98"
        ],
        "X-Content-Type-Options": [
          "nosniff"
        ],
        "DataServiceVersion": [
          "3.0;"
        ],
        "x-ms-ratelimit-remaining-subscription-reads": [
          "31852"
        ],
        "x-ms-correlation-request-id": [
          "4e835425-874b-4fa8-a005-f32e275709d2"
        ],
        "x-ms-routing-request-id": [
          "WESTEUROPE:20140917T091319Z:4e835425-874b-4fa8-a005-f32e275709d2"
        ],
        "Strict-Transport-Security": [
          "max-age=31536000; includeSubDomains"
        ],
        "Cache-Control": [
          "no-store, no-cache"
        ],
        "Date": [
          "Wed, 17 Sep 2014 09:13:18 GMT"
        ],
        "Server": [
          "Microsoft-HTTPAPI/2.0"
        ]
      },
      "StatusCode": 200
    },
    {
      "RequestUri": "/subscriptions/cca24ec8-99b5-4aa7-9ff6-486e886f304c/resourceGroups/sql-audit-cmdlet-test-rg500/providers/Microsoft.Sql/servers/sql-audit-cmdlet-server500/databaseSecurityPolicies/sql-audit-cmdlet-db500?api-version=2014-04-01",
      "EncodedRequestUri": "L3N1YnNjcmlwdGlvbnMvY2NhMjRlYzgtOTliNS00YWE3LTlmZjYtNDg2ZTg4NmYzMDRjL3Jlc291cmNlR3JvdXBzL3NxbC1hdWRpdC1jbWRsZXQtdGVzdC1yZzUwMC9wcm92aWRlcnMvTWljcm9zb2Z0LlNxbC9zZXJ2ZXJzL3NxbC1hdWRpdC1jbWRsZXQtc2VydmVyNTAwL2RhdGFiYXNlU2VjdXJpdHlQb2xpY2llcy9zcWwtYXVkaXQtY21kbGV0LWRiNTAwP2FwaS12ZXJzaW9uPTIwMTQtMDQtMDE=",
      "RequestMethod": "GET",
      "RequestBody": "",
      "RequestHeaders": {
        "User-Agent": [
          "Microsoft.Azure.Management.Sql.SqlManagementClient/0.9.0.0"
        ],
        "x-ms-client-session-id": [
          "329c7852-59d1-4b15-9967-12c6b4746c67-2014-09-17 09:13:01Z"
        ],
        "x-ms-client-request-id": [
          "b7fba352-411a-48d1-bc18-2536dd7d03b6-2014-09-17 09:13:23Z"
        ]
      },
      "ResponseBody": "{\r\n  \"properties\": {\r\n    \"isAuditingEnabled\": true,\r\n    \"retentionDays\": 90,\r\n    \"isEventTypeDataAccessEnabled\": true,\r\n    \"isEventTypeSchemaChangeEnabled\": false,\r\n    \"isEventTypeDataChangesEnabled\": true,\r\n    \"isEventTypeSecurityExceptionsEnabled\": false,\r\n    \"isEventTypeGrantRevokePermissionsEnabled\": true,\r\n    \"storageAccountName\": \"auditcmdlets500\",\r\n    \"storageAccountKey\": null,\r\n    \"storageTableEndpoint\": \"https://auditcmdlets500.table.core.windows.net/\",\r\n    \"storageAccountResourceGroupName\": \"Default-Storage-WestUS\",\r\n    \"storageAccountSubscriptionId\": \"cca24ec8-99b5-4aa7-9ff6-486e886f304c\",\r\n    \"adoNetConnectionString\": \"Server=tcp:sql-audit-cmdlet-server500.database.secure.windows.net,1433;Database=sql-audit-cmdlet-db500;User ID={0}@sql-audit-cmdlet-server500;Password={your_password_here};Trusted_Connection=False;Encrypt=True;Connection Timeout=30;\",\r\n    \"odbcConnectionString\": \"Driver={SQL Server Native Client 11.0};Server=tcp:sql-audit-cmdlet-server500.database.secure.windows.net,1433;Database=sql-audit-cmdlet-db500;Uid={0}@sql-audit-cmdlet-server500;Pwd={your_password_here};Encrypt=yes;Connection Timeout=30;\",\r\n    \"phpConnectionString\": \"Server: sql-audit-cmdlet-server500.database.secure.windows.net,1433 \\r\\nSQL Database: sql-audit-cmdlet-db500\\r\\nUser Name: {0}\\r\\n\\r\\nPHP Data Objects(PDO) Sample Code:\\r\\n\\r\\ntry {\\r\\n  $conn = new PDO ( \\\"sqlsrv:server = tcp:sql-audit-cmdlet-server500.database.secure.windows.net,1433; Database = sql-audit-cmdlet-db500\\\", \\\"{0}\\\", \\\"{your_password_here}\\\");\\r\\n    $conn->setAttribute( PDO::ATTR_ERRMODE, PDO::ERRMODE_EXCEPTION );\\r\\n}\\r\\ncatch ( PDOException $e ) {\\r\\n   print( \\\"Error connecting to SQL Server.\\\" );\\r\\n   die(print_r($e));\\r\\n}\\r\\n\\rSQL Server Extension Sample Code:\\r\\n\\r\\n$connectionInfo = array(\\\"UID\\\" => \\\"{0}@sql-audit-cmdlet-server500\\\", \\\"pwd\\\" => \\\"{your_password_here}\\\", \\\"Database\\\" => \\\"sql-audit-cmdlet-db500\\\", \\\"LoginTimeout\\\" => 30, \\\"Encrypt\\\" => 1);\\r\\n$serverName = \\\"tcp:sql-audit-cmdlet-server500.database.secure.windows.net,1433\\\";\\r\\n$conn = sqlsrv_connect($serverName, $connectionInfo);\",\r\n    \"jdbcConnectionString\": \"jdbc:sqlserver://sql-audit-cmdlet-server500.database.secure.windows.net:1433;database=sql-audit-cmdlet-db500;user={0}@sql-audit-cmdlet-server500;password={your_password_here};encrypt=true;hostNameInCertificate=*.database.secure.windows.net;loginTimeout=30;\",\r\n    \"proxyDnsName\": \"sql-audit-cmdlet-server500.database.secure.windows.net\",\r\n    \"useServerDefault\": false\r\n  },\r\n  \"id\": \"/subscriptions/cca24ec8-99b5-4aa7-9ff6-486e886f304c/resourceGroups/sql-audit-cmdlet-test-rg500/providers/Microsoft.Sql/servers/sql-audit-cmdlet-server500/databaseSecurityPolicies/sql-audit-cmdlet-db500\",\r\n  \"name\": \"sql-audit-cmdlet-db500\",\r\n  \"type\": \"Microsoft.Sql/servers/databaseSecurityPolicies\",\r\n  \"location\": \"West US\"\r\n}",
      "ResponseHeaders": {
        "x-ms-request-id": [
          "6c869a1a-bd28-4690-adeb-94d17f921a84"
        ],
        "X-Content-Type-Options": [
          "nosniff"
        ],
        "DataServiceVersion": [
          "3.0;"
        ],
        "x-ms-ratelimit-remaining-subscription-reads": [
          "31851"
        ],
        "x-ms-correlation-request-id": [
          "4887e966-f49c-4f0c-b5c5-3549e7ce312f"
        ],
        "x-ms-routing-request-id": [
          "WESTEUROPE:20140917T091326Z:4887e966-f49c-4f0c-b5c5-3549e7ce312f"
        ],
        "Strict-Transport-Security": [
          "max-age=31536000; includeSubDomains"
        ],
        "Cache-Control": [
          "no-store, no-cache"
        ],
        "Date": [
          "Wed, 17 Sep 2014 09:13:25 GMT"
        ],
        "Server": [
          "Microsoft-HTTPAPI/2.0"
        ]
      },
      "StatusCode": 200
    },
    {
      "RequestUri": "/subscriptions/cca24ec8-99b5-4aa7-9ff6-486e886f304c/resourceGroups/sql-audit-cmdlet-test-rg500/providers/Microsoft.Sql/servers/sql-audit-cmdlet-server500/databaseSecurityPolicies/sql-audit-cmdlet-db500?api-version=2014-04-01",
      "EncodedRequestUri": "L3N1YnNjcmlwdGlvbnMvY2NhMjRlYzgtOTliNS00YWE3LTlmZjYtNDg2ZTg4NmYzMDRjL3Jlc291cmNlR3JvdXBzL3NxbC1hdWRpdC1jbWRsZXQtdGVzdC1yZzUwMC9wcm92aWRlcnMvTWljcm9zb2Z0LlNxbC9zZXJ2ZXJzL3NxbC1hdWRpdC1jbWRsZXQtc2VydmVyNTAwL2RhdGFiYXNlU2VjdXJpdHlQb2xpY2llcy9zcWwtYXVkaXQtY21kbGV0LWRiNTAwP2FwaS12ZXJzaW9uPTIwMTQtMDQtMDE=",
      "RequestMethod": "GET",
      "RequestBody": "",
      "RequestHeaders": {
        "User-Agent": [
          "Microsoft.Azure.Management.Sql.SqlManagementClient/0.9.0.0"
        ],
        "x-ms-client-session-id": [
          "329c7852-59d1-4b15-9967-12c6b4746c67-2014-09-17 09:13:01Z"
        ],
        "x-ms-client-request-id": [
          "aaa15938-4cb7-480c-a5e7-07e1998fd13b-2014-09-17 09:13:26Z"
        ]
      },
      "ResponseBody": "{\r\n  \"properties\": {\r\n    \"isAuditingEnabled\": true,\r\n    \"retentionDays\": 90,\r\n    \"isEventTypeDataAccessEnabled\": true,\r\n    \"isEventTypeSchemaChangeEnabled\": false,\r\n    \"isEventTypeDataChangesEnabled\": true,\r\n    \"isEventTypeSecurityExceptionsEnabled\": false,\r\n    \"isEventTypeGrantRevokePermissionsEnabled\": true,\r\n    \"storageAccountName\": \"auditcmdlets500\",\r\n    \"storageAccountKey\": null,\r\n    \"storageTableEndpoint\": \"https://auditcmdlets500.table.core.windows.net/\",\r\n    \"storageAccountResourceGroupName\": \"Default-Storage-WestUS\",\r\n    \"storageAccountSubscriptionId\": \"cca24ec8-99b5-4aa7-9ff6-486e886f304c\",\r\n    \"adoNetConnectionString\": \"Server=tcp:sql-audit-cmdlet-server500.database.secure.windows.net,1433;Database=sql-audit-cmdlet-db500;User ID={0}@sql-audit-cmdlet-server500;Password={your_password_here};Trusted_Connection=False;Encrypt=True;Connection Timeout=30;\",\r\n    \"odbcConnectionString\": \"Driver={SQL Server Native Client 11.0};Server=tcp:sql-audit-cmdlet-server500.database.secure.windows.net,1433;Database=sql-audit-cmdlet-db500;Uid={0}@sql-audit-cmdlet-server500;Pwd={your_password_here};Encrypt=yes;Connection Timeout=30;\",\r\n    \"phpConnectionString\": \"Server: sql-audit-cmdlet-server500.database.secure.windows.net,1433 \\r\\nSQL Database: sql-audit-cmdlet-db500\\r\\nUser Name: {0}\\r\\n\\r\\nPHP Data Objects(PDO) Sample Code:\\r\\n\\r\\ntry {\\r\\n  $conn = new PDO ( \\\"sqlsrv:server = tcp:sql-audit-cmdlet-server500.database.secure.windows.net,1433; Database = sql-audit-cmdlet-db500\\\", \\\"{0}\\\", \\\"{your_password_here}\\\");\\r\\n    $conn->setAttribute( PDO::ATTR_ERRMODE, PDO::ERRMODE_EXCEPTION );\\r\\n}\\r\\ncatch ( PDOException $e ) {\\r\\n   print( \\\"Error connecting to SQL Server.\\\" );\\r\\n   die(print_r($e));\\r\\n}\\r\\n\\rSQL Server Extension Sample Code:\\r\\n\\r\\n$connectionInfo = array(\\\"UID\\\" => \\\"{0}@sql-audit-cmdlet-server500\\\", \\\"pwd\\\" => \\\"{your_password_here}\\\", \\\"Database\\\" => \\\"sql-audit-cmdlet-db500\\\", \\\"LoginTimeout\\\" => 30, \\\"Encrypt\\\" => 1);\\r\\n$serverName = \\\"tcp:sql-audit-cmdlet-server500.database.secure.windows.net,1433\\\";\\r\\n$conn = sqlsrv_connect($serverName, $connectionInfo);\",\r\n    \"jdbcConnectionString\": \"jdbc:sqlserver://sql-audit-cmdlet-server500.database.secure.windows.net:1433;database=sql-audit-cmdlet-db500;user={0}@sql-audit-cmdlet-server500;password={your_password_here};encrypt=true;hostNameInCertificate=*.database.secure.windows.net;loginTimeout=30;\",\r\n    \"proxyDnsName\": \"sql-audit-cmdlet-server500.database.secure.windows.net\",\r\n    \"useServerDefault\": false\r\n  },\r\n  \"id\": \"/subscriptions/cca24ec8-99b5-4aa7-9ff6-486e886f304c/resourceGroups/sql-audit-cmdlet-test-rg500/providers/Microsoft.Sql/servers/sql-audit-cmdlet-server500/databaseSecurityPolicies/sql-audit-cmdlet-db500\",\r\n  \"name\": \"sql-audit-cmdlet-db500\",\r\n  \"type\": \"Microsoft.Sql/servers/databaseSecurityPolicies\",\r\n  \"location\": \"West US\"\r\n}",
      "ResponseHeaders": {
        "x-ms-request-id": [
          "96cce870-d579-43d4-9c65-ea5a5cae6a56"
        ],
        "X-Content-Type-Options": [
          "nosniff"
        ],
        "DataServiceVersion": [
          "3.0;"
        ],
        "x-ms-ratelimit-remaining-subscription-reads": [
          "31850"
        ],
        "x-ms-correlation-request-id": [
          "f0fc6a7d-a667-46bb-8be6-b4743d1fc2e6"
        ],
        "x-ms-routing-request-id": [
          "WESTEUROPE:20140917T091328Z:f0fc6a7d-a667-46bb-8be6-b4743d1fc2e6"
        ],
        "Strict-Transport-Security": [
          "max-age=31536000; includeSubDomains"
        ],
        "Cache-Control": [
          "no-store, no-cache"
        ],
        "Date": [
          "Wed, 17 Sep 2014 09:13:28 GMT"
        ],
        "Server": [
          "Microsoft-HTTPAPI/2.0"
        ]
      },
      "StatusCode": 200
    },
    {
      "RequestUri": "/subscriptions/cca24ec8-99b5-4aa7-9ff6-486e886f304c/resourceGroups/sql-audit-cmdlet-test-rg500/providers/Microsoft.Sql/servers/sql-audit-cmdlet-server500/databaseSecurityPolicies/sql-audit-cmdlet-db500?api-version=2014-04-01",
      "EncodedRequestUri": "L3N1YnNjcmlwdGlvbnMvY2NhMjRlYzgtOTliNS00YWE3LTlmZjYtNDg2ZTg4NmYzMDRjL3Jlc291cmNlR3JvdXBzL3NxbC1hdWRpdC1jbWRsZXQtdGVzdC1yZzUwMC9wcm92aWRlcnMvTWljcm9zb2Z0LlNxbC9zZXJ2ZXJzL3NxbC1hdWRpdC1jbWRsZXQtc2VydmVyNTAwL2RhdGFiYXNlU2VjdXJpdHlQb2xpY2llcy9zcWwtYXVkaXQtY21kbGV0LWRiNTAwP2FwaS12ZXJzaW9uPTIwMTQtMDQtMDE=",
      "RequestMethod": "GET",
      "RequestBody": "",
      "RequestHeaders": {
        "User-Agent": [
          "Microsoft.Azure.Management.Sql.SqlManagementClient/0.9.0.0"
        ],
        "x-ms-client-session-id": [
          "329c7852-59d1-4b15-9967-12c6b4746c67-2014-09-17 09:13:01Z"
        ],
        "x-ms-client-request-id": [
          "97101d63-6344-41c8-ac90-51e11433f613-2014-09-17 09:13:32Z"
        ]
      },
      "ResponseBody": "{\r\n  \"properties\": {\r\n    \"isAuditingEnabled\": true,\r\n    \"retentionDays\": 90,\r\n    \"isEventTypeDataAccessEnabled\": false,\r\n    \"isEventTypeSchemaChangeEnabled\": false,\r\n    \"isEventTypeDataChangesEnabled\": false,\r\n    \"isEventTypeSecurityExceptionsEnabled\": false,\r\n    \"isEventTypeGrantRevokePermissionsEnabled\": false,\r\n    \"storageAccountName\": \"auditcmdlets500\",\r\n    \"storageAccountKey\": null,\r\n    \"storageTableEndpoint\": \"https://auditcmdlets500.table.core.windows.net/\",\r\n    \"storageAccountResourceGroupName\": \"Default-Storage-WestUS\",\r\n    \"storageAccountSubscriptionId\": \"cca24ec8-99b5-4aa7-9ff6-486e886f304c\",\r\n    \"adoNetConnectionString\": \"Server=tcp:sql-audit-cmdlet-server500.database.secure.windows.net,1433;Database=sql-audit-cmdlet-db500;User ID={0}@sql-audit-cmdlet-server500;Password={your_password_here};Trusted_Connection=False;Encrypt=True;Connection Timeout=30;\",\r\n    \"odbcConnectionString\": \"Driver={SQL Server Native Client 11.0};Server=tcp:sql-audit-cmdlet-server500.database.secure.windows.net,1433;Database=sql-audit-cmdlet-db500;Uid={0}@sql-audit-cmdlet-server500;Pwd={your_password_here};Encrypt=yes;Connection Timeout=30;\",\r\n    \"phpConnectionString\": \"Server: sql-audit-cmdlet-server500.database.secure.windows.net,1433 \\r\\nSQL Database: sql-audit-cmdlet-db500\\r\\nUser Name: {0}\\r\\n\\r\\nPHP Data Objects(PDO) Sample Code:\\r\\n\\r\\ntry {\\r\\n  $conn = new PDO ( \\\"sqlsrv:server = tcp:sql-audit-cmdlet-server500.database.secure.windows.net,1433; Database = sql-audit-cmdlet-db500\\\", \\\"{0}\\\", \\\"{your_password_here}\\\");\\r\\n    $conn->setAttribute( PDO::ATTR_ERRMODE, PDO::ERRMODE_EXCEPTION );\\r\\n}\\r\\ncatch ( PDOException $e ) {\\r\\n   print( \\\"Error connecting to SQL Server.\\\" );\\r\\n   die(print_r($e));\\r\\n}\\r\\n\\rSQL Server Extension Sample Code:\\r\\n\\r\\n$connectionInfo = array(\\\"UID\\\" => \\\"{0}@sql-audit-cmdlet-server500\\\", \\\"pwd\\\" => \\\"{your_password_here}\\\", \\\"Database\\\" => \\\"sql-audit-cmdlet-db500\\\", \\\"LoginTimeout\\\" => 30, \\\"Encrypt\\\" => 1);\\r\\n$serverName = \\\"tcp:sql-audit-cmdlet-server500.database.secure.windows.net,1433\\\";\\r\\n$conn = sqlsrv_connect($serverName, $connectionInfo);\",\r\n    \"jdbcConnectionString\": \"jdbc:sqlserver://sql-audit-cmdlet-server500.database.secure.windows.net:1433;database=sql-audit-cmdlet-db500;user={0}@sql-audit-cmdlet-server500;password={your_password_here};encrypt=true;hostNameInCertificate=*.database.secure.windows.net;loginTimeout=30;\",\r\n    \"proxyDnsName\": \"sql-audit-cmdlet-server500.database.secure.windows.net\",\r\n    \"useServerDefault\": false\r\n  },\r\n  \"id\": \"/subscriptions/cca24ec8-99b5-4aa7-9ff6-486e886f304c/resourceGroups/sql-audit-cmdlet-test-rg500/providers/Microsoft.Sql/servers/sql-audit-cmdlet-server500/databaseSecurityPolicies/sql-audit-cmdlet-db500\",\r\n  \"name\": \"sql-audit-cmdlet-db500\",\r\n  \"type\": \"Microsoft.Sql/servers/databaseSecurityPolicies\",\r\n  \"location\": \"West US\"\r\n}",
      "ResponseHeaders": {
        "x-ms-request-id": [
          "d807d0bc-283f-460a-9401-81fb73d15b4b"
        ],
        "X-Content-Type-Options": [
          "nosniff"
        ],
        "DataServiceVersion": [
          "3.0;"
        ],
        "x-ms-ratelimit-remaining-subscription-reads": [
          "31849"
        ],
        "x-ms-correlation-request-id": [
          "2fa5a845-7b45-4666-874d-2cfd9a78b4ae"
        ],
        "x-ms-routing-request-id": [
          "WESTEUROPE:20140917T091335Z:2fa5a845-7b45-4666-874d-2cfd9a78b4ae"
        ],
        "Strict-Transport-Security": [
          "max-age=31536000; includeSubDomains"
        ],
        "Cache-Control": [
          "no-store, no-cache"
        ],
        "Date": [
          "Wed, 17 Sep 2014 09:13:35 GMT"
        ],
        "Server": [
          "Microsoft-HTTPAPI/2.0"
        ]
      },
      "StatusCode": 200
    },
    {
      "RequestUri": "/subscriptions/cca24ec8-99b5-4aa7-9ff6-486e886f304c/resources?$filter=resourceType%20eq%20'Microsoft.ClassicStorage%2FstorageAccounts'&api-version=2014-04-01-preview",
      "EncodedRequestUri": "L3N1YnNjcmlwdGlvbnMvY2NhMjRlYzgtOTliNS00YWE3LTlmZjYtNDg2ZTg4NmYzMDRjL3Jlc291cmNlcz8kZmlsdGVyPXJlc291cmNlVHlwZSUyMGVxJTIwJ01pY3Jvc29mdC5DbGFzc2ljU3RvcmFnZSUyRnN0b3JhZ2VBY2NvdW50cycmYXBpLXZlcnNpb249MjAxNC0wNC0wMS1wcmV2aWV3",
      "RequestMethod": "GET",
      "RequestBody": "",
      "RequestHeaders": {
        "User-Agent": [
          "Microsoft.Azure.Management.Resources.ResourceManagementClient/2.0.0.0"
        ]
      },
      "ResponseBody": "{\r\n  \"value\": [\r\n    {\r\n      \"id\": \"/subscriptions/cca24ec8-99b5-4aa7-9ff6-486e886f304c/resourceGroups/Default-Storage-EastAsia/providers/Microsoft.ClassicStorage/storageAccounts/excludetest\",\r\n      \"name\": \"excludetest\",\r\n      \"type\": \"Microsoft.ClassicStorage/storageAccounts\",\r\n      \"location\": \"eastasia\"\r\n    },\r\n    {\r\n      \"id\": \"/subscriptions/cca24ec8-99b5-4aa7-9ff6-486e886f304c/resourceGroups/Default-Storage-EastUS/providers/Microsoft.ClassicStorage/storageAccounts/portalvhdskjrssp0tmqrw5\",\r\n      \"name\": \"portalvhdskjrssp0tmqrw5\",\r\n      \"type\": \"Microsoft.ClassicStorage/storageAccounts\",\r\n      \"location\": \"eastus\"\r\n    },\r\n    {\r\n      \"id\": \"/subscriptions/cca24ec8-99b5-4aa7-9ff6-486e886f304c/resourceGroups/Default-Storage-EastUS/providers/Microsoft.ClassicStorage/storageAccounts/rondemo1\",\r\n      \"name\": \"rondemo1\",\r\n      \"type\": \"Microsoft.ClassicStorage/storageAccounts\",\r\n      \"location\": \"eastus\"\r\n    },\r\n    {\r\n      \"id\": \"/subscriptions/cca24ec8-99b5-4aa7-9ff6-486e886f304c/resourceGroups/Default-Storage-EastUS2/providers/Microsoft.ClassicStorage/storageAccounts/portalvhds1skjklpb8n8sf\",\r\n      \"name\": \"portalvhds1skjklpb8n8sf\",\r\n      \"type\": \"Microsoft.ClassicStorage/storageAccounts\",\r\n      \"location\": \"eastus2\"\r\n    },\r\n    {\r\n      \"id\": \"/subscriptions/cca24ec8-99b5-4aa7-9ff6-486e886f304c/resourceGroups/Default-Storage-SouthCentralUS/providers/Microsoft.ClassicStorage/storageAccounts/onesitests\",\r\n      \"name\": \"onesitests\",\r\n      \"type\": \"Microsoft.ClassicStorage/storageAccounts\",\r\n      \"location\": \"southcentralus\"\r\n    },\r\n    {\r\n      \"id\": \"/subscriptions/cca24ec8-99b5-4aa7-9ff6-486e886f304c/resourceGroups/Default-Storage-SouthCentralUS/providers/Microsoft.ClassicStorage/storageAccounts/yrubintest1\",\r\n      \"name\": \"yrubintest1\",\r\n      \"type\": \"Microsoft.ClassicStorage/storageAccounts\",\r\n      \"location\": \"southcentralus\"\r\n    },\r\n    {\r\n      \"id\": \"/subscriptions/cca24ec8-99b5-4aa7-9ff6-486e886f304c/resourceGroups/Default-Storage-WestEurope/providers/Microsoft.ClassicStorage/storageAccounts/auditwritelatency1\",\r\n      \"name\": \"auditwritelatency1\",\r\n      \"type\": \"Microsoft.ClassicStorage/storageAccounts\",\r\n      \"location\": \"westeurope\"\r\n    },\r\n    {\r\n      \"id\": \"/subscriptions/cca24ec8-99b5-4aa7-9ff6-486e886f304c/resourceGroups/Default-Storage-WestEurope/providers/Microsoft.ClassicStorage/storageAccounts/auditwritelatency2\",\r\n      \"name\": \"auditwritelatency2\",\r\n      \"type\": \"Microsoft.ClassicStorage/storageAccounts\",\r\n      \"location\": \"westeurope\"\r\n    },\r\n    {\r\n      \"id\": \"/subscriptions/cca24ec8-99b5-4aa7-9ff6-486e886f304c/resourceGroups/Default-Storage-WestEurope/providers/Microsoft.ClassicStorage/storageAccounts/auditwritelatency3\",\r\n      \"name\": \"auditwritelatency3\",\r\n      \"type\": \"Microsoft.ClassicStorage/storageAccounts\",\r\n      \"location\": \"westeurope\"\r\n    },\r\n    {\r\n      \"id\": \"/subscriptions/cca24ec8-99b5-4aa7-9ff6-486e886f304c/resourceGroups/Default-Storage-WestEurope/providers/Microsoft.ClassicStorage/storageAccounts/auditwritelatency4\",\r\n      \"name\": \"auditwritelatency4\",\r\n      \"type\": \"Microsoft.ClassicStorage/storageAccounts\",\r\n      \"location\": \"westeurope\"\r\n    },\r\n    {\r\n      \"id\": \"/subscriptions/cca24ec8-99b5-4aa7-9ff6-486e886f304c/resourceGroups/Default-Storage-WestEurope/providers/Microsoft.ClassicStorage/storageAccounts/bugtrackeraudit\",\r\n      \"name\": \"bugtrackeraudit\",\r\n      \"type\": \"Microsoft.ClassicStorage/storageAccounts\",\r\n      \"location\": \"westeurope\"\r\n    },\r\n    {\r\n      \"id\": \"/subscriptions/cca24ec8-99b5-4aa7-9ff6-486e886f304c/resourceGroups/Default-Storage-WestEurope/providers/Microsoft.ClassicStorage/storageAccounts/datasecauditlogs1\",\r\n      \"name\": \"datasecauditlogs1\",\r\n      \"type\": \"Microsoft.ClassicStorage/storageAccounts\",\r\n      \"location\": \"westeurope\"\r\n    },\r\n    {\r\n      \"id\": \"/subscriptions/cca24ec8-99b5-4aa7-9ff6-486e886f304c/resourceGroups/Default-Storage-WestEurope/providers/Microsoft.ClassicStorage/storageAccounts/db5mdsonbehalf\",\r\n      \"name\": \"db5mdsonbehalf\",\r\n      \"type\": \"Microsoft.ClassicStorage/storageAccounts\",\r\n      \"location\": \"westeurope\"\r\n    },\r\n    {\r\n      \"id\": \"/subscriptions/cca24ec8-99b5-4aa7-9ff6-486e886f304c/resourceGroups/Default-Storage-WestEurope/providers/Microsoft.ClassicStorage/storageAccounts/mdsonbehalfclient\",\r\n      \"name\": \"mdsonbehalfclient\",\r\n      \"type\": \"Microsoft.ClassicStorage/storageAccounts\",\r\n      \"location\": \"westeurope\"\r\n    },\r\n    {\r\n      \"id\": \"/subscriptions/cca24ec8-99b5-4aa7-9ff6-486e886f304c/resourceGroups/Default-Storage-WestEurope/providers/Microsoft.ClassicStorage/storageAccounts/portalvhds8ptftczrm4glb\",\r\n      \"name\": \"portalvhds8ptftczrm4glb\",\r\n      \"type\": \"Microsoft.ClassicStorage/storageAccounts\",\r\n      \"location\": \"westeurope\"\r\n    },\r\n    {\r\n      \"id\": \"/subscriptions/cca24ec8-99b5-4aa7-9ff6-486e886f304c/resourceGroups/Default-Storage-WestUS/providers/Microsoft.ClassicStorage/storageAccounts/auditcmdlets500\",\r\n      \"name\": \"auditcmdlets500\",\r\n      \"type\": \"Microsoft.ClassicStorage/storageAccounts\",\r\n      \"location\": \"westus\"\r\n    },\r\n    {\r\n      \"id\": \"/subscriptions/cca24ec8-99b5-4aa7-9ff6-486e886f304c/resourceGroups/Default-Storage-WestUS/providers/Microsoft.ClassicStorage/storageAccounts/portalvhds5lvyhmcrfd784\",\r\n      \"name\": \"portalvhds5lvyhmcrfd784\",\r\n      \"type\": \"Microsoft.ClassicStorage/storageAccounts\",\r\n      \"location\": \"westus\"\r\n    },\r\n    {\r\n      \"id\": \"/subscriptions/cca24ec8-99b5-4aa7-9ff6-486e886f304c/resourceGroups/Default-Storage-WestUS/providers/Microsoft.ClassicStorage/storageAccounts/splendidaudit\",\r\n      \"name\": \"splendidaudit\",\r\n      \"type\": \"Microsoft.ClassicStorage/storageAccounts\",\r\n      \"location\": \"westus\"\r\n    },\r\n    {\r\n      \"id\": \"/subscriptions/cca24ec8-99b5-4aa7-9ff6-486e886f304c/resourceGroups/Default-Storage-WestUS/providers/Microsoft.ClassicStorage/storageAccounts/splendidauditlogs\",\r\n      \"name\": \"splendidauditlogs\",\r\n      \"type\": \"Microsoft.ClassicStorage/storageAccounts\",\r\n      \"location\": \"westus\"\r\n    }\r\n  ]\r\n}",
      "ResponseHeaders": {
        "Pragma": [
          "no-cache"
        ],
        "x-ms-ratelimit-remaining-subscription-reads": [
          "31928"
        ],
        "x-ms-request-id": [
          "2523763f-9b68-4fec-aebc-ad30f4e85473"
        ],
        "x-ms-correlation-request-id": [
          "2523763f-9b68-4fec-aebc-ad30f4e85473"
        ],
        "x-ms-routing-request-id": [
          "WESTEUROPE:20140917T091307Z:2523763f-9b68-4fec-aebc-ad30f4e85473"
        ],
        "Strict-Transport-Security": [
          "max-age=31536000; includeSubDomains"
        ],
        "Cache-Control": [
          "no-cache"
        ],
        "Date": [
          "Wed, 17 Sep 2014 09:13:06 GMT"
        ]
      },
      "StatusCode": 200
    },
    {
      "RequestUri": "/cca24ec8-99b5-4aa7-9ff6-486e886f304c/services/storageservices/auditcmdlets500",
      "EncodedRequestUri": "L2NjYTI0ZWM4LTk5YjUtNGFhNy05ZmY2LTQ4NmU4ODZmMzA0Yy9zZXJ2aWNlcy9zdG9yYWdlc2VydmljZXMvYXVkaXRjbWRsZXRzNTAw",
      "RequestMethod": "GET",
      "RequestBody": "",
      "RequestHeaders": {
        "x-ms-version": [
          "2014-06-01"
        ],
        "User-Agent": [
          "Microsoft.WindowsAzure.Management.Storage.StorageManagementClient/2.0.0.0"
        ]
      },
      "ResponseBody": "<StorageService xmlns=\"http://schemas.microsoft.com/windowsazure\" xmlns:i=\"http://www.w3.org/2001/XMLSchema-instance\">\r\n  <Url>https://management.core.windows.net/cca24ec8-99b5-4aa7-9ff6-486e886f304c/services/storageservices/auditcmdlets500</Url>\r\n  <ServiceName>auditcmdlets500</ServiceName>\r\n  <StorageServiceProperties>\r\n    <Description i:nil=\"true\" />\r\n    <Location>West US</Location>\r\n    <Label>YXVkaXRjbWRsZXRzNTAw</Label>\r\n    <Status>Created</Status>\r\n    <Endpoints>\r\n      <Endpoint>https://auditcmdlets500.blob.core.windows.net/</Endpoint>\r\n      <Endpoint>https://auditcmdlets500.queue.core.windows.net/</Endpoint>\r\n      <Endpoint>https://auditcmdlets500.table.core.windows.net/</Endpoint>\r\n    </Endpoints>\r\n    <GeoPrimaryRegion>West US</GeoPrimaryRegion>\r\n    <StatusOfPrimary>Available</StatusOfPrimary>\r\n    <GeoSecondaryRegion>East US</GeoSecondaryRegion>\r\n    <StatusOfSecondary>Available</StatusOfSecondary>\r\n    <CreationTime>2014-09-17T09:11:12Z</CreationTime>\r\n    <CustomDomains />\r\n    <AccountType>Standard_GRS</AccountType>\r\n  </StorageServiceProperties>\r\n  <ExtendedProperties>\r\n    <ExtendedProperty>\r\n      <Name>ResourceGroup</Name>\r\n      <Value>Default-Storage-WestUS</Value>\r\n    </ExtendedProperty>\r\n    <ExtendedProperty>\r\n      <Name>ResourceLocation</Name>\r\n      <Value>West US</Value>\r\n    </ExtendedProperty>\r\n  </ExtendedProperties>\r\n  <Capabilities>\r\n    <Capability>PersistentVMRole</Capability>\r\n  </Capabilities>\r\n</StorageService>",
      "ResponseHeaders": {
        "x-ms-servedbyregion": [
          "ussouth2"
        ],
        "x-ms-request-id": [
          "0d392950711a1eb1a78499ddb2125fbc"
        ],
        "Cache-Control": [
          "no-cache"
        ],
        "Date": [
          "Wed, 17 Sep 2014 09:13:07 GMT"
        ],
        "Server": [
          "1.0.6198.125",
          "(rd_rdfe_stable.140911-0949)",
          "Microsoft-HTTPAPI/2.0"
        ]
      },
      "StatusCode": 200
    },
    {
      "RequestUri": "/cca24ec8-99b5-4aa7-9ff6-486e886f304c/services/storageservices/auditcmdlets500/keys",
      "EncodedRequestUri": "L2NjYTI0ZWM4LTk5YjUtNGFhNy05ZmY2LTQ4NmU4ODZmMzA0Yy9zZXJ2aWNlcy9zdG9yYWdlc2VydmljZXMvYXVkaXRjbWRsZXRzNTAwL2tleXM=",
      "RequestMethod": "GET",
      "RequestBody": "",
      "RequestHeaders": {
        "x-ms-version": [
          "2014-06-01"
        ],
        "User-Agent": [
          "Microsoft.WindowsAzure.Management.Storage.StorageManagementClient/2.0.0.0"
        ]
      },
      "ResponseBody": "<StorageService xmlns=\"http://schemas.microsoft.com/windowsazure\" xmlns:i=\"http://www.w3.org/2001/XMLSchema-instance\">\r\n  <Url>https://management.core.windows.net/cca24ec8-99b5-4aa7-9ff6-486e886f304c/services/storageservices/auditcmdlets500</Url>\r\n  <StorageServiceKeys>\r\n    <Primary>3+EdlJbXrj0szJIWU117bfnWYxEaZ6FwQ79iJKaAVg+8mILt5DmOiP2rhBYztNy4CO7h5EB1CrZl0SB9bICkTg==</Primary>\r\n    <Secondary>mGdcRP4JdsFWFXjCWQCYXbcVzVo2/FcM8aapEB1P581QzZRNSA0aWtVqH6f2YTulgM6B2QpKEi+aaDCYrzSEZw==</Secondary>\r\n  </StorageServiceKeys>\r\n</StorageService>",
      "ResponseHeaders": {
        "x-ms-servedbyregion": [
          "ussouth2"
        ],
        "x-ms-request-id": [
          "4b091353761d100abff3c3d446e0285d"
        ],
        "Cache-Control": [
          "no-cache"
        ],
        "Date": [
          "Wed, 17 Sep 2014 09:13:07 GMT"
        ],
        "Server": [
          "1.0.6198.125",
          "(rd_rdfe_stable.140911-0949)",
          "Microsoft-HTTPAPI/2.0"
        ]
      },
      "StatusCode": 200
    },
    {
      "RequestUri": "/cca24ec8-99b5-4aa7-9ff6-486e886f304c/services/storageservices/auditcmdlets500/keys",
      "EncodedRequestUri": "L2NjYTI0ZWM4LTk5YjUtNGFhNy05ZmY2LTQ4NmU4ODZmMzA0Yy9zZXJ2aWNlcy9zdG9yYWdlc2VydmljZXMvYXVkaXRjbWRsZXRzNTAwL2tleXM=",
      "RequestMethod": "GET",
      "RequestBody": "",
      "RequestHeaders": {
        "x-ms-version": [
          "2014-06-01"
        ],
        "User-Agent": [
          "Microsoft.WindowsAzure.Management.Storage.StorageManagementClient/2.0.0.0"
        ]
      },
      "ResponseBody": "<StorageService xmlns=\"http://schemas.microsoft.com/windowsazure\" xmlns:i=\"http://www.w3.org/2001/XMLSchema-instance\">\r\n  <Url>https://management.core.windows.net/cca24ec8-99b5-4aa7-9ff6-486e886f304c/services/storageservices/auditcmdlets500</Url>\r\n  <StorageServiceKeys>\r\n    <Primary>3+EdlJbXrj0szJIWU117bfnWYxEaZ6FwQ79iJKaAVg+8mILt5DmOiP2rhBYztNy4CO7h5EB1CrZl0SB9bICkTg==</Primary>\r\n    <Secondary>mGdcRP4JdsFWFXjCWQCYXbcVzVo2/FcM8aapEB1P581QzZRNSA0aWtVqH6f2YTulgM6B2QpKEi+aaDCYrzSEZw==</Secondary>\r\n  </StorageServiceKeys>\r\n</StorageService>",
      "ResponseHeaders": {
        "x-ms-servedbyregion": [
          "ussouth2"
        ],
        "x-ms-request-id": [
          "83264910da271e6fbccbad26df321f3b"
        ],
        "Cache-Control": [
          "no-cache"
        ],
        "Date": [
          "Wed, 17 Sep 2014 09:13:18 GMT"
        ],
        "Server": [
          "1.0.6198.125",
          "(rd_rdfe_stable.140911-0949)",
          "Microsoft-HTTPAPI/2.0"
        ]
      },
      "StatusCode": 200
    },
    {
      "RequestUri": "/cca24ec8-99b5-4aa7-9ff6-486e886f304c/services/storageservices/auditcmdlets500/keys",
      "EncodedRequestUri": "L2NjYTI0ZWM4LTk5YjUtNGFhNy05ZmY2LTQ4NmU4ODZmMzA0Yy9zZXJ2aWNlcy9zdG9yYWdlc2VydmljZXMvYXVkaXRjbWRsZXRzNTAwL2tleXM=",
      "RequestMethod": "GET",
      "RequestBody": "",
      "RequestHeaders": {
        "x-ms-version": [
          "2014-06-01"
        ],
        "User-Agent": [
          "Microsoft.WindowsAzure.Management.Storage.StorageManagementClient/2.0.0.0"
        ]
      },
      "ResponseBody": "<StorageService xmlns=\"http://schemas.microsoft.com/windowsazure\" xmlns:i=\"http://www.w3.org/2001/XMLSchema-instance\">\r\n  <Url>https://management.core.windows.net/cca24ec8-99b5-4aa7-9ff6-486e886f304c/services/storageservices/auditcmdlets500</Url>\r\n  <StorageServiceKeys>\r\n    <Primary>3+EdlJbXrj0szJIWU117bfnWYxEaZ6FwQ79iJKaAVg+8mILt5DmOiP2rhBYztNy4CO7h5EB1CrZl0SB9bICkTg==</Primary>\r\n    <Secondary>mGdcRP4JdsFWFXjCWQCYXbcVzVo2/FcM8aapEB1P581QzZRNSA0aWtVqH6f2YTulgM6B2QpKEi+aaDCYrzSEZw==</Secondary>\r\n  </StorageServiceKeys>\r\n</StorageService>",
      "ResponseHeaders": {
        "x-ms-servedbyregion": [
          "ussouth2"
        ],
        "x-ms-request-id": [
          "df4db0a9cc4a1e8c9ad2db2a72c25732"
        ],
        "Cache-Control": [
          "no-cache"
        ],
        "Date": [
          "Wed, 17 Sep 2014 09:13:28 GMT"
        ],
        "Server": [
          "1.0.6198.125",
          "(rd_rdfe_stable.140911-0949)",
          "Microsoft-HTTPAPI/2.0"
        ]
      },
      "StatusCode": 200
    },
    {
      "RequestUri": "/subscriptions/cca24ec8-99b5-4aa7-9ff6-486e886f304c/resourceGroups/sql-audit-cmdlet-test-rg500/providers/Microsoft.Sql/servers/sql-audit-cmdlet-server500/databaseSecurityPolicies/sql-audit-cmdlet-db500?api-version=2014-04-01",
      "EncodedRequestUri": "L3N1YnNjcmlwdGlvbnMvY2NhMjRlYzgtOTliNS00YWE3LTlmZjYtNDg2ZTg4NmYzMDRjL3Jlc291cmNlR3JvdXBzL3NxbC1hdWRpdC1jbWRsZXQtdGVzdC1yZzUwMC9wcm92aWRlcnMvTWljcm9zb2Z0LlNxbC9zZXJ2ZXJzL3NxbC1hdWRpdC1jbWRsZXQtc2VydmVyNTAwL2RhdGFiYXNlU2VjdXJpdHlQb2xpY2llcy9zcWwtYXVkaXQtY21kbGV0LWRiNTAwP2FwaS12ZXJzaW9uPTIwMTQtMDQtMDE=",
      "RequestMethod": "PUT",
      "RequestBody": "{\r\n  \"properties\": {\r\n    \"isAuditingEnabled\": true,\r\n    \"retentionDays\": 90,\r\n    \"isEventTypeDataAccessEnabled\": true,\r\n    \"isEventTypeSchemaChangeEnabled\": true,\r\n    \"isEventTypeDataChangesEnabled\": true,\r\n    \"isEventTypeSecurityExceptionsEnabled\": true,\r\n    \"isEventTypeGrantRevokePermissionsEnabled\": true,\r\n    \"storageAccountName\": \"auditcmdlets500\",\r\n    \"storageAccountKey\": \"3+EdlJbXrj0szJIWU117bfnWYxEaZ6FwQ79iJKaAVg+8mILt5DmOiP2rhBYztNy4CO7h5EB1CrZl0SB9bICkTg==\",\r\n    \"storageTableEndpoint\": \"https://auditcmdlets500.table.core.windows.net/\",\r\n    \"storageAccountResourceGroupName\": \"Default-Storage-WestUS\",\r\n    \"storageAccountSubscriptionId\": \"cca24ec8-99b5-4aa7-9ff6-486e886f304c\",\r\n    \"useServerDefault\": false\r\n  }\r\n}",
      "RequestHeaders": {
        "User-Agent": [
          "Microsoft.Azure.Management.Sql.SqlManagementClient/0.9.0.0"
        ],
        "x-ms-client-session-id": [
          "329c7852-59d1-4b15-9967-12c6b4746c67-2014-09-17 09:13:01Z"
        ],
        "x-ms-client-request-id": [
          "03163215-45f3-4b4b-8196-bfb94d78528b-2014-09-17 09:13:01Z"
        ]
      },
      "ResponseBody": "{\r\n  \"properties\": {\r\n    \"isAuditingEnabled\": true,\r\n    \"retentionDays\": 90,\r\n    \"isEventTypeDataAccessEnabled\": true,\r\n    \"isEventTypeSchemaChangeEnabled\": true,\r\n    \"isEventTypeDataChangesEnabled\": true,\r\n    \"isEventTypeSecurityExceptionsEnabled\": true,\r\n    \"isEventTypeGrantRevokePermissionsEnabled\": true,\r\n    \"storageAccountName\": \"auditcmdlets500\",\r\n    \"storageAccountKey\": \"3+EdlJbXrj0szJIWU117bfnWYxEaZ6FwQ79iJKaAVg+8mILt5DmOiP2rhBYztNy4CO7h5EB1CrZl0SB9bICkTg==\",\r\n    \"storageTableEndpoint\": \"https://auditcmdlets500.table.core.windows.net/\",\r\n    \"storageAccountResourceGroupName\": \"Default-Storage-WestUS\",\r\n    \"storageAccountSubscriptionId\": \"cca24ec8-99b5-4aa7-9ff6-486e886f304c\",\r\n    \"adoNetConnectionString\": null,\r\n    \"odbcConnectionString\": null,\r\n    \"phpConnectionString\": null,\r\n    \"jdbcConnectionString\": null,\r\n    \"proxyDnsName\": null,\r\n    \"useServerDefault\": false\r\n  },\r\n  \"id\": \"/subscriptions/cca24ec8-99b5-4aa7-9ff6-486e886f304c/resourceGroups/sql-audit-cmdlet-test-rg500/providers/Microsoft.Sql/servers/sql-audit-cmdlet-server500/databaseSecurityPolicies/sql-audit-cmdlet-db500\",\r\n  \"name\": \"sql-audit-cmdlet-db500\",\r\n  \"type\": \"Microsoft.Sql/servers/databaseSecurityPolicies\",\r\n  \"location\": null\r\n}",
      "ResponseHeaders": {
        "x-ms-request-id": [
          "47721105-0fcc-40d7-abb1-f700fbb73fd4"
        ],
        "X-Content-Type-Options": [
          "nosniff"
        ],
        "Preference-Applied": [
          "return-content"
        ],
        "DataServiceVersion": [
          "3.0;"
        ],
        "x-ms-ratelimit-remaining-subscription-writes": [
          "1185"
        ],
        "x-ms-correlation-request-id": [
          "357b98f9-a7db-4e54-b3df-145ae9484342"
        ],
        "x-ms-routing-request-id": [
          "WESTEUROPE:20140917T091312Z:357b98f9-a7db-4e54-b3df-145ae9484342"
        ],
        "Strict-Transport-Security": [
          "max-age=31536000; includeSubDomains"
        ],
        "Cache-Control": [
          "no-store, no-cache"
        ],
        "Date": [
          "Wed, 17 Sep 2014 09:13:12 GMT"
        ],
        "Server": [
          "Microsoft-HTTPAPI/2.0"
        ]
      },
      "StatusCode": 200
    },
    {
      "RequestUri": "/subscriptions/cca24ec8-99b5-4aa7-9ff6-486e886f304c/resourceGroups/sql-audit-cmdlet-test-rg500/providers/Microsoft.Sql/servers/sql-audit-cmdlet-server500/databaseSecurityPolicies/sql-audit-cmdlet-db500?api-version=2014-04-01",
      "EncodedRequestUri": "L3N1YnNjcmlwdGlvbnMvY2NhMjRlYzgtOTliNS00YWE3LTlmZjYtNDg2ZTg4NmYzMDRjL3Jlc291cmNlR3JvdXBzL3NxbC1hdWRpdC1jbWRsZXQtdGVzdC1yZzUwMC9wcm92aWRlcnMvTWljcm9zb2Z0LlNxbC9zZXJ2ZXJzL3NxbC1hdWRpdC1jbWRsZXQtc2VydmVyNTAwL2RhdGFiYXNlU2VjdXJpdHlQb2xpY2llcy9zcWwtYXVkaXQtY21kbGV0LWRiNTAwP2FwaS12ZXJzaW9uPTIwMTQtMDQtMDE=",
      "RequestMethod": "PUT",
      "RequestBody": "{\r\n  \"properties\": {\r\n    \"isAuditingEnabled\": true,\r\n    \"retentionDays\": 90,\r\n    \"isEventTypeDataAccessEnabled\": true,\r\n    \"isEventTypeSchemaChangeEnabled\": false,\r\n    \"isEventTypeDataChangesEnabled\": true,\r\n    \"isEventTypeSecurityExceptionsEnabled\": false,\r\n    \"isEventTypeGrantRevokePermissionsEnabled\": true,\r\n    \"storageAccountName\": \"auditcmdlets500\",\r\n    \"storageAccountKey\": \"3+EdlJbXrj0szJIWU117bfnWYxEaZ6FwQ79iJKaAVg+8mILt5DmOiP2rhBYztNy4CO7h5EB1CrZl0SB9bICkTg==\",\r\n    \"storageTableEndpoint\": \"https://auditcmdlets500.table.core.windows.net/\",\r\n    \"storageAccountResourceGroupName\": \"Default-Storage-WestUS\",\r\n    \"storageAccountSubscriptionId\": \"cca24ec8-99b5-4aa7-9ff6-486e886f304c\",\r\n    \"useServerDefault\": false\r\n  }\r\n}",
      "RequestHeaders": {
        "User-Agent": [
          "Microsoft.Azure.Management.Sql.SqlManagementClient/0.9.0.0"
        ],
        "x-ms-client-session-id": [
          "329c7852-59d1-4b15-9967-12c6b4746c67-2014-09-17 09:13:01Z"
        ],
        "x-ms-client-request-id": [
          "5f9f5b5c-18a9-4bf1-be15-ab84ab00e930-2014-09-17 09:13:16Z"
        ]
      },
      "ResponseBody": "{\r\n  \"properties\": {\r\n    \"isAuditingEnabled\": true,\r\n    \"retentionDays\": 90,\r\n    \"isEventTypeDataAccessEnabled\": true,\r\n    \"isEventTypeSchemaChangeEnabled\": false,\r\n    \"isEventTypeDataChangesEnabled\": true,\r\n    \"isEventTypeSecurityExceptionsEnabled\": false,\r\n    \"isEventTypeGrantRevokePermissionsEnabled\": true,\r\n    \"storageAccountName\": \"auditcmdlets500\",\r\n    \"storageAccountKey\": \"3+EdlJbXrj0szJIWU117bfnWYxEaZ6FwQ79iJKaAVg+8mILt5DmOiP2rhBYztNy4CO7h5EB1CrZl0SB9bICkTg==\",\r\n    \"storageTableEndpoint\": \"https://auditcmdlets500.table.core.windows.net/\",\r\n    \"storageAccountResourceGroupName\": \"Default-Storage-WestUS\",\r\n    \"storageAccountSubscriptionId\": \"cca24ec8-99b5-4aa7-9ff6-486e886f304c\",\r\n    \"adoNetConnectionString\": null,\r\n    \"odbcConnectionString\": null,\r\n    \"phpConnectionString\": null,\r\n    \"jdbcConnectionString\": null,\r\n    \"proxyDnsName\": null,\r\n    \"useServerDefault\": false\r\n  },\r\n  \"id\": \"/subscriptions/cca24ec8-99b5-4aa7-9ff6-486e886f304c/resourceGroups/sql-audit-cmdlet-test-rg500/providers/Microsoft.Sql/servers/sql-audit-cmdlet-server500/databaseSecurityPolicies/sql-audit-cmdlet-db500\",\r\n  \"name\": \"sql-audit-cmdlet-db500\",\r\n  \"type\": \"Microsoft.Sql/servers/databaseSecurityPolicies\",\r\n  \"location\": null\r\n}",
      "ResponseHeaders": {
        "x-ms-request-id": [
          "9790f75f-f8b8-4c7e-ba0a-f183b6c9b0a4"
        ],
        "X-Content-Type-Options": [
          "nosniff"
        ],
        "Preference-Applied": [
          "return-content"
        ],
        "DataServiceVersion": [
          "3.0;"
        ],
        "x-ms-ratelimit-remaining-subscription-writes": [
          "1184"
        ],
        "x-ms-correlation-request-id": [
          "873e7146-c9f5-4bd1-844e-a3670ae17acd"
        ],
        "x-ms-routing-request-id": [
          "WESTEUROPE:20140917T091323Z:873e7146-c9f5-4bd1-844e-a3670ae17acd"
        ],
        "Strict-Transport-Security": [
          "max-age=31536000; includeSubDomains"
        ],
        "Cache-Control": [
          "no-store, no-cache"
        ],
        "Date": [
          "Wed, 17 Sep 2014 09:13:23 GMT"
        ],
        "Server": [
          "Microsoft-HTTPAPI/2.0"
        ]
      },
      "StatusCode": 200
    },
    {
      "RequestUri": "/subscriptions/cca24ec8-99b5-4aa7-9ff6-486e886f304c/resourceGroups/sql-audit-cmdlet-test-rg500/providers/Microsoft.Sql/servers/sql-audit-cmdlet-server500/databaseSecurityPolicies/sql-audit-cmdlet-db500?api-version=2014-04-01",
      "EncodedRequestUri": "L3N1YnNjcmlwdGlvbnMvY2NhMjRlYzgtOTliNS00YWE3LTlmZjYtNDg2ZTg4NmYzMDRjL3Jlc291cmNlR3JvdXBzL3NxbC1hdWRpdC1jbWRsZXQtdGVzdC1yZzUwMC9wcm92aWRlcnMvTWljcm9zb2Z0LlNxbC9zZXJ2ZXJzL3NxbC1hdWRpdC1jbWRsZXQtc2VydmVyNTAwL2RhdGFiYXNlU2VjdXJpdHlQb2xpY2llcy9zcWwtYXVkaXQtY21kbGV0LWRiNTAwP2FwaS12ZXJzaW9uPTIwMTQtMDQtMDE=",
      "RequestMethod": "PUT",
      "RequestBody": "{\r\n  \"properties\": {\r\n    \"isAuditingEnabled\": true,\r\n    \"retentionDays\": 90,\r\n    \"isEventTypeDataAccessEnabled\": false,\r\n    \"isEventTypeSchemaChangeEnabled\": false,\r\n    \"isEventTypeDataChangesEnabled\": false,\r\n    \"isEventTypeSecurityExceptionsEnabled\": false,\r\n    \"isEventTypeGrantRevokePermissionsEnabled\": false,\r\n    \"storageAccountName\": \"auditcmdlets500\",\r\n    \"storageAccountKey\": \"3+EdlJbXrj0szJIWU117bfnWYxEaZ6FwQ79iJKaAVg+8mILt5DmOiP2rhBYztNy4CO7h5EB1CrZl0SB9bICkTg==\",\r\n    \"storageTableEndpoint\": \"https://auditcmdlets500.table.core.windows.net/\",\r\n    \"storageAccountResourceGroupName\": \"Default-Storage-WestUS\",\r\n    \"storageAccountSubscriptionId\": \"cca24ec8-99b5-4aa7-9ff6-486e886f304c\",\r\n    \"useServerDefault\": false\r\n  }\r\n}",
      "RequestHeaders": {
        "User-Agent": [
          "Microsoft.Azure.Management.Sql.SqlManagementClient/0.9.0.0"
        ],
        "x-ms-client-session-id": [
          "329c7852-59d1-4b15-9967-12c6b4746c67-2014-09-17 09:13:01Z"
        ],
        "x-ms-client-request-id": [
          "aaa15938-4cb7-480c-a5e7-07e1998fd13b-2014-09-17 09:13:26Z"
        ]
      },
      "ResponseBody": "{\r\n  \"properties\": {\r\n    \"isAuditingEnabled\": true,\r\n    \"retentionDays\": 90,\r\n    \"isEventTypeDataAccessEnabled\": false,\r\n    \"isEventTypeSchemaChangeEnabled\": false,\r\n    \"isEventTypeDataChangesEnabled\": false,\r\n    \"isEventTypeSecurityExceptionsEnabled\": false,\r\n    \"isEventTypeGrantRevokePermissionsEnabled\": false,\r\n    \"storageAccountName\": \"auditcmdlets500\",\r\n    \"storageAccountKey\": \"3+EdlJbXrj0szJIWU117bfnWYxEaZ6FwQ79iJKaAVg+8mILt5DmOiP2rhBYztNy4CO7h5EB1CrZl0SB9bICkTg==\",\r\n    \"storageTableEndpoint\": \"https://auditcmdlets500.table.core.windows.net/\",\r\n    \"storageAccountResourceGroupName\": \"Default-Storage-WestUS\",\r\n    \"storageAccountSubscriptionId\": \"cca24ec8-99b5-4aa7-9ff6-486e886f304c\",\r\n    \"adoNetConnectionString\": null,\r\n    \"odbcConnectionString\": null,\r\n    \"phpConnectionString\": null,\r\n    \"jdbcConnectionString\": null,\r\n    \"proxyDnsName\": null,\r\n    \"useServerDefault\": false\r\n  },\r\n  \"id\": \"/subscriptions/cca24ec8-99b5-4aa7-9ff6-486e886f304c/resourceGroups/sql-audit-cmdlet-test-rg500/providers/Microsoft.Sql/servers/sql-audit-cmdlet-server500/databaseSecurityPolicies/sql-audit-cmdlet-db500\",\r\n  \"name\": \"sql-audit-cmdlet-db500\",\r\n  \"type\": \"Microsoft.Sql/servers/databaseSecurityPolicies\",\r\n  \"location\": null\r\n}",
      "ResponseHeaders": {
        "x-ms-request-id": [
          "a9af10ff-38e0-4f5d-9fe4-9007cc05ea3d"
        ],
        "X-Content-Type-Options": [
          "nosniff"
        ],
        "Preference-Applied": [
          "return-content"
        ],
        "DataServiceVersion": [
          "3.0;"
        ],
        "x-ms-ratelimit-remaining-subscription-writes": [
          "1183"
        ],
        "x-ms-correlation-request-id": [
          "07a7bdc6-1374-40fc-9697-7fb490efec07"
        ],
        "x-ms-routing-request-id": [
          "WESTEUROPE:20140917T091332Z:07a7bdc6-1374-40fc-9697-7fb490efec07"
        ],
        "Strict-Transport-Security": [
          "max-age=31536000; includeSubDomains"
        ],
        "Cache-Control": [
          "no-store, no-cache"
        ],
        "Date": [
          "Wed, 17 Sep 2014 09:13:31 GMT"
        ],
        "Server": [
          "Microsoft-HTTPAPI/2.0"
        ]
      },
      "StatusCode": 200
    },
    {
      "RequestUri": "/cca24ec8-99b5-4aa7-9ff6-486e886f304c/services/storageservices/auditcmdlets500",
      "EncodedRequestUri": "L2NjYTI0ZWM4LTk5YjUtNGFhNy05ZmY2LTQ4NmU4ODZmMzA0Yy9zZXJ2aWNlcy9zdG9yYWdlc2VydmljZXMvYXVkaXRjbWRsZXRzNTAw",
      "RequestMethod": "DELETE",
      "RequestBody": "",
      "RequestHeaders": {
        "x-ms-version": [
          "2014-06-01"
        ],
        "User-Agent": [
          "Microsoft.WindowsAzure.Management.Storage.StorageManagementClient/2.0.0.0"
        ]
      },
      "ResponseBody": "",
      "ResponseHeaders": {
        "x-ms-servedbyregion": [
          "ussouth2"
        ],
        "x-ms-request-id": [
          "02a078b5def11a23a7312a2e94d2a481"
        ],
        "Cache-Control": [
          "no-cache"
        ],
        "Date": [
          "Wed, 17 Sep 2014 09:13:39 GMT"
        ],
        "Server": [
          "1.0.6198.125",
          "(rd_rdfe_stable.140911-0949)",
          "Microsoft-HTTPAPI/2.0"
        ]
      },
      "StatusCode": 200
    },
    {
      "RequestUri": "/cca24ec8-99b5-4aa7-9ff6-486e886f304c/operations/02a078b5def11a23a7312a2e94d2a481",
      "EncodedRequestUri": "L2NjYTI0ZWM4LTk5YjUtNGFhNy05ZmY2LTQ4NmU4ODZmMzA0Yy9vcGVyYXRpb25zLzAyYTA3OGI1ZGVmMTFhMjNhNzMxMmEyZTk0ZDJhNDgx",
      "RequestMethod": "GET",
      "RequestBody": "",
      "RequestHeaders": {
        "x-ms-version": [
          "2014-05-01"
        ],
        "User-Agent": [
          "Microsoft.WindowsAzure.Management.ManagementClient/1.0.0.0",
          "AzurePowershell/v0.8.8"
        ]
      },
      "ResponseBody": "<Operation xmlns=\"http://schemas.microsoft.com/windowsazure\" xmlns:i=\"http://www.w3.org/2001/XMLSchema-instance\">\r\n  <ID>02a078b5-def1-1a23-a731-2a2e94d2a481</ID>\r\n  <Status>Succeeded</Status>\r\n  <HttpStatusCode>200</HttpStatusCode>\r\n</Operation>",
      "ResponseHeaders": {
        "x-ms-servedbyregion": [
          "ussouth2"
        ],
        "x-ms-request-id": [
          "6c7733e6997d18088dda41e0934e7cf0"
        ],
        "Cache-Control": [
          "no-cache"
        ],
        "Date": [
          "Wed, 17 Sep 2014 09:13:40 GMT"
        ],
        "Server": [
          "1.0.6198.125",
          "(rd_rdfe_stable.140911-0949)",
          "Microsoft-HTTPAPI/2.0"
        ]
      },
      "StatusCode": 200
    }
  ],
  "Names": {},
  "Variables": {
    "SubscriptionId": "cca24ec8-99b5-4aa7-9ff6-486e886f304c",
    "UserId": "yrubin@microsoft.com"
  }
}